Product: MDK-ARM Professional 5.10
Component: ARM Compiler 5.04 update 1 (build 49)
Tool: armlink [5040049]

==============================================================================

Section Cross References

    watchmain.o(i.main) refers to _printf_percent.o(.ARM.Collect$$_printf_percent$$00000000) for _printf_percent
    watchmain.o(i.main) refers to _printf_s.o(.ARM.Collect$$_printf_percent$$00000014) for _printf_s
    watchmain.o(i.main) refers to _printf_str.o(.text) for _printf_str
    watchmain.o(i.main) refers to sysctl.o(i.SysCtlClockSet) for SysCtlClockSet
    watchmain.o(i.main) refers to termio.o(i.TERMIO_Init) for TERMIO_Init
    watchmain.o(i.main) refers to puts.o(.text) for puts
    watchmain.o(i.main) refers to noretval__2printf.o(.text) for __2printf
    watchmain.o(i.main) refers to es_framework.o(i.ES_Initialize) for ES_Initialize
    watchmain.o(i.main) refers to es_framework.o(i.ES_Run) for ES_Run
    eventcheckers.o(i.Check4Keystroke) refers to termio.o(i.kbhit) for kbhit
    eventcheckers.o(i.Check4Keystroke) refers to getc.o(.text) for getc
    eventcheckers.o(i.Check4Keystroke) refers to mapkeys.o(i.PostMapKeys) for PostMapKeys
    eventcheckers.o(i.Check4Keystroke) refers to retarget.o(.data) for __stdin
    mapkeys.o(i.InitMapKeys) refers to mapkeys.o(.data) for MyPriority
    mapkeys.o(i.PostMapKeys) refers to es_framework.o(i.ES_PostToService) for ES_PostToService
    mapkeys.o(i.PostMapKeys) refers to mapkeys.o(.data) for MyPriority
    mapkeys.o(i.RunMapKeys) refers to toupper.o(.text) for toupper
    mapkeys.o(i.RunMapKeys) refers to topwatch.o(i.PostMasterSM) for PostMasterSM
    topwatch.o(i.DuringTimeKeeping) refers to es_timers.o(i.ES_Timer_InitTimer) for ES_Timer_InitTimer
    topwatch.o(i.DuringTimeKeeping) refers to timekeeping.o(i.StartTimeKeepingSM) for StartTimeKeepingSM
    topwatch.o(i.DuringTimeKeeping) refers to timekeeping.o(i.RunTimeKeepingSM) for RunTimeKeepingSM
    topwatch.o(i.DuringTimeSetting) refers to timesetting.o(i.StartTimeSettingSM) for StartTimeSettingSM
    topwatch.o(i.DuringTimeSetting) refers to timesetting.o(i.RunTimeSettingSM) for RunTimeSettingSM
    topwatch.o(i.InitMasterSM) refers to topwatch.o(i.StartMasterSM) for StartMasterSM
    topwatch.o(i.InitMasterSM) refers to topwatch.o(.data) for MyPriority
    topwatch.o(i.PostMasterSM) refers to es_framework.o(i.ES_PostToService) for ES_PostToService
    topwatch.o(i.PostMasterSM) refers to topwatch.o(.data) for MyPriority
    topwatch.o(i.RunMasterSM) refers to topwatch.o(i.DuringTimeKeeping) for DuringTimeKeeping
    topwatch.o(i.RunMasterSM) refers to es_timers.o(i.ES_Timer_InitTimer) for ES_Timer_InitTimer
    topwatch.o(i.RunMasterSM) refers to timedisplay.o(i.TickClock) for TickClock
    topwatch.o(i.RunMasterSM) refers to topwatch.o(i.DuringTimeSetting) for DuringTimeSetting
    topwatch.o(i.RunMasterSM) refers to topwatch.o(.data) for CurrentState
    topwatch.o(i.RunMasterSM) refers to topwatch.o(.constdata) for .constdata
    topwatch.o(i.StartMasterSM) refers to topwatch.o(i.RunMasterSM) for RunMasterSM
    topwatch.o(i.StartMasterSM) refers to topwatch.o(.data) for CurrentState
    timekeeping.o(i.DuringDisplayDate) refers to timedisplay.o(i.DisplayDate) for DisplayDate
    timekeeping.o(i.DuringDisplayTime) refers to timedisplay.o(i.DisplayTime) for DisplayTime
    timekeeping.o(i.QueryTimeKeepingSM) refers to timekeeping.o(.data) for CurrentState
    timekeeping.o(i.RunTimeKeepingSM) refers to timekeeping.o(i.DuringDisplayTime) for DuringDisplayTime
    timekeeping.o(i.RunTimeKeepingSM) refers to timekeeping.o(i.DuringDisplayDate) for DuringDisplayDate
    timekeeping.o(i.RunTimeKeepingSM) refers to timekeeping.o(.data) for CurrentState
    timekeeping.o(i.RunTimeKeepingSM) refers to timekeeping.o(.constdata) for .constdata
    timekeeping.o(i.StartTimeKeepingSM) refers to timekeeping.o(i.RunTimeKeepingSM) for RunTimeKeepingSM
    timekeeping.o(i.StartTimeKeepingSM) refers to timekeeping.o(.data) for CurrentState
    timedisplay.o(i.DisplayDate) refers to _printf_pad.o(.text) for _printf_pre_padding
    timedisplay.o(i.DisplayDate) refers to _printf_percent.o(.ARM.Collect$$_printf_percent$$00000000) for _printf_percent
    timedisplay.o(i.DisplayDate) refers to _printf_d.o(.ARM.Collect$$_printf_percent$$00000009) for _printf_d
    timedisplay.o(i.DisplayDate) refers to _printf_dec.o(.text) for _printf_int_dec
    timedisplay.o(i.DisplayDate) refers to noretval__2printf.o(.text) for __2printf
    timedisplay.o(i.DisplayDate) refers to timedisplay.o(.data) for Year
    timedisplay.o(i.DisplayDay) refers to _printf_pad.o(.text) for _printf_pre_padding
    timedisplay.o(i.DisplayDay) refers to _printf_percent.o(.ARM.Collect$$_printf_percent$$00000000) for _printf_percent
    timedisplay.o(i.DisplayDay) refers to _printf_d.o(.ARM.Collect$$_printf_percent$$00000009) for _printf_d
[...]
    defsig_segv_inner.o(.text) refers to defsig_general.o(.text) for __default_signal_display
    defsig_other.o(.text) refers to defsig_general.o(.text) for __default_signal_display


==============================================================================

Removing Unused input sections from the image.

    Removing timekeeping.o(i.QueryTimeKeepingSM), (12 bytes).
    Removing timesetting.o(i.QueryTimeSettingSM), (12 bytes).
    Removing es_deferrecall.o(i.ES_RecallEvents), (46 bytes).
    Removing es_framework.o(i.ES_PostAll), (72 bytes).
    Removing es_framework.o(i.ES_PostToServiceLIFO), (60 bytes).
    Removing es_port.o(i.ConsoleInit), (76 bytes).
    Removing es_port.o(i._HW_GetTickCount), (12 bytes).
    Removing es_postlist.o(i.ES_PostList00), (20 bytes).
    Removing es_postlist.o(i.PostToList), (46 bytes).
    Removing es_postlist.o(.constdata), (8 bytes).
    Removing es_queue.o(i.ES_EnQueueLIFO), (80 bytes).
    Removing es_queue.o(i.ES_IsQueueEmpty), (16 bytes).
    Removing es_timers.o(i.ES_Timer_GetTime), (8 bytes).
    Removing es_timers.o(i.ES_Timer_SetTimer), (40 bytes).
    Removing es_timers.o(i.ES_Timer_StartTimer), (52 bytes).
    Removing es_timers.o(i.ES_Timer_StopTimer), (40 bytes).
    Removing retarget.o(i._ttywrch), (12 bytes).
    Removing uartstdio.o(i.UARTgets), (156 bytes).
    Removing uartstdio.o(i.UARTprintf), (26 bytes).
    Removing uartstdio.o(i.UARTvprintf), (592 bytes).
    Removing uartstdio.o(i.UARTwrite), (64 bytes).
    Removing gpio.o(i.GPIOADCTriggerDisable), (14 bytes).
    Removing gpio.o(i.GPIOADCTriggerEnable), (14 bytes).
    Removing gpio.o(i.GPIODMATriggerDisable), (14 bytes).
    Removing gpio.o(i.GPIODMATriggerEnable), (14 bytes).
    Removing gpio.o(i.GPIODirModeGet), (34 bytes).
    Removing gpio.o(i.GPIOIntClear), (6 bytes).
    Removing gpio.o(i.GPIOIntDisable), (14 bytes).
    Removing gpio.o(i.GPIOIntEnable), (14 bytes).
    Removing gpio.o(i.GPIOIntRegister), (88 bytes).
    Removing gpio.o(i.GPIOIntStatus), (14 bytes).
    Removing gpio.o(i.GPIOIntTypeGet), (68 bytes).
    Removing gpio.o(i.GPIOIntTypeSet), (80 bytes).
    Removing gpio.o(i.GPIOIntUnregister), (88 bytes).
    Removing gpio.o(i.GPIOPadConfigGet), (204 bytes).
    Removing gpio.o(i.GPIOPinRead), (6 bytes).
    Removing gpio.o(i.GPIOPinTypeADC), (28 bytes).
    Removing gpio.o(i.GPIOPinTypeCAN), (28 bytes).
    Removing gpio.o(i.GPIOPinTypeCIR), (28 bytes).
    Removing gpio.o(i.GPIOPinTypeComparator), (28 bytes).
    Removing gpio.o(i.GPIOPinTypeEPI), (28 bytes).
    Removing gpio.o(i.GPIOPinTypeEthernetLED), (28 bytes).
    Removing gpio.o(i.GPIOPinTypeEthernetMII), (28 bytes).
    Removing gpio.o(i.GPIOPinTypeGPIOInput), (28 bytes).
    Removing gpio.o(i.GPIOPinTypeGPIOOutput), (28 bytes).
    Removing gpio.o(i.GPIOPinTypeGPIOOutputOD), (28 bytes).
    Removing gpio.o(i.GPIOPinTypeI2C), (28 bytes).
    Removing gpio.o(i.GPIOPinTypeI2CSCL), (28 bytes).
    Removing gpio.o(i.GPIOPinTypeKBColumn), (28 bytes).
    Removing gpio.o(i.GPIOPinTypeKBRow), (28 bytes).
    Removing gpio.o(i.GPIOPinTypeLCD), (28 bytes).
    Removing gpio.o(i.GPIOPinTypeLEDSeq), (28 bytes).
    Removing gpio.o(i.GPIOPinTypeLPC), (28 bytes).
    Removing gpio.o(i.GPIOPinTypePECIRx), (28 bytes).
    Removing gpio.o(i.GPIOPinTypePECITx), (28 bytes).
    Removing gpio.o(i.GPIOPinTypePWM), (28 bytes).
    Removing gpio.o(i.GPIOPinTypeQEI), (28 bytes).
    Removing gpio.o(i.GPIOPinTypeSSI), (28 bytes).
    Removing gpio.o(i.GPIOPinTypeTimer), (28 bytes).
    Removing gpio.o(i.GPIOPinTypeUSBAnalog), (28 bytes).
    Removing gpio.o(i.GPIOPinTypeUSBDigital), (28 bytes).
    Removing gpio.o(i.GPIOPinTypeWakeHigh), (30 bytes).
    Removing gpio.o(i.GPIOPinTypeWakeLow), (30 bytes).
    Removing gpio.o(i.GPIOPinWakeStatus), (6 bytes).
    Removing gpio.o(i.GPIOPinWrite), (6 bytes).
    Removing interrupt.o(i.IntDisable), (100 bytes).
    Removing interrupt.o(i.IntEnable), (100 bytes).
    Removing interrupt.o(i.IntIsEnabled), (96 bytes).
    Removing interrupt.o(i.IntMasterDisable), (14 bytes).
    Removing interrupt.o(i.IntPendClear), (68 bytes).
    Removing interrupt.o(i.IntPendSet), (84 bytes).
    Removing interrupt.o(i.IntPriorityGet), (28 bytes).
    Removing interrupt.o(i.IntPriorityGroupingGet), (36 bytes).
    Removing interrupt.o(i.IntPriorityGroupingSet), (28 bytes).
    Removing interrupt.o(i.IntPriorityMaskGet), (4 bytes).
    Removing interrupt.o(i.IntPriorityMaskSet), (4 bytes).
    Removing interrupt.o(i.IntPrioritySet), (40 bytes).
    Removing interrupt.o(i.IntRegister), (52 bytes).
    Removing interrupt.o(i.IntTrigger), (12 bytes).
    Removing interrupt.o(i.IntUnregister), (20 bytes).
    Removing interrupt.o(i._IntDefaultHandler), (2 bytes).
    Removing interrupt.o(.constdata), (268 bytes).
    Removing interrupt.o(vtable), (620 bytes).
    Removing sysctl.o(i.SysCtlAltClkConfig), (12 bytes).
    Removing sysctl.o(i.SysCtlClockFreqSet), (712 bytes).
    Removing sysctl.o(i.SysCtlClockGet), (356 bytes).
    Removing sysctl.o(i.SysCtlClockOutConfig), (16 bytes).
    Removing sysctl.o(i.SysCtlDeepSleep), (32 bytes).
    Removing sysctl.o(i.SysCtlDeepSleepClockConfigSet), (112 bytes).
    Removing sysctl.o(i.SysCtlDeepSleepClockSet), (12 bytes).
    Removing sysctl.o(i.SysCtlDeepSleepPowerSet), (12 bytes).
    Removing sysctl.o(i.SysCtlFlashSectorSizeGet), (56 bytes).
    Removing sysctl.o(i.SysCtlFlashSizeGet), (56 bytes).
    Removing sysctl.o(i.SysCtlGPIOAHBDisable), (28 bytes).
    Removing sysctl.o(i.SysCtlGPIOAHBEnable), (24 bytes).
    Removing sysctl.o(i.SysCtlIntClear), (12 bytes).
    Removing sysctl.o(i.SysCtlIntDisable), (16 bytes).
    Removing sysctl.o(i.SysCtlIntEnable), (16 bytes).
    Removing sysctl.o(i.SysCtlIntRegister), (20 bytes).
    Removing sysctl.o(i.SysCtlIntStatus), (16 bytes).
    Removing sysctl.o(i.SysCtlIntUnregister), (18 bytes).
    Removing sysctl.o(i.SysCtlLDODeepSleepGet), (12 bytes).
    Removing sysctl.o(i.SysCtlLDODeepSleepSet), (12 bytes).
    Removing sysctl.o(i.SysCtlLDOSleepGet), (12 bytes).
    Removing sysctl.o(i.SysCtlLDOSleepSet), (12 bytes).
    Removing sysctl.o(i.SysCtlMOSCConfigSet), (12 bytes).
    Removing sysctl.o(i.SysCtlNMIClear), (16 bytes).
    Removing sysctl.o(i.SysCtlNMIStatus), (12 bytes).
    Removing sysctl.o(i.SysCtlPIOSCCalibrate), (76 bytes).
    Removing sysctl.o(i.SysCtlPWMClockGet), (24 bytes).
    Removing sysctl.o(i.SysCtlPWMClockSet), (20 bytes).
    Removing sysctl.o(i.SysCtlPeripheralClockGating), (68 bytes).
    Removing sysctl.o(i.SysCtlPeripheralDeepSleepDisable), (40 bytes).
    Removing sysctl.o(i.SysCtlPeripheralDeepSleepEnable), (40 bytes).
    Removing sysctl.o(i.SysCtlPeripheralDisable), (40 bytes).
    Removing sysctl.o(i.SysCtlPeripheralPowerOff), (40 bytes).
    Removing sysctl.o(i.SysCtlPeripheralPowerOn), (40 bytes).
    Removing sysctl.o(i.SysCtlPeripheralPresent), (44 bytes).
    Removing sysctl.o(i.SysCtlPeripheralReady), (44 bytes).
    Removing sysctl.o(i.SysCtlPeripheralReset), (60 bytes).
    Removing sysctl.o(i.SysCtlPeripheralSleepDisable), (40 bytes).
    Removing sysctl.o(i.SysCtlPeripheralSleepEnable), (40 bytes).
    Removing sysctl.o(i.SysCtlReset), (16 bytes).
    Removing sysctl.o(i.SysCtlResetBehaviorGet), (12 bytes).
    Removing sysctl.o(i.SysCtlResetBehaviorSet), (12 bytes).
    Removing sysctl.o(i.SysCtlResetCauseClear), (16 bytes).
    Removing sysctl.o(i.SysCtlResetCauseGet), (12 bytes).
    Removing sysctl.o(i.SysCtlSRAMSizeGet), (16 bytes).
    Removing sysctl.o(i.SysCtlSleep), (4 bytes).
    Removing sysctl.o(i.SysCtlSleepPowerSet), (12 bytes).
    Removing sysctl.o(i.SysCtlUSBPLLDisable), (16 bytes).
    Removing sysctl.o(i.SysCtlUSBPLLEnable), (16 bytes).
    Removing sysctl.o(i.SysCtlVoltageEventClear), (16 bytes).
    Removing sysctl.o(i.SysCtlVoltageEventConfig), (12 bytes).
    Removing sysctl.o(i.SysCtlVoltageEventStatus), (12 bytes).
    Removing sysctl.o(.constdata), (452 bytes).
    Removing systick.o(i.SysTickDisable), (14 bytes).
    Removing systick.o(i.SysTickIntDisable), (14 bytes).
    Removing systick.o(i.SysTickIntRegister), (24 bytes).
    Removing systick.o(i.SysTickIntUnregister), (18 bytes).
    Removing systick.o(i.SysTickPeriodGet), (10 bytes).
    Removing systick.o(i.SysTickValueGet), (8 bytes).
    Removing uart.o(i.UART9BitAddrSend), (38 bytes).
    Removing uart.o(i.UART9BitAddrSet), (10 bytes).
    Removing uart.o(i.UART9BitDisable), (14 bytes).
    Removing uart.o(i.UART9BitEnable), (14 bytes).
    Removing uart.o(i.UARTBreakCtl), (18 bytes).
    Removing uart.o(i.UARTBusy), (8 bytes).
    Removing uart.o(i.UARTCharGet), (12 bytes).
    Removing uart.o(i.UARTCharGetNonBlocking), (16 bytes).
    Removing uart.o(i.UARTCharPutNonBlocking), (16 bytes).
    Removing uart.o(i.UARTCharsAvail), (10 bytes).
    Removing uart.o(i.UARTClockSourceGet), (6 bytes).
    Removing uart.o(i.UARTConfigGetExpClk), (46 bytes).
    Removing uart.o(i.UARTConfigSetExpClk), (110 bytes).
    Removing uart.o(i.UARTDMADisable), (10 bytes).
    Removing uart.o(i.UARTDMAEnable), (8 bytes).
    Removing uart.o(i.UARTDisable), (30 bytes).
    Removing uart.o(i.UARTDisableSIR), (10 bytes).
    Removing uart.o(i.UARTEnable), (20 bytes).
    Removing uart.o(i.UARTEnableSIR), (18 bytes).
    Removing uart.o(i.UARTFIFODisable), (10 bytes).
    Removing uart.o(i.UARTFIFOEnable), (10 bytes).
    Removing uart.o(i.UARTFIFOLevelGet), (16 bytes).
    Removing uart.o(i.UARTFIFOLevelSet), (6 bytes).
    Removing uart.o(i.UARTFlowControlGet), (8 bytes).
    Removing uart.o(i.UARTFlowControlSet), (12 bytes).
    Removing uart.o(i.UARTIntClear), (4 bytes).
    Removing uart.o(i.UARTIntDisable), (10 bytes).
    Removing uart.o(i.UARTIntEnable), (8 bytes).
    Removing uart.o(i.UARTIntRegister), (88 bytes).
    Removing uart.o(i.UARTIntStatus), (10 bytes).
    Removing uart.o(i.UARTIntUnregister), (88 bytes).
    Removing uart.o(i.UARTModemControlClear), (14 bytes).
    Removing uart.o(i.UARTModemControlGet), (8 bytes).
    Removing uart.o(i.UARTModemControlSet), (12 bytes).
    Removing uart.o(i.UARTModemStatusGet), (10 bytes).
    Removing uart.o(i.UARTParityModeGet), (8 bytes).
    Removing uart.o(i.UARTParityModeSet), (12 bytes).
    Removing uart.o(i.UARTRxErrorClear), (6 bytes).
    Removing uart.o(i.UARTRxErrorGet), (8 bytes).
    Removing uart.o(i.UARTSmartCardDisable), (10 bytes).
    Removing uart.o(i.UARTSmartCardEnable), (22 bytes).
    Removing uart.o(i.UARTSpaceAvail), (10 bytes).
    Removing uart.o(i.UARTTxIntModeGet), (8 bytes).
    Removing uart.o(i.UARTTxIntModeSet), (12 bytes).
    Removing uart.o(.constdata), (128 bytes).

187 unused section(s) (total 8364 bytes) removed from the image.

==============================================================================

Image Symbol Table

    Local Symbols

    Symbol Name                              Value     Ov Type        Size  Object(Section)

    RESET                                    0x00000000   Section      648  startup_rvmdk.o(RESET)
    ../clib/angel/boardlib.s                 0x00000000   Number         0  boardshut.o ABSOLUTE
    ../clib/angel/boardlib.s                 0x00000000   Number         0  boardinit3.o ABSOLUTE
    ../clib/angel/boardlib.s                 0x00000000   Number         0  boardinit1.o ABSOLUTE
    ../clib/angel/boardlib.s                 0x00000000   Number         0  boardinit2.o ABSOLUTE
    ../clib/angel/handlers.s                 0x00000000   Number         0  __scatter_copy.o ABSOLUTE
    ../clib/angel/handlers.s                 0x00000000   Number         0  __scatter_zi.o ABSOLUTE
    ../clib/angel/kernel.s                   0x00000000   Number         0  rtexit.o ABSOLUTE
    ../clib/angel/kernel.s                   0x00000000   Number         0  rtentry.o ABSOLUTE
    ../clib/angel/kernel.s                   0x00000000   Number         0  rtexit2.o ABSOLUTE
    ../clib/angel/kernel.s                   0x00000000   Number         0  rtentry2.o ABSOLUTE
    ../clib/angel/kernel.s                   0x00000000   Number         0  rtentry4.o ABSOLUTE
    ../clib/angel/rt.s                       0x00000000   Number         0  rt_ctype_table.o ABSOLUTE
    ../clib/angel/rt.s                       0x00000000   Number         0  rt_locale.o ABSOLUTE
    ../clib/angel/rt.s                       0x00000000   Number         0  rt_locale_intlibspace.o ABSOLUTE
    ../clib/angel/rt.s                       0x00000000   Number         0  rt_raise.o ABSOLUTE
    ../clib/angel/scatter.s                  0x00000000   Number         0  __scatter.o ABSOLUTE
    ../clib/angel/startup.s                  0x00000000   Number         0  __main.o ABSOLUTE
    ../clib/angel/sys.s                      0x00000000   Number         0  libspace.o ABSOLUTE
    ../clib/angel/sys.s                      0x00000000   Number         0  indicate_semi.o ABSOLUTE
    ../clib/angel/sys.s                      0x00000000   Number         0  use_no_semi.o ABSOLUTE
    ../clib/angel/sys.s                      0x00000000   Number         0  sys_stackheap_outer.o ABSOLUTE
    ../clib/angel/sysapp.c                   0x00000000   Number         0  sys_command.o ABSOLUTE
    ../clib/armsys.c                         0x00000000   Number         0  argv_veneer.o ABSOLUTE
    ../clib/armsys.c                         0x00000000   Number         0  _get_argv_nomalloc.o ABSOLUTE
    ../clib/armsys.c                         0x00000000   Number         0  no_argv.o ABSOLUTE
    ../clib/armsys.c                         0x00000000   Number         0  argv_veneer.o ABSOLUTE
    ../clib/ctype.c                          0x00000000   Number         0  toupper.o ABSOLUTE
    ../clib/heapalloc.c                      0x00000000   Number         0  hrguard.o ABSOLUTE
    ../clib/heapaux.c                        0x00000000   Number         0  heapauxi.o ABSOLUTE
    ../clib/libinit.s                        0x00000000   Number         0  libinit.o ABSOLUTE
    ../clib/libinit.s                        0x00000000   Number         0  libshutdown.o ABSOLUTE
    ../clib/libinit.s                        0x00000000   Number         0  libinit2.o ABSOLUTE
    ../clib/libinit.s                        0x00000000   Number         0  libshutdown2.o ABSOLUTE
    ../clib/locale.s                         0x00000000   Number         0  lc_ctype_c.o ABSOLUTE
    ../clib/memcpset.s                       0x00000000   Number         0  strcmpv7m.o ABSOLUTE
    ../clib/misc.s                           0x00000000   Number         0  printf_stubs.o ABSOLUTE
    ../clib/printf.c                         0x00000000   Number         0  __printf_flags_ss.o ABSOLUTE
    ../clib/printf.c                         0x00000000   Number         0  __printf_wp.o ABSOLUTE
    ../clib/printf.c                         0x00000000   Number         0  _printf_pad.o ABSOLUTE
    ../clib/printf.c                         0x00000000   Number         0  __printf.o ABSOLUTE
    ../clib/printf.c                         0x00000000   Number         0  _printf_str.o ABSOLUTE
    ../clib/printf.c                         0x00000000   Number         0  __printf_flags_wp.o ABSOLUTE
    ../clib/printf.c                         0x00000000   Number         0  __printf_ss_wp.o ABSOLUTE
    ../clib/printf.c                         0x00000000   Number         0  _printf_dec.o ABSOLUTE
    ../clib/printf.c                         0x00000000   Number         0  __printf_nopercent.o ABSOLUTE
    ../clib/printf.c                         0x00000000   Number         0  noretval__2printf.o ABSOLUTE
    ../clib/printf.c                         0x00000000   Number         0  __printf_flags.o ABSOLUTE
    ../clib/printf.c                         0x00000000   Number         0  __printf_flags_ss_wp.o ABSOLUTE
    ../clib/printf.c                         0x00000000   Number         0  _printf_char_common.o ABSOLUTE
    ../clib/printf.c                         0x00000000   Number         0  __2printf.o ABSOLUTE
    ../clib/printf.c                         0x00000000   Number         0  _printf_char_file.o ABSOLUTE
    ../clib/printf.c                         0x00000000   Number         0  _printf_char.o ABSOLUTE
    ../clib/printf.c                         0x00000000   Number         0  _printf_intcommon.o ABSOLUTE
    ../clib/printf.c                         0x00000000   Number         0  __printf_ss.o ABSOLUTE
    ../clib/printf_percent.s                 0x00000000   Number         0  _printf_s.o ABSOLUTE
    ../clib/printf_percent.s                 0x00000000   Number         0  _printf_d.o ABSOLUTE
    ../clib/printf_percent.s                 0x00000000   Number         0  _printf_percent_end.o ABSOLUTE
    ../clib/printf_percent.s                 0x00000000   Number         0  _printf_percent.o ABSOLUTE
    ../clib/signal.c                         0x00000000   Number         0  defsig_rtred_inner.o ABSOLUTE
    ../clib/signal.c                         0x00000000   Number         0  defsig_fpe_inner.o ABSOLUTE
    ../clib/signal.c                         0x00000000   Number         0  defsig_abrt_inner.o ABSOLUTE
    ../clib/signal.c                         0x00000000   Number         0  defsig_general.o ABSOLUTE
    ../clib/signal.c                         0x00000000   Number         0  __raise.o ABSOLUTE
    ../clib/signal.c                         0x00000000   Number         0  defsig_rtmem_inner.o ABSOLUTE
    ../clib/signal.c                         0x00000000   Number         0  defsig_exit.o ABSOLUTE
    ../clib/signal.c                         0x00000000   Number         0  defsig_rtmem_formal.o ABSOLUTE
    ../clib/signal.c                         0x00000000   Number         0  defsig_rtmem_outer.o ABSOLUTE
    ../clib/signal.c                         0x00000000   Number         0  defsig_pvfn_inner.o ABSOLUTE
    ../clib/signal.c                         0x00000000   Number         0  defsig_other.o ABSOLUTE
    ../clib/signal.c                         0x00000000   Number         0  defsig_segv_inner.o ABSOLUTE
    ../clib/signal.c                         0x00000000   Number         0  defsig_cppl_inner.o ABSOLUTE
    ../clib/signal.c                         0x00000000   Number         0  defsig_stak_inner.o ABSOLUTE
    ../clib/signal.s                         0x00000000   Number         0  defsig.o ABSOLUTE
    ../clib/stdio.c                          0x00000000   Number         0  getc.o ABSOLUTE
    ../clib/stdio.c                          0x00000000   Number         0  puts.o ABSOLUTE
    ../clib/stdlib.c                         0x00000000   Number         0  exit.o ABSOLUTE
    ../fplib/fpinit.s                        0x00000000   Number         0  fpinit.o ABSOLUTE
    Source\ES_CheckEvents.c                  0x00000000   Number         0  es_checkevents.o ABSOLUTE
    Source\ES_DeferRecall.c                  0x00000000   Number         0  es_deferrecall.o ABSOLUTE
    Source\ES_Framework.c                    0x00000000   Number         0  es_framework.o ABSOLUTE
    Source\ES_LookupTables.c                 0x00000000   Number         0  es_lookuptables.o ABSOLUTE
    Source\ES_Port.c                         0x00000000   Number         0  es_port.o ABSOLUTE
    Source\ES_PostList.c                     0x00000000   Number         0  es_postlist.o ABSOLUTE
    Source\ES_Queue.c                        0x00000000   Number         0  es_queue.o ABSOLUTE
    Source\ES_Timers.c                       0x00000000   Number         0  es_timers.o ABSOLUTE
    Source\EventCheckers.c                   0x00000000   Number         0  eventcheckers.o ABSOLUTE
    Source\MapKeys.c                         0x00000000   Number         0  mapkeys.o ABSOLUTE
    Source\TimeDisplay.c                     0x00000000   Number         0  timedisplay.o ABSOLUTE
    Source\TimeKeeping.c                     0x00000000   Number         0  timekeeping.o ABSOLUTE
    Source\TimeSetting.c                     0x00000000   Number         0  timesetting.o ABSOLUTE
    Source\TopWatch.c                        0x00000000   Number         0  topwatch.o ABSOLUTE
    Source\WatchMain.c                       0x00000000   Number         0  watchmain.o ABSOLUTE
    Source\retarget.c                        0x00000000   Number         0  retarget.o ABSOLUTE
    Source\termio.c                          0x00000000   Number         0  termio.o ABSOLUTE
    Source\uartstdio.c                       0x00000000   Number         0  uartstdio.o ABSOLUTE
    StartUp\startup_rvmdk.S                  0x00000000   Number         0  startup_rvmdk.o ABSOLUTE
    cpu.c                                    0x00000000   Number         0  cpu.o ABSOLUTE
    cpu.c                                    0x00000000   Number         0  cpu.o ABSOLUTE
    dc.s                                     0x00000000   Number         0  dc.o ABSOLUTE
    gpio.c                                   0x00000000   Number         0  gpio.o ABSOLUTE
    interrupt.c                              0x00000000   Number         0  interrupt.o ABSOLUTE
    sysctl.c                                 0x00000000   Number         0  sysctl.o ABSOLUTE
    sysctl.c                                 0x00000000   Number         0  sysctl.o ABSOLUTE
    systick.c                                0x00000000   Number         0  systick.o ABSOLUTE
    uart.c                                   0x00000000   Number         0  uart.o ABSOLUTE
    $v0                                      0x0000026c   Number         0  startup_rvmdk.o(RESET)
    NmiSR                                    0x00000281   Thumb Code     0  startup_rvmdk.o(RESET)
    FaultISR                                 0x00000283   Thumb Code     0  startup_rvmdk.o(RESET)
    IntDefaultHandler                        0x00000285   Thumb Code     0  startup_rvmdk.o(RESET)
    !!!main                                  0x00000288   Section        8  __main.o(!!!main)
    !!!scatter                               0x00000290   Section       52  __scatter.o(!!!scatter)
    !!handler_copy                           0x000002c4   Section       26  __scatter_copy.o(!!handler_copy)
    !!handler_zi                             0x000002e0   Section       28  __scatter_zi.o(!!handler_zi)
    .ARM.Collect$$_printf_percent$$00000000  0x000002fc   Section        0  _printf_percent.o(.ARM.Collect$$_printf_percent$$00000000)
    .ARM.Collect$$_printf_percent$$00000009  0x000002fc   Section        6  _printf_d.o(.ARM.Collect$$_printf_percent$$00000009)
    .ARM.Collect$$_printf_percent$$00000014  0x00000302   Section        6  _printf_s.o(.ARM.Collect$$_printf_percent$$00000014)
    .ARM.Collect$$_printf_percent$$00000017  0x00000308   Section        4  _printf_percent_end.o(.ARM.Collect$$_printf_percent$$00000017)
    .ARM.Collect$$libinit$$00000000          0x0000030c   Section        2  libinit.o(.ARM.Collect$$libinit$$00000000)
    .ARM.Collect$$libinit$$00000001          0x0000030e   Section        4  libinit2.o(.ARM.Collect$$libinit$$00000001)
    .ARM.Collect$$libinit$$00000008          0x00000312   Section        0  libinit2.o(.ARM.Collect$$libinit$$00000008)
    .ARM.Collect$$libinit$$0000000A          0x00000312   Section        0  libinit2.o(.ARM.Collect$$libinit$$0000000A)
    .ARM.Collect$$libinit$$0000000C          0x00000312   Section        0  libinit2.o(.ARM.Collect$$libinit$$0000000C)
    .ARM.Collect$$libinit$$0000000D          0x00000312   Section        6  libinit2.o(.ARM.Collect$$libinit$$0000000D)
    .ARM.Collect$$libinit$$0000000F          0x00000318   Section        0  libinit2.o(.ARM.Collect$$libinit$$0000000F)
    .ARM.Collect$$libinit$$00000010          0x00000318   Section       12  libinit2.o(.ARM.Collect$$libinit$$00000010)
    .ARM.Collect$$libinit$$00000011          0x00000324   Section        0  libinit2.o(.ARM.Collect$$libinit$$00000011)
    .ARM.Collect$$libinit$$00000013          0x00000324   Section        0  libinit2.o(.ARM.Collect$$libinit$$00000013)
    .ARM.Collect$$libinit$$00000015          0x00000324   Section        0  libinit2.o(.ARM.Collect$$libinit$$00000015)
    .ARM.Collect$$libinit$$00000017          0x00000324   Section        0  libinit2.o(.ARM.Collect$$libinit$$00000017)
    .ARM.Collect$$libinit$$00000019          0x00000324   Section        0  libinit2.o(.ARM.Collect$$libinit$$00000019)
    .ARM.Collect$$libinit$$0000001B          0x00000324   Section        0  libinit2.o(.ARM.Collect$$libinit$$0000001B)
    .ARM.Collect$$libinit$$0000001D          0x00000324   Section        0  libinit2.o(.ARM.Collect$$libinit$$0000001D)
    .ARM.Collect$$libinit$$0000001F          0x00000324   Section        0  libinit2.o(.ARM.Collect$$libinit$$0000001F)
    .ARM.Collect$$libinit$$00000021          0x00000324   Section        0  libinit2.o(.ARM.Collect$$libinit$$00000021)
    .ARM.Collect$$libinit$$00000023          0x00000324   Section        0  libinit2.o(.ARM.Collect$$libinit$$00000023)
    .ARM.Collect$$libinit$$0000002A          0x00000324   Section        0  libinit2.o(.ARM.Collect$$libinit$$0000002A)
    .ARM.Collect$$libinit$$0000002C          0x00000324   Section        0  libinit2.o(.ARM.Collect$$libinit$$0000002C)
    .ARM.Collect$$libinit$$0000002E          0x00000324   Section        0  libinit2.o(.ARM.Collect$$libinit$$0000002E)
    .ARM.Collect$$libinit$$00000030          0x00000324   Section        0  libinit2.o(.ARM.Collect$$libinit$$00000030)
    .ARM.Collect$$libinit$$00000031          0x00000324   Section        2  libinit2.o(.ARM.Collect$$libinit$$00000031)
    .ARM.Collect$$libshutdown$$00000000      0x00000326   Section        2  libshutdown.o(.ARM.Collect$$libshutdown$$00000000)
    .ARM.Collect$$libshutdown$$00000003      0x00000328   Section        0  libshutdown2.o(.ARM.Collect$$libshutdown$$00000003)
    .ARM.Collect$$libshutdown$$00000006      0x00000328   Section        0  libshutdown2.o(.ARM.Collect$$libshutdown$$00000006)
    .ARM.Collect$$libshutdown$$00000009      0x00000328   Section        0  libshutdown2.o(.ARM.Collect$$libshutdown$$00000009)
    .ARM.Collect$$libshutdown$$0000000B      0x00000328   Section        0  libshutdown2.o(.ARM.Collect$$libshutdown$$0000000B)
    .ARM.Collect$$libshutdown$$0000000E      0x00000328   Section        0  libshutdown2.o(.ARM.Collect$$libshutdown$$0000000E)
    .ARM.Collect$$libshutdown$$0000000F      0x00000328   Section        2  libshutdown2.o(.ARM.Collect$$libshutdown$$0000000F)
    .ARM.Collect$$rtentry$$00000000          0x0000032a   Section        0  rtentry.o(.ARM.Collect$$rtentry$$00000000)
    .ARM.Collect$$rtentry$$00000002          0x0000032a   Section        0  rtentry2.o(.ARM.Collect$$rtentry$$00000002)
    .ARM.Collect$$rtentry$$00000004          0x0000032a   Section        6  rtentry4.o(.ARM.Collect$$rtentry$$00000004)
    .ARM.Collect$$rtentry$$00000009          0x00000330   Section        0  rtentry2.o(.ARM.Collect$$rtentry$$00000009)
    .ARM.Collect$$rtentry$$0000000A          0x00000330   Section        4  rtentry2.o(.ARM.Collect$$rtentry$$0000000A)
    .ARM.Collect$$rtentry$$0000000C          0x00000334   Section        0  rtentry2.o(.ARM.Collect$$rtentry$$0000000C)
    .ARM.Collect$$rtentry$$0000000D          0x00000334   Section        8  rtentry2.o(.ARM.Collect$$rtentry$$0000000D)
    .ARM.Collect$$rtexit$$00000000           0x0000033c   Section        2  rtexit.o(.ARM.Collect$$rtexit$$00000000)
    .ARM.Collect$$rtexit$$00000002           0x0000033e   Section        0  rtexit2.o(.ARM.Collect$$rtexit$$00000002)
    .ARM.Collect$$rtexit$$00000003           0x0000033e   Section        4  rtexit2.o(.ARM.Collect$$rtexit$$00000003)
    .ARM.Collect$$rtexit$$00000004           0x00000342   Section        6  rtexit2.o(.ARM.Collect$$rtexit$$00000004)
    .emb_text                                0x00000348   Section        6  sysctl.o(.emb_text)
    $v0                                      0x00000348   Number         0  sysctl.o(.emb_text)
    .emb_text                                0x00000350   Section       38  cpu.o(.emb_text)
    $v0                                      0x00000350   Number         0  cpu.o(.emb_text)
    .text                                    0x00000378   Section       24  startup_rvmdk.o(.text)
    $v0                                      0x00000378   Number         0  startup_rvmdk.o(.text)
    .text                                    0x00000390   Section        2  use_no_semi.o(.text)
    .text                                    0x00000392   Section        0  toupper.o(.text)
    .text                                    0x000003b0   Section        0  noretval__2printf.o(.text)
    .text                                    0x000003c8   Section        0  _printf_pad.o(.text)
    .text                                    0x00000416   Section        0  _printf_str.o(.text)
    .text                                    0x00000468   Section        0  _printf_dec.o(.text)
    .text                                    0x000004dc   Section        0  __printf_flags_wp.o(.text)
    .text                                    0x00000614   Section        0  getc.o(.text)
    .text                                    0x00000618   Section        0  puts.o(.text)
    .text                                    0x00000644   Section        0  heapauxi.o(.text)
    .text                                    0x0000064c   Section       16  rt_ctype_table.o(.text)
    .text                                    0x0000065c   Section        0  _printf_intcommon.o(.text)
    .text                                    0x0000070e   Section        0  _printf_char.o(.text)
    .text                                    0x0000073c   Section        0  _printf_char_file.o(.text)
    .text                                    0x00000760   Section        8  rt_locale_intlibspace.o(.text)
    .text                                    0x00000768   Section        0  _printf_char_common.o(.text)
    _printf_input_char                       0x00000769   Thumb Code    10  _printf_char_common.o(.text)
    .text                                    0x00000798   Section        8  libspace.o(.text)
    .text                                    0x000007a0   Section       74  sys_stackheap_outer.o(.text)
    .text                                    0x000007ea   Section        0  exit.o(.text)
    .text                                    0x000007f8   Section      128  strcmpv7m.o(.text)
    i.CPUgetPRIMASK_cpsid                    0x00000878   Section        0  es_port.o(i.CPUgetPRIMASK_cpsid)
    i.CPUsetPRIMASK                          0x00000880   Section        0  es_port.o(i.CPUsetPRIMASK)
    i.Check4Keystroke                        0x00000888   Section        0  eventcheckers.o(i.Check4Keystroke)
    i.DisplayDate                            0x000008b4   Section        0  timedisplay.o(i.DisplayDate)
    i.DisplayDay                             0x000008e8   Section        0  timedisplay.o(i.DisplayDay)
    i.DisplayHour                            0x0000090c   Section        0  timedisplay.o(i.DisplayHour)
    i.DisplayMinute                          0x00000930   Section        0  timedisplay.o(i.DisplayMinute)
    i.DisplayMonth                           0x00000954   Section        0  timedisplay.o(i.DisplayMonth)
    i.DisplaySeconds                         0x00000978   Section        0  timedisplay.o(i.DisplaySeconds)
    i.DisplayTime                            0x0000099c   Section        0  timedisplay.o(i.DisplayTime)
    i.DisplayYear                            0x000009f0   Section        0  timedisplay.o(i.DisplayYear)
    i.DuringDisplayDate                      0x00000a10   Section        0  timekeeping.o(i.DuringDisplayDate)
    DuringDisplayDate                        0x00000a11   Thumb Code    36  timekeeping.o(i.DuringDisplayDate)
    i.DuringDisplayTime                      0x00000a34   Section        0  timekeeping.o(i.DuringDisplayTime)
    DuringDisplayTime                        0x00000a35   Thumb Code    36  timekeeping.o(i.DuringDisplayTime)
    i.DuringSetDay                           0x00000a58   Section        0  timesetting.o(i.DuringSetDay)
    DuringSetDay                             0x00000a59   Thumb Code    36  timesetting.o(i.DuringSetDay)
    i.DuringSetHour                          0x00000a7c   Section        0  timesetting.o(i.DuringSetHour)
    DuringSetHour                            0x00000a7d   Thumb Code    36  timesetting.o(i.DuringSetHour)
    i.DuringSetMin                           0x00000aa0   Section        0  timesetting.o(i.DuringSetMin)
    DuringSetMin                             0x00000aa1   Thumb Code    36  timesetting.o(i.DuringSetMin)
    i.DuringSetMonth                         0x00000ac4   Section        0  timesetting.o(i.DuringSetMonth)
    DuringSetMonth                           0x00000ac5   Thumb Code    36  timesetting.o(i.DuringSetMonth)
    i.DuringSetSec                           0x00000ae8   Section        0  timesetting.o(i.DuringSetSec)
    DuringSetSec                             0x00000ae9   Thumb Code    36  timesetting.o(i.DuringSetSec)
    i.DuringSetYear                          0x00000b0c   Section        0  timesetting.o(i.DuringSetYear)
    DuringSetYear                            0x00000b0d   Thumb Code    36  timesetting.o(i.DuringSetYear)
    i.DuringTimeKeeping                      0x00000b30   Section        0  topwatch.o(i.DuringTimeKeeping)
    DuringTimeKeeping                        0x00000b31   Thumb Code    70  topwatch.o(i.DuringTimeKeeping)
    i.DuringTimeSetting                      0x00000b76   Section        0  topwatch.o(i.DuringTimeSetting)
    DuringTimeSetting                        0x00000b77   Thumb Code    62  topwatch.o(i.DuringTimeSetting)
    i.ES_CheckUserEvents                     0x00000bb4   Section        0  es_checkevents.o(i.ES_CheckUserEvents)
    i.ES_DeQueue                             0x00000be4   Section        0  es_queue.o(i.ES_DeQueue)
    i.ES_EnQueueFIFO                         0x00000c48   Section        0  es_queue.o(i.ES_EnQueueFIFO)
    i.ES_GetMSBitSet                         0x00000c94   Section        0  es_lookuptables.o(i.ES_GetMSBitSet)
    i.ES_InitQueue                           0x00000cc8   Section        0  es_queue.o(i.ES_InitQueue)
    i.ES_Initialize                          0x00000cdc   Section        0  es_framework.o(i.ES_Initialize)
    i.ES_PostToService                       0x00000d38   Section        0  es_framework.o(i.ES_PostToService)
    i.ES_Run                                 0x00000d74   Section        0  es_framework.o(i.ES_Run)
    i.ES_Timer_Init                          0x00000de8   Section        0  es_timers.o(i.ES_Timer_Init)
    i.ES_Timer_InitTimer                     0x00000df4   Section        0  es_timers.o(i.ES_Timer_InitTimer)
    i.ES_Timer_Tick_Resp                     0x00000e34   Section        0  es_timers.o(i.ES_Timer_Tick_Resp)
    i.GPIODirModeSet                         0x00000ed8   Section        0  gpio.o(i.GPIODirModeSet)
    i.GPIOPadConfigSet                       0x00000f00   Section        0  gpio.o(i.GPIOPadConfigSet)
    i.GPIOPinConfigure                       0x0000103c   Section        0  gpio.o(i.GPIOPinConfigure)
    i.GPIOPinTypeUART                        0x00001084   Section        0  gpio.o(i.GPIOPinTypeUART)
    i.IncrementDays                          0x000010a0   Section        0  timedisplay.o(i.IncrementDays)
    i.IncrementHours                         0x000010f0   Section        0  timedisplay.o(i.IncrementHours)
    i.IncrementMinutes                       0x0000112c   Section        0  timedisplay.o(i.IncrementMinutes)
    i.IncrementMonths                        0x0000114c   Section        0  timedisplay.o(i.IncrementMonths)
    i.IncrementSeconds                       0x0000116c   Section        0  timedisplay.o(i.IncrementSeconds)
    i.IncrementYears                         0x0000118c   Section        0  timedisplay.o(i.IncrementYears)
    i.InitMapKeys                            0x0000119c   Section        0  mapkeys.o(i.InitMapKeys)
    i.InitMasterSM                           0x000011ac   Section        0  topwatch.o(i.InitMasterSM)
    i.IntMasterEnable                        0x000011c8   Section        0  interrupt.o(i.IntMasterEnable)
    i.PostMapKeys                            0x000011d8   Section        0  mapkeys.o(i.PostMapKeys)
    i.PostMasterSM                           0x000011ec   Section        0  topwatch.o(i.PostMasterSM)
    i.RunMapKeys                             0x00001200   Section        0  mapkeys.o(i.RunMapKeys)
    i.RunMasterSM                            0x00001260   Section        0  topwatch.o(i.RunMasterSM)
    i.RunTimeKeepingSM                       0x00001304   Section        0  timekeeping.o(i.RunTimeKeepingSM)
    i.RunTimeSettingSM                       0x00001394   Section        0  timesetting.o(i.RunTimeSettingSM)
    i.StartMasterSM                          0x00001510   Section        0  topwatch.o(i.StartMasterSM)
    i.StartTimeKeepingSM                     0x00001528   Section        0  timekeeping.o(i.StartTimeKeepingSM)
    i.StartTimeSettingSM                     0x00001548   Section        0  timesetting.o(i.StartTimeSettingSM)
    i.SysCtlClockSet                         0x00001560   Section        0  sysctl.o(i.SysCtlClockSet)
    i.SysCtlPeripheralEnable                 0x00001680   Section        0  sysctl.o(i.SysCtlPeripheralEnable)
    i.SysTickEnable                          0x000016a8   Section        0  systick.o(i.SysTickEnable)
    i.SysTickIntEnable                       0x000016b6   Section        0  systick.o(i.SysTickIntEnable)
    i.SysTickIntHandler                      0x000016c4   Section        0  es_port.o(i.SysTickIntHandler)
    i.SysTickPeriodSet                       0x000016e4   Section        0  systick.o(i.SysTickPeriodSet)
    i.TERMIO_GetChar                         0x000016ee   Section        0  termio.o(i.TERMIO_GetChar)
    i.TERMIO_Init                            0x000016f8   Section        0  termio.o(i.TERMIO_Init)
    i.TERMIO_PutChar                         0x00001744   Section        0  termio.o(i.TERMIO_PutChar)
    i.TickClock                              0x00001758   Section        0  timedisplay.o(i.TickClock)
    i.UARTCharPut                            0x0000177e   Section        0  uart.o(i.UARTCharPut)
    i.UARTClockSourceSet                     0x0000178a   Section        0  uart.o(i.UARTClockSourceSet)
    i.UARTStdioConfig                        0x00001790   Section        0  uartstdio.o(i.UARTStdioConfig)
    i.UARTgetc                               0x000017fc   Section        0  uartstdio.o(i.UARTgetc)
    i._HW_Process_Pending_Ints               0x00001814   Section        0  es_port.o(i._HW_Process_Pending_Ints)
    i._HW_Timer_Init                         0x00001838   Section        0  es_port.o(i._HW_Timer_Init)
    i._is_digit                              0x00001850   Section        0  __printf_wp.o(i._is_digit)
    i._sys_exit                              0x0000185e   Section        0  retarget.o(i._sys_exit)
    i.ferror                                 0x00001862   Section        0  retarget.o(i.ferror)
    i.fgetc                                  0x0000186a   Section        0  retarget.o(i.fgetc)
    i.fputc                                  0x00001874   Section        0  retarget.o(i.fputc)
    i.kbhit                                  0x00001884   Section        0  termio.o(i.kbhit)
    i.main                                   0x0000189c   Section        0  watchmain.o(i.main)
    locale$$code                             0x000019cc   Section       44  lc_ctype_c.o(locale$$code)
    x$fpl$fpinit                             0x000019f8   Section       10  fpinit.o(x$fpl$fpinit)
    $v0                                      0x000019f8   Number         0  fpinit.o(x$fpl$fpinit)
    .constdata                               0x00001a04   Section        4  topwatch.o(.constdata)
    .constdata                               0x00001a08   Section        4  timekeeping.o(.constdata)
    .constdata                               0x00001a0c   Section        4  timesetting.o(.constdata)
    .constdata                               0x00001a10   Section        4  es_checkevents.o(.constdata)
    ES_EventList                             0x00001a10   Data           4  es_checkevents.o(.constdata)
    .constdata                               0x00001a14   Section       32  es_framework.o(.constdata)
    ServDescList                             0x00001a14   Data          16  es_framework.o(.constdata)
    EventQueues                              0x00001a24   Data          16  es_framework.o(.constdata)
    .constdata                               0x00001a34   Section       47  es_lookuptables.o(.constdata)
    .constdata                               0x00001a64   Section       64  es_timers.o(.constdata)
    Timer2PostFunc                           0x00001a64   Data          64  es_timers.o(.constdata)
    .constdata                               0x00001aa4   Section       28  uartstdio.o(.constdata)
    g_pcHex                                  0x00001aa4   Data           4  uartstdio.o(.constdata)
    g_ui32UARTBase                           0x00001aa8   Data          12  uartstdio.o(.constdata)
    g_ui32UARTPeriph                         0x00001ab4   Data          12  uartstdio.o(.constdata)
    .constdata                               0x00001ac0   Section      528  gpio.o(.constdata)
    g_ppui32GPIOIntMapBlizzard               0x00001ac0   Data         192  gpio.o(.constdata)
    g_ppui32GPIOIntMapSnowflake              0x00001b80   Data         192  gpio.o(.constdata)
    g_pui32GPIOBaseAddrs                     0x00001c40   Data         144  gpio.o(.constdata)
    .constdata                               0x00001cd0   Section       17  __printf_flags_wp.o(.constdata)
    maptable                                 0x00001cd0   Data          17  __printf_flags_wp.o(.constdata)
    .conststring                             0x00001ce4   Section       17  uartstdio.o(.conststring)
    locale$$data                             0x00001d18   Section      272  lc_ctype_c.o(locale$$data)
    __lcctype_c_name                         0x00001d1c   Data           2  lc_ctype_c.o(locale$$data)
    __lcctype_c_start                        0x00001d24   Data           0  lc_ctype_c.o(locale$$data)
    __lcctype_c_end                          0x00001e28   Data           0  lc_ctype_c.o(locale$$data)
    .data                                    0x20000000   Section        1  mapkeys.o(.data)
    MyPriority                               0x20000000   Data           1  mapkeys.o(.data)
    .data                                    0x20000001   Section        2  topwatch.o(.data)
    CurrentState                             0x20000001   Data           1  topwatch.o(.data)
    MyPriority                               0x20000002   Data           1  topwatch.o(.data)
    .data                                    0x20000003   Section        1  timekeeping.o(.data)
    CurrentState                             0x20000003   Data           1  timekeeping.o(.data)
    .data                                    0x20000004   Section        8  timedisplay.o(.data)
    Day                                      0x20000004   Data           1  timedisplay.o(.data)
    Month                                    0x20000005   Data           1  timedisplay.o(.data)
    Year                                     0x20000006   Data           2  timedisplay.o(.data)
    Hour                                     0x20000008   Data           1  timedisplay.o(.data)
    Min                                      0x20000009   Data           1  timedisplay.o(.data)
    Sec                                      0x2000000a   Data           1  timedisplay.o(.data)
    AM                                       0x2000000b   Data           1  timedisplay.o(.data)
    .data                                    0x2000000c   Section        1  timesetting.o(.data)
    CurrentState                             0x2000000c   Data           1  timesetting.o(.data)
    .data                                    0x2000000e   Section        6  es_framework.o(.data)
    ThisEvent                                0x20000010   Data           4  es_framework.o(.data)
    .data                                    0x20000014   Section        4  es_port.o(.data)
    TickCount                                0x20000014   Data           1  es_port.o(.data)
    SysTickCounter                           0x20000016   Data           2  es_port.o(.data)
    .data                                    0x20000018   Section        4  es_queue.o(.data)
    .data                                    0x2000001c   Section       10  es_timers.o(.data)
    TMR_ActiveFlags                          0x2000001c   Data           2  es_timers.o(.data)
    NeedsProcessing                          0x2000001e   Data           2  es_timers.o(.data)
    NextTimer2Process                        0x20000020   Data           1  es_timers.o(.data)
    NewEvent                                 0x20000022   Data           4  es_timers.o(.data)
    .data                                    0x20000028   Section        8  retarget.o(.data)
    .data                                    0x20000030   Section        5  uartstdio.o(.data)
    g_ui32Base                               0x20000030   Data           4  uartstdio.o(.data)
    bLastWasCR                               0x20000034   Data           1  uartstdio.o(.data)
    .bss                                     0x20000038   Section       28  es_framework.o(.bss)
    Queue0                                   0x20000038   Data          12  es_framework.o(.bss)
    Queue1                                   0x20000044   Data          16  es_framework.o(.bss)
    .bss                                     0x20000054   Section       32  es_timers.o(.bss)
    TMR_TimerArray                           0x20000054   Data          32  es_timers.o(.bss)
    .bss                                     0x20000074   Section       96  libspace.o(.bss)
    HEAP                                     0x200000d8   Section        0  startup_rvmdk.o(HEAP)
    STACK                                    0x200000d8   Section     2048  startup_rvmdk.o(STACK)
    HeapMem                                  0x200000d8   Data           0  startup_rvmdk.o(HEAP)
    StackMem                                 0x200000d8   Data           0  startup_rvmdk.o(STACK)

    Global Symbols

    Symbol Name                              Value     Ov Type        Size  Object(Section)

    BuildAttributes$$THM_ISAv4$E$P$D$K$B$S$7EM$VFPi3$EXTD16$VFPS$VFMA$PE$A:L22UL41UL21$X:L11$S22US41US21$IEEE1$IW$USESV6$~STKCKD$USESV7$~SHL$OTIME$ROPI$EBA8$UX$STANDARDLIB$REQ8$PRES8$EABIv2 0x00000000   Number         0  anon$$obj.o ABSOLUTE
    __ARM_use_no_argv                        0x00000000   Number         0  watchmain.o ABSOLUTE
    __Vectors                                0x00000000   Data           0  startup_rvmdk.o(RESET)
    _printf_flags                            0x00000000   Number         0  printf_stubs.o ABSOLUTE
    _printf_return_value                     0x00000000   Number         0  printf_stubs.o ABSOLUTE
    _printf_sizespec                         0x00000000   Number         0  printf_stubs.o ABSOLUTE
    _printf_widthprec                        0x00000000   Number         0  printf_stubs.o ABSOLUTE
    __ARM_exceptions_init                     - Undefined Weak Reference
    __alloca_initialize                       - Undefined Weak Reference
    __cpp_initialize__aeabi_                  - Undefined Weak Reference
    __cxa_finalize                            - Undefined Weak Reference
    __sigvec_lookup                           - Undefined Weak Reference
    _atexit_init                              - Undefined Weak Reference
    _call_atexit_fns                          - Undefined Weak Reference
    _clock_init                               - Undefined Weak Reference
    _fp_trap_init                             - Undefined Weak Reference
    _fp_trap_shutdown                         - Undefined Weak Reference
    _get_lc_collate                           - Undefined Weak Reference
    _get_lc_monetary                          - Undefined Weak Reference
    _get_lc_numeric                           - Undefined Weak Reference
    _get_lc_time                              - Undefined Weak Reference
    _getenv_init                              - Undefined Weak Reference
    _handle_redirection                       - Undefined Weak Reference
    _init_alloc                               - Undefined Weak Reference
    _init_user_alloc                          - Undefined Weak Reference
    _initio                                   - Undefined Weak Reference
    _printf_mbtowc                            - Undefined Weak Reference
    _printf_truncate_signed                   - Undefined Weak Reference
    _printf_truncate_unsigned                 - Undefined Weak Reference
    _rand_init                                - Undefined Weak Reference
    _signal_finish                            - Undefined Weak Reference
    _signal_init                              - Undefined Weak Reference
    _terminate_alloc                          - Undefined Weak Reference
    _terminate_user_alloc                     - Undefined Weak Reference
    _terminateio                              - Undefined Weak Reference
    Reset_Handler                            0x0000026d   Thumb Code     0  startup_rvmdk.o(RESET)
    __main                                   0x00000289   Thumb Code     8  __main.o(!!!main)
    __scatterload                            0x00000291   Thumb Code     0  __scatter.o(!!!scatter)
    __scatterload_rt2                        0x00000291   Thumb Code    44  __scatter.o(!!!scatter)
    __scatterload_rt2_thumb_only             0x00000291   Thumb Code     0  __scatter.o(!!!scatter)
    __scatterload_null                       0x0000029f   Thumb Code     0  __scatter.o(!!!scatter)
    __scatterload_copy                       0x000002c5   Thumb Code    26  __scatter_copy.o(!!handler_copy)
    __scatterload_zeroinit                   0x000002e1   Thumb Code    28  __scatter_zi.o(!!handler_zi)
    _printf_d                                0x000002fd   Thumb Code     0  _printf_d.o(.ARM.Collect$$_printf_percent$$00000009)
    _printf_percent                          0x000002fd   Thumb Code     0  _printf_percent.o(.ARM.Collect$$_printf_percent$$00000000)
    _printf_s                                0x00000303   Thumb Code     0  _printf_s.o(.ARM.Collect$$_printf_percent$$00000014)
    _printf_percent_end                      0x00000309   Thumb Code     0  _printf_percent_end.o(.ARM.Collect$$_printf_percent$$00000017)
    __rt_lib_init                            0x0000030d   Thumb Code     0  libinit.o(.ARM.Collect$$libinit$$00000000)
    __rt_lib_init_fp_1                       0x0000030f   Thumb Code     0  libinit2.o(.ARM.Collect$$libinit$$00000001)
    __rt_lib_init_heap_1                     0x00000313   Thumb Code     0  libinit2.o(.ARM.Collect$$libinit$$00000008)
    __rt_lib_init_lc_common                  0x00000313   Thumb Code     0  libinit2.o(.ARM.Collect$$libinit$$0000000D)
    __rt_lib_init_rand_1                     0x00000313   Thumb Code     0  libinit2.o(.ARM.Collect$$libinit$$0000000C)
    __rt_lib_init_user_alloc_1               0x00000313   Thumb Code     0  libinit2.o(.ARM.Collect$$libinit$$0000000A)
    __rt_lib_init_lc_collate_1               0x00000319   Thumb Code     0  libinit2.o(.ARM.Collect$$libinit$$0000000F)
    __rt_lib_init_lc_ctype_2                 0x00000319   Thumb Code     0  libinit2.o(.ARM.Collect$$libinit$$00000010)
    __rt_lib_init_alloca_1                   0x00000325   Thumb Code     0  libinit2.o(.ARM.Collect$$libinit$$0000002C)
    __rt_lib_init_argv_1                     0x00000325   Thumb Code     0  libinit2.o(.ARM.Collect$$libinit$$0000002A)
    __rt_lib_init_atexit_1                   0x00000325   Thumb Code     0  libinit2.o(.ARM.Collect$$libinit$$00000019)
    __rt_lib_init_clock_1                    0x00000325   Thumb Code     0  libinit2.o(.ARM.Collect$$libinit$$0000001F)
    __rt_lib_init_cpp_1                      0x00000325   Thumb Code     0  libinit2.o(.ARM.Collect$$libinit$$00000030)
    __rt_lib_init_exceptions_1               0x00000325   Thumb Code     0  libinit2.o(.ARM.Collect$$libinit$$0000002E)
    __rt_lib_init_fp_trap_1                  0x00000325   Thumb Code     0  libinit2.o(.ARM.Collect$$libinit$$0000001D)
    __rt_lib_init_getenv_1                   0x00000325   Thumb Code     0  libinit2.o(.ARM.Collect$$libinit$$00000021)
    __rt_lib_init_lc_ctype_1                 0x00000325   Thumb Code     0  libinit2.o(.ARM.Collect$$libinit$$00000011)
    __rt_lib_init_lc_monetary_1              0x00000325   Thumb Code     0  libinit2.o(.ARM.Collect$$libinit$$00000013)
    __rt_lib_init_lc_numeric_1               0x00000325   Thumb Code     0  libinit2.o(.ARM.Collect$$libinit$$00000015)
    __rt_lib_init_lc_time_1                  0x00000325   Thumb Code     0  libinit2.o(.ARM.Collect$$libinit$$00000017)
    __rt_lib_init_return                     0x00000325   Thumb Code     0  libinit2.o(.ARM.Collect$$libinit$$00000031)
    __rt_lib_init_signal_1                   0x00000325   Thumb Code     0  libinit2.o(.ARM.Collect$$libinit$$0000001B)
    __rt_lib_init_stdio_1                    0x00000325   Thumb Code     0  libinit2.o(.ARM.Collect$$libinit$$00000023)
    __rt_lib_shutdown                        0x00000327   Thumb Code     0  libshutdown.o(.ARM.Collect$$libshutdown$$00000000)
    __rt_lib_shutdown_fp_trap_1              0x00000329   Thumb Code     0  libshutdown2.o(.ARM.Collect$$libshutdown$$00000006)
    __rt_lib_shutdown_heap_1                 0x00000329   Thumb Code     0  libshutdown2.o(.ARM.Collect$$libshutdown$$0000000E)
    __rt_lib_shutdown_return                 0x00000329   Thumb Code     0  libshutdown2.o(.ARM.Collect$$libshutdown$$0000000F)
    __rt_lib_shutdown_signal_1               0x00000329   Thumb Code     0  libshutdown2.o(.ARM.Collect$$libshutdown$$00000009)
    __rt_lib_shutdown_stdio_1                0x00000329   Thumb Code     0  libshutdown2.o(.ARM.Collect$$libshutdown$$00000003)
    __rt_lib_shutdown_user_alloc_1           0x00000329   Thumb Code     0  libshutdown2.o(.ARM.Collect$$libshutdown$$0000000B)
    __rt_entry                               0x0000032b   Thumb Code     0  rtentry.o(.ARM.Collect$$rtentry$$00000000)
    __rt_entry_presh_1                       0x0000032b   Thumb Code     0  rtentry2.o(.ARM.Collect$$rtentry$$00000002)
    __rt_entry_sh                            0x0000032b   Thumb Code     0  rtentry4.o(.ARM.Collect$$rtentry$$00000004)
    __rt_entry_li                            0x00000331   Thumb Code     0  rtentry2.o(.ARM.Collect$$rtentry$$0000000A)
    __rt_entry_postsh_1                      0x00000331   Thumb Code     0  rtentry2.o(.ARM.Collect$$rtentry$$00000009)
    __rt_entry_main                          0x00000335   Thumb Code     0  rtentry2.o(.ARM.Collect$$rtentry$$0000000D)
    __rt_entry_postli_1                      0x00000335   Thumb Code     0  rtentry2.o(.ARM.Collect$$rtentry$$0000000C)
    __rt_exit                                0x0000033d   Thumb Code     0  rtexit.o(.ARM.Collect$$rtexit$$00000000)
    __rt_exit_ls                             0x0000033f   Thumb Code     0  rtexit2.o(.ARM.Collect$$rtexit$$00000003)
    __rt_exit_prels_1                        0x0000033f   Thumb Code     0  rtexit2.o(.ARM.Collect$$rtexit$$00000002)
    __rt_exit_exit                           0x00000343   Thumb Code     0  rtexit2.o(.ARM.Collect$$rtexit$$00000004)
    SysCtlDelay                              0x00000349   Thumb Code     6  sysctl.o(.emb_text)
    CPUcpsid                                 0x00000351   Thumb Code     8  cpu.o(.emb_text)
    CPUprimask                               0x00000359   Thumb Code     6  cpu.o(.emb_text)
    CPUcpsie                                 0x0000035f   Thumb Code     8  cpu.o(.emb_text)
    CPUwfi                                   0x00000367   Thumb Code     4  cpu.o(.emb_text)
    CPUbasepriSet                            0x0000036b   Thumb Code     6  cpu.o(.emb_text)
    CPUbasepriGet                            0x00000371   Thumb Code     6  cpu.o(.emb_text)
    __user_initial_stackheap                 0x00000379   Thumb Code     0  startup_rvmdk.o(.text)
    __I$use$semihosting                      0x00000391   Thumb Code     0  use_no_semi.o(.text)
    __use_no_semihosting_swi                 0x00000391   Thumb Code     2  use_no_semi.o(.text)
    toupper                                  0x00000393   Thumb Code    30  toupper.o(.text)
    __2printf                                0x000003b1   Thumb Code    20  noretval__2printf.o(.text)
    _printf_pre_padding                      0x000003c9   Thumb Code    44  _printf_pad.o(.text)
    _printf_post_padding                     0x000003f5   Thumb Code    34  _printf_pad.o(.text)
    _printf_str                              0x00000417   Thumb Code    82  _printf_str.o(.text)
    _printf_int_dec                          0x00000469   Thumb Code   100  _printf_dec.o(.text)
    __printf                                 0x000004dd   Thumb Code   308  __printf_flags_wp.o(.text)
    getc                                     0x00000615   Thumb Code     4  getc.o(.text)
    puts                                     0x00000619   Thumb Code    40  puts.o(.text)
    __use_two_region_memory                  0x00000645   Thumb Code     2  heapauxi.o(.text)
    __rt_heap_escrow$2region                 0x00000647   Thumb Code     2  heapauxi.o(.text)
    __rt_heap_expand$2region                 0x00000649   Thumb Code     2  heapauxi.o(.text)
    __rt_ctype_table                         0x0000064d   Thumb Code    16  rt_ctype_table.o(.text)
    _printf_int_common                       0x0000065d   Thumb Code   178  _printf_intcommon.o(.text)
    _printf_cs_common                        0x0000070f   Thumb Code    20  _printf_char.o(.text)
    _printf_char                             0x00000723   Thumb Code    16  _printf_char.o(.text)
    _printf_string                           0x00000733   Thumb Code     8  _printf_char.o(.text)
    _printf_char_file                        0x0000073d   Thumb Code    32  _printf_char_file.o(.text)
    __rt_locale                              0x00000761   Thumb Code     8  rt_locale_intlibspace.o(.text)
    _printf_char_common                      0x00000773   Thumb Code    32  _printf_char_common.o(.text)
    __user_libspace                          0x00000799   Thumb Code     8  libspace.o(.text)
    __user_perproc_libspace                  0x00000799   Thumb Code     0  libspace.o(.text)
    __user_perthread_libspace                0x00000799   Thumb Code     0  libspace.o(.text)
    __user_setup_stackheap                   0x000007a1   Thumb Code    74  sys_stackheap_outer.o(.text)
    exit                                     0x000007eb   Thumb Code    12  exit.o(.text)
    strcmp                                   0x000007f9   Thumb Code   128  strcmpv7m.o(.text)
    CPUgetPRIMASK_cpsid                      0x00000879   Thumb Code     8  es_port.o(i.CPUgetPRIMASK_cpsid)
    CPUsetPRIMASK                            0x00000881   Thumb Code     6  es_port.o(i.CPUsetPRIMASK)
    Check4Keystroke                          0x00000889   Thumb Code    40  eventcheckers.o(i.Check4Keystroke)
    DisplayDate                              0x000008b5   Thumb Code    22  timedisplay.o(i.DisplayDate)
    DisplayDay                               0x000008e9   Thumb Code    14  timedisplay.o(i.DisplayDay)
    DisplayHour                              0x0000090d   Thumb Code    14  timedisplay.o(i.DisplayHour)
    DisplayMinute                            0x00000931   Thumb Code    14  timedisplay.o(i.DisplayMinute)
    DisplayMonth                             0x00000955   Thumb Code    14  timedisplay.o(i.DisplayMonth)
    DisplaySeconds                           0x00000979   Thumb Code    14  timedisplay.o(i.DisplaySeconds)
    DisplayTime                              0x0000099d   Thumb Code    44  timedisplay.o(i.DisplayTime)
    DisplayYear                              0x000009f1   Thumb Code    14  timedisplay.o(i.DisplayYear)
    ES_CheckUserEvents                       0x00000bb5   Thumb Code    42  es_checkevents.o(i.ES_CheckUserEvents)
    ES_DeQueue                               0x00000be5   Thumb Code    96  es_queue.o(i.ES_DeQueue)
    ES_EnQueueFIFO                           0x00000c49   Thumb Code    70  es_queue.o(i.ES_EnQueueFIFO)
    ES_GetMSBitSet                           0x00000c95   Thumb Code    48  es_lookuptables.o(i.ES_GetMSBitSet)
    ES_InitQueue                             0x00000cc9   Thumb Code    20  es_queue.o(i.ES_InitQueue)
    ES_Initialize                            0x00000cdd   Thumb Code    84  es_framework.o(i.ES_Initialize)
    ES_PostToService                         0x00000d39   Thumb Code    46  es_framework.o(i.ES_PostToService)
    ES_Run                                   0x00000d75   Thumb Code    94  es_framework.o(i.ES_Run)
    ES_Timer_Init                            0x00000de9   Thumb Code    12  es_timers.o(i.ES_Timer_Init)
    ES_Timer_InitTimer                       0x00000df5   Thumb Code    48  es_timers.o(i.ES_Timer_InitTimer)
    ES_Timer_Tick_Resp                       0x00000e35   Thumb Code   136  es_timers.o(i.ES_Timer_Tick_Resp)
    GPIODirModeSet                           0x00000ed9   Thumb Code    40  gpio.o(i.GPIODirModeSet)
    GPIOPadConfigSet                         0x00000f01   Thumb Code   314  gpio.o(i.GPIOPadConfigSet)
    GPIOPinConfigure                         0x0000103d   Thumb Code    64  gpio.o(i.GPIOPinConfigure)
    GPIOPinTypeUART                          0x00001085   Thumb Code    28  gpio.o(i.GPIOPinTypeUART)
    IncrementDays                            0x000010a1   Thumb Code    70  timedisplay.o(i.IncrementDays)
    IncrementHours                           0x000010f1   Thumb Code    50  timedisplay.o(i.IncrementHours)
    IncrementMinutes                         0x0000112d   Thumb Code    28  timedisplay.o(i.IncrementMinutes)
    IncrementMonths                          0x0000114d   Thumb Code    26  timedisplay.o(i.IncrementMonths)
    IncrementSeconds                         0x0000116d   Thumb Code    28  timedisplay.o(i.IncrementSeconds)
    IncrementYears                           0x0000118d   Thumb Code    12  timedisplay.o(i.IncrementYears)
    InitMapKeys                              0x0000119d   Thumb Code    10  mapkeys.o(i.InitMapKeys)
    InitMasterSM                             0x000011ad   Thumb Code    24  topwatch.o(i.InitMasterSM)
    IntMasterEnable                          0x000011c9   Thumb Code    14  interrupt.o(i.IntMasterEnable)
    PostMapKeys                              0x000011d9   Thumb Code    14  mapkeys.o(i.PostMapKeys)
    PostMasterSM                             0x000011ed   Thumb Code    14  topwatch.o(i.PostMasterSM)
    RunMapKeys                               0x00001201   Thumb Code    96  mapkeys.o(i.RunMapKeys)
    RunMasterSM                              0x00001261   Thumb Code   156  topwatch.o(i.RunMasterSM)
    RunTimeKeepingSM                         0x00001305   Thumb Code   134  timekeeping.o(i.RunTimeKeepingSM)
    RunTimeSettingSM                         0x00001395   Thumb Code   370  timesetting.o(i.RunTimeSettingSM)
    StartMasterSM                            0x00001511   Thumb Code    20  topwatch.o(i.StartMasterSM)
    StartTimeKeepingSM                       0x00001529   Thumb Code    28  timekeeping.o(i.StartTimeKeepingSM)
    StartTimeSettingSM                       0x00001549   Thumb Code    20  timesetting.o(i.StartTimeSettingSM)
    SysCtlClockSet                           0x00001561   Thumb Code   270  sysctl.o(i.SysCtlClockSet)
    SysCtlPeripheralEnable                   0x00001681   Thumb Code    36  sysctl.o(i.SysCtlPeripheralEnable)
    SysTickEnable                            0x000016a9   Thumb Code    14  systick.o(i.SysTickEnable)
    SysTickIntEnable                         0x000016b7   Thumb Code    14  systick.o(i.SysTickIntEnable)
    SysTickIntHandler                        0x000016c5   Thumb Code    22  es_port.o(i.SysTickIntHandler)
    SysTickPeriodSet                         0x000016e5   Thumb Code    10  systick.o(i.SysTickPeriodSet)
    TERMIO_GetChar                           0x000016ef   Thumb Code     8  termio.o(i.TERMIO_GetChar)
    TERMIO_Init                              0x000016f9   Thumb Code    60  termio.o(i.TERMIO_Init)
    TERMIO_PutChar                           0x00001745   Thumb Code    14  termio.o(i.TERMIO_PutChar)
    TickClock                                0x00001759   Thumb Code    38  timedisplay.o(i.TickClock)
    UARTCharPut                              0x0000177f   Thumb Code    12  uart.o(i.UARTCharPut)
    UARTClockSourceSet                       0x0000178b   Thumb Code     6  uart.o(i.UARTClockSourceSet)
    UARTStdioConfig                          0x00001791   Thumb Code    96  uartstdio.o(i.UARTStdioConfig)
    UARTgetc                                 0x000017fd   Thumb Code    20  uartstdio.o(i.UARTgetc)
    _HW_Process_Pending_Ints                 0x00001815   Thumb Code    30  es_port.o(i._HW_Process_Pending_Ints)
    _HW_Timer_Init                           0x00001839   Thumb Code    24  es_port.o(i._HW_Timer_Init)
    _is_digit                                0x00001851   Thumb Code    14  __printf_wp.o(i._is_digit)
    _sys_exit                                0x0000185f   Thumb Code     4  retarget.o(i._sys_exit)
    ferror                                   0x00001863   Thumb Code     8  retarget.o(i.ferror)
    fgetc                                    0x0000186b   Thumb Code    10  retarget.o(i.fgetc)
    fputc                                    0x00001875   Thumb Code    16  retarget.o(i.fputc)
    kbhit                                    0x00001885   Thumb Code    18  termio.o(i.kbhit)
    main                                     0x0000189d   Thumb Code   100  watchmain.o(i.main)
    _get_lc_ctype                            0x000019cd   Thumb Code    44  lc_ctype_c.o(locale$$code)
    _fp_init                                 0x000019f9   Thumb Code    10  fpinit.o(x$fpl$fpinit)
    __fplib_config_fpu_vfp                   0x00001a01   Thumb Code     0  fpinit.o(x$fpl$fpinit)
    __fplib_config_pureend_doubles           0x00001a01   Thumb Code     0  fpinit.o(x$fpl$fpinit)
    BitNum2SetMask                           0x00001a34   Data          32  es_lookuptables.o(.constdata)
    Nybble2MSBitNum                          0x00001a54   Data          15  es_lookuptables.o(.constdata)
    Region$$Table$$Base                      0x00001cf8   Number         0  anon$$obj.o(Region$$Table)
    Region$$Table$$Limit                     0x00001d18   Number         0  anon$$obj.o(Region$$Table)
    __ctype                                  0x00001d25   Data           0  lc_ctype_c.o(locale$$data)
    Ready                                    0x2000000e   Data           2  es_framework.o(.data)
    _PRIMASK_temp                            0x20000018   Data           4  es_queue.o(.data)
    __stdout                                 0x20000028   Data           4  retarget.o(.data)
    __stdin                                  0x2000002c   Data           4  retarget.o(.data)
    __libspace_start                         0x20000074   Data          96  libspace.o(.bss)
    __temporary_stack_top$libspace           0x200000d4   Data           0  libspace.o(.bss)



==============================================================================

Memory Map of the image

  Image Entry point : 0x0000026d

  Load Region LR_IROM1 (Base: 0x00000000, Size: 0x00001e60, Max: 0x00040000, ABSOLUTE)

    Execution Region ER_IROM1 (Base: 0x00000000, Size: 0x00001e28, Max: 0x00040000, ABSOLUTE)

    Base Addr    Size         Type   Attr      Idx    E Section Name        Object

    0x00000000   0x00000288   Code   RO          377  * RESET               startup_rvmdk.o
    0x00000288   0x00000008   Code   RO         2001  * !!!main             c_w.l(__main.o)
    0x00000290   0x00000034   Code   RO         2172    !!!scatter          c_w.l(__scatter.o)
    0x000002c4   0x0000001a   Code   RO         2174    !!handler_copy      c_w.l(__scatter_copy.o)
    0x000002de   0x00000002   PAD
    0x000002e0   0x0000001c   Code   RO         2176    !!handler_zi        c_w.l(__scatter_zi.o)
    0x000002fc   0x00000000   Code   RO         1994    .ARM.Collect$$_printf_percent$$00000000  c_w.l(_printf_percent.o)
    0x000002fc   0x00000006   Code   RO         1993    .ARM.Collect$$_printf_percent$$00000009  c_w.l(_printf_d.o)
    0x00000302   0x00000006   Code   RO         1992    .ARM.Collect$$_printf_percent$$00000014  c_w.l(_printf_s.o)
    0x00000308   0x00000004   Code   RO         2012    .ARM.Collect$$_printf_percent$$00000017  c_w.l(_printf_percent_end.o)
    0x0000030c   0x00000002   Code   RO         2054    .ARM.Collect$$libinit$$00000000  c_w.l(libinit.o)
    0x0000030e   0x00000004   Code   RO         2055    .ARM.Collect$$libinit$$00000001  c_w.l(libinit2.o)
    0x00000312   0x00000000   Code   RO         2059    .ARM.Collect$$libinit$$00000008  c_w.l(libinit2.o)
    0x00000312   0x00000000   Code   RO         2061    .ARM.Collect$$libinit$$0000000A  c_w.l(libinit2.o)
    0x00000312   0x00000000   Code   RO         2063    .ARM.Collect$$libinit$$0000000C  c_w.l(libinit2.o)
    0x00000312   0x00000006   Code   RO         2064    .ARM.Collect$$libinit$$0000000D  c_w.l(libinit2.o)
    0x00000318   0x00000000   Code   RO         2066    .ARM.Collect$$libinit$$0000000F  c_w.l(libinit2.o)
    0x00000318   0x0000000c   Code   RO         2067    .ARM.Collect$$libinit$$00000010  c_w.l(libinit2.o)
    0x00000324   0x00000000   Code   RO         2068    .ARM.Collect$$libinit$$00000011  c_w.l(libinit2.o)
    0x00000324   0x00000000   Code   RO         2070    .ARM.Collect$$libinit$$00000013  c_w.l(libinit2.o)
    0x00000324   0x00000000   Code   RO         2072    .ARM.Collect$$libinit$$00000015  c_w.l(libinit2.o)
    0x00000324   0x00000000   Code   RO         2074    .ARM.Collect$$libinit$$00000017  c_w.l(libinit2.o)
    0x00000324   0x00000000   Code   RO         2076    .ARM.Collect$$libinit$$00000019  c_w.l(libinit2.o)
    0x00000324   0x00000000   Code   RO         2078    .ARM.Collect$$libinit$$0000001B  c_w.l(libinit2.o)
    0x00000324   0x00000000   Code   RO         2080    .ARM.Collect$$libinit$$0000001D  c_w.l(libinit2.o)
    0x00000324   0x00000000   Code   RO         2082    .ARM.Collect$$libinit$$0000001F  c_w.l(libinit2.o)
    0x00000324   0x00000000   Code   RO         2084    .ARM.Collect$$libinit$$00000021  c_w.l(libinit2.o)
    0x00000324   0x00000000   Code   RO         2086    .ARM.Collect$$libinit$$00000023  c_w.l(libinit2.o)
    0x00000324   0x00000000   Code   RO         2090    .ARM.Collect$$libinit$$0000002A  c_w.l(libinit2.o)
    0x00000324   0x00000000   Code   RO         2092    .ARM.Collect$$libinit$$0000002C  c_w.l(libinit2.o)
    0x00000324   0x00000000   Code   RO         2094    .ARM.Collect$$libinit$$0000002E  c_w.l(libinit2.o)
    0x00000324   0x00000000   Code   RO         2096    .ARM.Collect$$libinit$$00000030  c_w.l(libinit2.o)
    0x00000324   0x00000002   Code   RO         2097    .ARM.Collect$$libinit$$00000031  c_w.l(libinit2.o)
    0x00000326   0x00000002   Code   RO         2125    .ARM.Collect$$libshutdown$$00000000  c_w.l(libshutdown.o)
    0x00000328   0x00000000   Code   RO         2135    .ARM.Collect$$libshutdown$$00000003  c_w.l(libshutdown2.o)
    0x00000328   0x00000000   Code   RO         2138    .ARM.Collect$$libshutdown$$00000006  c_w.l(libshutdown2.o)
    0x00000328   0x00000000   Code   RO         2141    .ARM.Collect$$libshutdown$$00000009  c_w.l(libshutdown2.o)
    0x00000328   0x00000000   Code   RO         2143    .ARM.Collect$$libshutdown$$0000000B  c_w.l(libshutdown2.o)
    0x00000328   0x00000000   Code   RO         2146    .ARM.Collect$$libshutdown$$0000000E  c_w.l(libshutdown2.o)
    0x00000328   0x00000002   Code   RO         2147    .ARM.Collect$$libshutdown$$0000000F  c_w.l(libshutdown2.o)
    0x0000032a   0x00000000   Code   RO         2003    .ARM.Collect$$rtentry$$00000000  c_w.l(rtentry.o)
    0x0000032a   0x00000000   Code   RO         2014    .ARM.Collect$$rtentry$$00000002  c_w.l(rtentry2.o)
    0x0000032a   0x00000006   Code   RO         2026    .ARM.Collect$$rtentry$$00000004  c_w.l(rtentry4.o)
    0x00000330   0x00000000   Code   RO         2016    .ARM.Collect$$rtentry$$00000009  c_w.l(rtentry2.o)
    0x00000330   0x00000004   Code   RO         2017    .ARM.Collect$$rtentry$$0000000A  c_w.l(rtentry2.o)
    0x00000334   0x00000000   Code   RO         2019    .ARM.Collect$$rtentry$$0000000C  c_w.l(rtentry2.o)
    0x00000334   0x00000008   Code   RO         2020    .ARM.Collect$$rtentry$$0000000D  c_w.l(rtentry2.o)
    0x0000033c   0x00000002   Code   RO         2098    .ARM.Collect$$rtexit$$00000000  c_w.l(rtexit.o)
    0x0000033e   0x00000000   Code   RO         2105    .ARM.Collect$$rtexit$$00000002  c_w.l(rtexit2.o)
    0x0000033e   0x00000004   Code   RO         2106    .ARM.Collect$$rtexit$$00000003  c_w.l(rtexit2.o)
    0x00000342   0x00000006   Code   RO         2107    .ARM.Collect$$rtexit$$00000004  c_w.l(rtexit2.o)
    0x00000348   0x00000006   Code   RO         1250    .emb_text           driverlib.lib(sysctl.o)
    0x0000034e   0x00000002   PAD
    0x00000350   0x00000026   Code   RO         1944    .emb_text           driverlib.lib(cpu.o)
    0x00000376   0x00000002   PAD
    0x00000378   0x00000018   Code   RO          378    .text               startup_rvmdk.o
    0x00000390   0x00000002   Code   RO         1956    .text               c_w.l(use_no_semi.o)
    0x00000392   0x0000001e   Code   RO         1958    .text               c_w.l(toupper.o)
    0x000003b0   0x00000018   Code   RO         1962    .text               c_w.l(noretval__2printf.o)
    0x000003c8   0x0000004e   Code   RO         1966    .text               c_w.l(_printf_pad.o)
    0x00000416   0x00000052   Code   RO         1968    .text               c_w.l(_printf_str.o)
    0x00000468   0x00000074   Code   RO         1970    .text               c_w.l(_printf_dec.o)
    0x000004dc   0x00000138   Code   RO         1984    .text               c_w.l(__printf_flags_wp.o)
    0x00000614   0x00000004   Code   RO         1995    .text               c_w.l(getc.o)
    0x00000618   0x0000002c   Code   RO         1997    .text               c_w.l(puts.o)
    0x00000644   0x00000006   Code   RO         1999    .text               c_w.l(heapauxi.o)
    0x0000064a   0x00000002   PAD
    0x0000064c   0x00000010   Code   RO         2004    .text               c_w.l(rt_ctype_table.o)
    0x0000065c   0x000000b2   Code   RO         2006    .text               c_w.l(_printf_intcommon.o)
    0x0000070e   0x0000002c   Code   RO         2008    .text               c_w.l(_printf_char.o)
    0x0000073a   0x00000002   PAD
    0x0000073c   0x00000024   Code   RO         2010    .text               c_w.l(_printf_char_file.o)
    0x00000760   0x00000008   Code   RO         2031    .text               c_w.l(rt_locale_intlibspace.o)
    0x00000768   0x00000030   Code   RO         2033    .text               c_w.l(_printf_char_common.o)
    0x00000798   0x00000008   Code   RO         2038    .text               c_w.l(libspace.o)
    0x000007a0   0x0000004a   Code   RO         2041    .text               c_w.l(sys_stackheap_outer.o)
    0x000007ea   0x0000000c   Code   RO         2045    .text               c_w.l(exit.o)
    0x000007f6   0x00000002   PAD
    0x000007f8   0x00000080   Code   RO         2047    .text               c_w.l(strcmpv7m.o)
    0x00000878   0x00000008   Code   RO          511    i.CPUgetPRIMASK_cpsid  es_port.o
    0x00000880   0x00000006   Code   RO          517    i.CPUsetPRIMASK     es_port.o
    0x00000886   0x00000002   PAD
    0x00000888   0x0000002c   Code   RO           74    i.Check4Keystroke   eventcheckers.o
    0x000008b4   0x00000034   Code   RO          216    i.DisplayDate       timedisplay.o
    0x000008e8   0x00000024   Code   RO          217    i.DisplayDay        timedisplay.o
    0x0000090c   0x00000024   Code   RO          218    i.DisplayHour       timedisplay.o
    0x00000930   0x00000024   Code   RO          219    i.DisplayMinute     timedisplay.o
    0x00000954   0x00000024   Code   RO          220    i.DisplayMonth      timedisplay.o
    0x00000978   0x00000024   Code   RO          221    i.DisplaySeconds    timedisplay.o
    0x0000099c   0x00000054   Code   RO          222    i.DisplayTime       timedisplay.o
    0x000009f0   0x00000020   Code   RO          223    i.DisplayYear       timedisplay.o
    0x00000a10   0x00000024   Code   RO          179    i.DuringDisplayDate  timekeeping.o
    0x00000a34   0x00000024   Code   RO          180    i.DuringDisplayTime  timekeeping.o
    0x00000a58   0x00000024   Code   RO          318    i.DuringSetDay      timesetting.o
    0x00000a7c   0x00000024   Code   RO          319    i.DuringSetHour     timesetting.o
    0x00000aa0   0x00000024   Code   RO          320    i.DuringSetMin      timesetting.o
    0x00000ac4   0x00000024   Code   RO          321    i.DuringSetMonth    timesetting.o
    0x00000ae8   0x00000024   Code   RO          322    i.DuringSetSec      timesetting.o
    0x00000b0c   0x00000024   Code   RO          323    i.DuringSetYear     timesetting.o
    0x00000b30   0x00000046   Code   RO          127    i.DuringTimeKeeping  topwatch.o
    0x00000b76   0x0000003e   Code   RO          128    i.DuringTimeSetting  topwatch.o
    0x00000bb4   0x00000030   Code   RO          384    i.ES_CheckUserEvents  es_checkevents.o
    0x00000be4   0x00000064   Code   RO          564    i.ES_DeQueue        es_queue.o
    0x00000c48   0x0000004c   Code   RO          565    i.ES_EnQueueFIFO    es_queue.o
    0x00000c94   0x00000034   Code   RO          461    i.ES_GetMSBitSet    es_lookuptables.o
    0x00000cc8   0x00000014   Code   RO          567    i.ES_InitQueue      es_queue.o
    0x00000cdc   0x0000005c   Code   RO          416    i.ES_Initialize     es_framework.o
    0x00000d38   0x0000003c   Code   RO          418    i.ES_PostToService  es_framework.o
    0x00000d74   0x00000074   Code   RO          420    i.ES_Run            es_framework.o
    0x00000de8   0x0000000c   Code   RO          607    i.ES_Timer_Init     es_timers.o
    0x00000df4   0x00000040   Code   RO          608    i.ES_Timer_InitTimer  es_timers.o
    0x00000e34   0x000000a4   Code   RO          612    i.ES_Timer_Tick_Resp  es_timers.o
    0x00000ed8   0x00000028   Code   RO          813    i.GPIODirModeSet    driverlib.lib(gpio.o)
    0x00000f00   0x0000013a   Code   RO          823    i.GPIOPadConfigSet  driverlib.lib(gpio.o)
    0x0000103a   0x00000002   PAD
    0x0000103c   0x00000048   Code   RO          824    i.GPIOPinConfigure  driverlib.lib(gpio.o)
    0x00001084   0x0000001c   Code   RO          849    i.GPIOPinTypeUART   driverlib.lib(gpio.o)
    0x000010a0   0x00000050   Code   RO          224    i.IncrementDays     timedisplay.o
    0x000010f0   0x0000003c   Code   RO          225    i.IncrementHours    timedisplay.o
    0x0000112c   0x00000020   Code   RO          226    i.IncrementMinutes  timedisplay.o
    0x0000114c   0x00000020   Code   RO          227    i.IncrementMonths   timedisplay.o
    0x0000116c   0x00000020   Code   RO          228    i.IncrementSeconds  timedisplay.o
    0x0000118c   0x00000010   Code   RO          229    i.IncrementYears    timedisplay.o
    0x0000119c   0x00000010   Code   RO           98    i.InitMapKeys       mapkeys.o
    0x000011ac   0x0000001c   Code   RO          129    i.InitMasterSM      topwatch.o
    0x000011c8   0x0000000e   Code   RO         1138    i.IntMasterEnable   driverlib.lib(interrupt.o)
    0x000011d6   0x00000002   PAD
    0x000011d8   0x00000014   Code   RO           99    i.PostMapKeys       mapkeys.o
    0x000011ec   0x00000014   Code   RO          130    i.PostMasterSM      topwatch.o
    0x00001200   0x00000060   Code   RO          100    i.RunMapKeys        mapkeys.o
    0x00001260   0x000000a4   Code   RO          131    i.RunMasterSM       topwatch.o
    0x00001304   0x00000090   Code   RO          182    i.RunTimeKeepingSM  timekeeping.o
    0x00001394   0x0000017c   Code   RO          325    i.RunTimeSettingSM  timesetting.o
    0x00001510   0x00000018   Code   RO          132    i.StartMasterSM     topwatch.o
    0x00001528   0x00000020   Code   RO          183    i.StartTimeKeepingSM  timekeeping.o
    0x00001548   0x00000018   Code   RO          326    i.StartTimeSettingSM  timesetting.o
    0x00001560   0x00000120   Code   RO         1255    i.SysCtlClockSet    driverlib.lib(sysctl.o)
    0x00001680   0x00000028   Code   RO         1284    i.SysCtlPeripheralEnable  driverlib.lib(sysctl.o)
    0x000016a8   0x0000000e   Code   RO         1593    i.SysTickEnable     driverlib.lib(systick.o)
    0x000016b6   0x0000000e   Code   RO         1595    i.SysTickIntEnable  driverlib.lib(systick.o)
    0x000016c4   0x00000020   Code   RO          477    i.SysTickIntHandler  es_port.o
    0x000016e4   0x0000000a   Code   RO         1599    i.SysTickPeriodSet  driverlib.lib(systick.o)
    0x000016ee   0x00000008   Code   RO          707    i.TERMIO_GetChar    termio.o
    0x000016f6   0x00000002   PAD
    0x000016f8   0x0000004c   Code   RO          708    i.TERMIO_Init       termio.o
    0x00001744   0x00000014   Code   RO          709    i.TERMIO_PutChar    termio.o
    0x00001758   0x00000026   Code   RO          230    i.TickClock         timedisplay.o
    0x0000177e   0x0000000c   Code   RO         1663    i.UARTCharPut       driverlib.lib(uart.o)
    0x0000178a   0x00000006   Code   RO         1667    i.UARTClockSourceSet  driverlib.lib(uart.o)
    0x00001790   0x0000006c   Code   RO          753    i.UARTStdioConfig   uartstdio.o
    0x000017fc   0x00000018   Code   RO          754    i.UARTgetc          uartstdio.o
    0x00001814   0x00000024   Code   RO          479    i._HW_Process_Pending_Ints  es_port.o
    0x00001838   0x00000018   Code   RO          480    i._HW_Timer_Init    es_port.o
    0x00001850   0x0000000e   Code   RO         1982    i._is_digit         c_w.l(__printf_wp.o)
    0x0000185e   0x00000004   Code   RO          658    i._sys_exit         retarget.o
    0x00001862   0x00000008   Code   RO          660    i.ferror            retarget.o
    0x0000186a   0x0000000a   Code   RO          661    i.fgetc             retarget.o
    0x00001874   0x00000010   Code   RO          662    i.fputc             retarget.o
    0x00001884   0x00000018   Code   RO          710    i.kbhit             termio.o
    0x0000189c   0x00000130   Code   RO            1    i.main              watchmain.o
    0x000019cc   0x0000002c   Code   RO         2036    locale$$code        c_w.l(lc_ctype_c.o)
    0x000019f8   0x0000000a   Code   RO         2102    x$fpl$fpinit        fz_wm.l(fpinit.o)
    0x00001a02   0x00000002   PAD
    0x00001a04   0x00000004   Data   RO          133    .constdata          topwatch.o
    0x00001a08   0x00000004   Data   RO          184    .constdata          timekeeping.o
    0x00001a0c   0x00000004   Data   RO          327    .constdata          timesetting.o
    0x00001a10   0x00000004   Data   RO          385    .constdata          es_checkevents.o
    0x00001a14   0x00000020   Data   RO          422    .constdata          es_framework.o
    0x00001a34   0x0000002f   Data   RO          462    .constdata          es_lookuptables.o
    0x00001a63   0x00000001   PAD
    0x00001a64   0x00000040   Data   RO          614    .constdata          es_timers.o
    0x00001aa4   0x0000001c   Data   RO          759    .constdata          uartstdio.o
    0x00001ac0   0x00000210   Data   RO          856    .constdata          driverlib.lib(gpio.o)
    0x00001cd0   0x00000011   Data   RO         1985    .constdata          c_w.l(__printf_flags_wp.o)
    0x00001ce1   0x00000003   PAD
    0x00001ce4   0x00000011   Data   RO          760    .conststring        uartstdio.o
    0x00001cf5   0x00000003   PAD
    0x00001cf8   0x00000020   Data   RO         2170    Region$$Table       anon$$obj.o
    0x00001d18   0x00000110   Data   RO         2035    locale$$data        c_w.l(lc_ctype_c.o)


    Execution Region RW_IRAM1 (Base: 0x20000000, Size: 0x000008d8, Max: 0x00008000, ABSOLUTE)

    Base Addr    Size         Type   Attr      Idx    E Section Name        Object

    0x20000000   0x00000001   Data   RW          101    .data               mapkeys.o
    0x20000001   0x00000002   Data   RW          134    .data               topwatch.o
    0x20000003   0x00000001   Data   RW          185    .data               timekeeping.o
    0x20000004   0x00000008   Data   RW          231    .data               timedisplay.o
    0x2000000c   0x00000001   Data   RW          328    .data               timesetting.o
    0x2000000d   0x00000001   PAD
    0x2000000e   0x00000006   Data   RW          423    .data               es_framework.o
    0x20000014   0x00000004   Data   RW          481    .data               es_port.o
    0x20000018   0x00000004   Data   RW          569    .data               es_queue.o
    0x2000001c   0x0000000a   Data   RW          615    .data               es_timers.o
    0x20000026   0x00000002   PAD
    0x20000028   0x00000008   Data   RW          663    .data               retarget.o
    0x20000030   0x00000005   Data   RW          761    .data               uartstdio.o
    0x20000035   0x00000003   PAD
    0x20000038   0x0000001c   Zero   RW          421    .bss                es_framework.o
    0x20000054   0x00000020   Zero   RW          613    .bss                es_timers.o
    0x20000074   0x00000060   Zero   RW         2039    .bss                c_w.l(libspace.o)
    0x200000d4   0x00000004   PAD
    0x200000d8   0x00000000   Zero   RW          376    HEAP                startup_rvmdk.o
    0x200000d8   0x00000800   Zero   RW          375    STACK               startup_rvmdk.o


==============================================================================

Image component sizes


      Code (inc. data)   RO Data    RW Data    ZI Data      Debug   Object Name

        48          6          4          0          0       1169   es_checkevents.o
       268         44         32          6         28       2900   es_framework.o
        52          4         47          0          0       1286   es_lookuptables.o
       106         16          0          4          0       3542   es_port.o
       196         10          0          4          0       2561   es_queue.o
       240         44         64         10         32       2434   es_timers.o
        44          4          0          0          0        902   eventcheckers.o
       132         12          0          1          0       1801   mapkeys.o
        38          0          0          8          0       3735   retarget.o
       672        636          0          0       2048        532   startup_rvmdk.o
       128         28          0          0          0       1980   termio.o
       638        246          0          8          0       7651   timedisplay.o
       248         14          4          1          0       2552   timekeeping.o
       620         20          4          1          0       4852   timesetting.o
       368         22          4          2          0       4376   topwatch.o
       132         16         45          5          0       2748   uartstdio.o
       304        204          0          0          0       9067   watchmain.o

    ----------------------------------------------------------------------
      4238       1326        240         56       2108      54088   Object Totals
         0          0         32          0          0          0   (incl. Generated)
         4          0          4          6          0          0   (incl. Padding)

    ----------------------------------------------------------------------

      Code (inc. data)   RO Data    RW Data    ZI Data      Debug   Library Member Name

         8          0          0          0          0         68   __main.o
       312          4         17          0          0         92   __printf_flags_wp.o
        14          0          0          0          0         68   __printf_wp.o
        52          8          0          0          0          0   __scatter.o
        26          0          0          0          0          0   __scatter_copy.o
        28          0          0          0          0          0   __scatter_zi.o
        44          0          0          0          0        108   _printf_char.o
        48          6          0          0          0         96   _printf_char_common.o
        36          4          0          0          0         80   _printf_char_file.o
         6          0          0          0          0          0   _printf_d.o
       116         16          0          0          0         92   _printf_dec.o
       178          0          0          0          0         88   _printf_intcommon.o
        78          0          0          0          0        108   _printf_pad.o
         0          0          0          0          0          0   _printf_percent.o
         4          0          0          0          0          0   _printf_percent_end.o
         6          0          0          0          0          0   _printf_s.o
        82          0          0          0          0         80   _printf_str.o
        12          0          0          0          0         72   exit.o
         4          0          0          0          0         68   getc.o
         6          0          0          0          0        152   heapauxi.o
        44         10        272          0          0         76   lc_ctype_c.o
         2          0          0          0          0          0   libinit.o
        24          0          0          0          0          0   libinit2.o
         2          0          0          0          0          0   libshutdown.o
         2          0          0          0          0          0   libshutdown2.o
         8          4          0          0         96         68   libspace.o
        24          4          0          0          0         84   noretval__2printf.o
        44          4          0          0          0         84   puts.o
        16          4          0          0          0         76   rt_ctype_table.o
         8          4          0          0          0         68   rt_locale_intlibspace.o
         0          0          0          0          0          0   rtentry.o
        12          0          0          0          0          0   rtentry2.o
         6          0          0          0          0          0   rtentry4.o
         2          0          0          0          0          0   rtexit.o
        10          0          0          0          0          0   rtexit2.o
       128          0          0          0          0         68   strcmpv7m.o
        74          0          0          0          0         80   sys_stackheap_outer.o
        30          0          0          0          0         76   toupper.o
         2          0          0          0          0         68   use_no_semi.o
        38          0          0          0          0        504   cpu.o
       454          8        528          0          0       5929   gpio.o
        14          0          0          0          0        450   interrupt.o
       334         22          0          0          0       1550   sysctl.o
        38          0          0          0          0       1218   systick.o
        18          0          0          0          0        867   uart.o
        10          0          0          0          0        116   fpinit.o

    ----------------------------------------------------------------------
      2422         98        820          0        100      12554   Library Totals
        18          0          3          0          4          0   (incl. Padding)

    ----------------------------------------------------------------------

      Code (inc. data)   RO Data    RW Data    ZI Data      Debug   Library Name

      1498         68        289          0         96       1920   c_w.l
       896         30        528          0          0      10518   driverlib.lib
        10          0          0          0          0        116   fz_wm.l

    ----------------------------------------------------------------------
      2422         98        820          0        100      12554   Library Totals

    ----------------------------------------------------------------------

==============================================================================


      Code (inc. data)   RO Data    RW Data    ZI Data      Debug   

      6660       1424       1060         56       2208      58754   Grand Totals
      6660       1424       1060         56       2208      58754   ELF Image Totals
      6660       1424       1060         56          0          0   ROM Totals

==============================================================================

    Total RO  Size (Code + RO Data)                 7720 (   7.54kB)
    Total RW  Size (RW Data + ZI Data)              2264 (   2.21kB)
    Total ROM Size (Code + RO Data + RW Data)       7776 (   7.59kB)

==============================================================================

