<html>
<body>
<pre>
<h1>µVision Build Log</h1>
<h2>Project:</h2>
C:\ME218bCodeDevelopment\UVFrameworkWatch\UVFrameworkWatch.uvproj
Project File Date:  02/08/2015

<h2>Output:</h2>
Rebuild target 'BaseFrameworkTarget'
compiling WatchMain.c...
compiling EventCheckers.c...
compiling MapKeys.c...
compiling TopWatch.c...
compiling TimeKeeping.c...
compiling TimeDisplay.c...
compiling TimeSetting.c...
assembling startup_rvmdk.S...
compiling ES_CheckEvents.c...
compiling ES_DeferRecall.c...
compiling ES_Framework.c...
compiling ES_LookupTables.c...
compiling ES_Port.c...
compiling ES_PostList.c...
compiling ES_Queue.c...
compiling ES_Timers.c...
compiling retarget.c...
compiling termio.c...
compiling uartstdio.c...
linking...
Program Size: Code=6660 RO-data=1060 RW-data=56 ZI-data=2208  
After Build - User command #1: fromelf --bin --output .\Outputs\BaseTarget.bin .\Outputs\BaseTarget.axf
".\Outputs\BaseTarget.axf" - 0 Error(s), 0 Warning(s).
Load "C:\\ME218bCodeDevelopment\\UVFrameworkWatch\\Outputs\\BaseTarget.axf" 
Connecting: Mode=JTAG, Speed=1000000Hz
Erase Done.
Programming Done.
Verify OK.
</pre>
</body>
</html>
