Product: MDK-ARM Lite 5.10
Component: ARM Compiler 5.04 update 1 (build 49)
Tool: armlink [5040049]

==============================================================================

Section Cross References

    kartmain.o(i.main) refers to _printf_percent.o(.ARM.Collect$$_printf_percent$$00000000) for _printf_percent
    kartmain.o(i.main) refers to _printf_s.o(.ARM.Collect$$_printf_percent$$00000014) for _printf_s
    kartmain.o(i.main) refers to _printf_str.o(.text) for _printf_str
    kartmain.o(i.main) refers to sysctl.o(i.SysCtlClockSet) for SysCtlClockSet
    kartmain.o(i.main) refers to termio.o(i.TERMIO_Init) for TERMIO_Init
    kartmain.o(i.main) refers to puts.o(.text) for puts
    kartmain.o(i.main) refers to noretval__2printf.o(.text) for __2printf
    kartmain.o(i.main) refers to init.o(i.InitAll) for InitAll
    kartmain.o(i.main) refers to es_framework.o(i.ES_Initialize) for ES_Initialize
    kartmain.o(i.main) refers to es_framework.o(i.ES_Run) for ES_Run
    eventcheckers.o(i.Check4EncoderCount) refers to inputcapture.o(i.GetLEncoderCount) for GetLEncoderCount
    eventcheckers.o(i.Check4EncoderCount) refers to kartsm.o(i.PostKartSM) for PostKartSM
    eventcheckers.o(i.Check4EncoderCount) refers to eventcheckers.o(.data) for .data
    eventcheckers.o(i.Check4Keystroke) refers to termio.o(i.kbhit) for kbhit
    eventcheckers.o(i.Check4Keystroke) refers to getc.o(.text) for getc
    eventcheckers.o(i.Check4Keystroke) refers to mapkeys.o(i.PostMapKeys) for PostMapKeys
    eventcheckers.o(i.Check4Keystroke) refers to retarget.o(.data) for __stdin
    eventcheckers.o(i.Check4RaceStatusChange) refers to drssm.o(i.GetRaceStatus) for GetRaceStatus
    eventcheckers.o(i.Check4RaceStatusChange) refers to kartsm.o(i.PostKartSM) for PostKartSM
    eventcheckers.o(i.Check4RaceStatusChange) refers to noretval__2printf.o(.text) for __2printf
    eventcheckers.o(i.Check4RaceStatusChange) refers to init.o(.data) for MyKartNum
    eventcheckers.o(i.Check4RaceStatusChange) refers to eventcheckers.o(.data) for .data
    eventcheckers.o(i.SetEncoderGoal) refers to eventcheckers.o(.data) for .data
    mapkeys.o(i.InitMapKeys) refers to mapkeys.o(.data) for .data
    mapkeys.o(i.PostMapKeys) refers to es_framework.o(i.ES_PostToService) for ES_PostToService
    mapkeys.o(i.PostMapKeys) refers to mapkeys.o(.data) for .data
    mapkeys.o(i.RunMapKeys) refers to toupper.o(.text) for toupper
    mapkeys.o(i.RunMapKeys) refers to kartsm.o(i.PostKartSM) for PostKartSM
    admulti.o(i.ADC_MultiInit) refers to admulti.o(.data) for .data
    admulti.o(i.ADC_MultiInit) refers to admulti.o(.constdata) for .constdata
    admulti.o(i.ADC_MultiRead) refers to admulti.o(.data) for .data
    init.o(i.InitAll) refers to enablepa25_pb23_pd7_pf0.o(i.PortFunctionInit) for PortFunctionInit
    init.o(i.InitAll) refers to init.o(i.InitLocomotionPins) for InitLocomotionPins
    init.o(i.InitAll) refers to motorpwm.o(i.InitMotorPWM) for InitMotorPWM
    init.o(i.InitAll) refers to inputcapture.o(i.InitInputCapture) for InitInputCapture
    init.o(i.InitAll) refers to intsample.o(i.InitIntSample) for InitIntSample
    init.o(i.InitAll) refers to ssi.o(i.InitSSI) for InitSSI
    init.o(i.InitAll) refers to admulti.o(i.ADC_MultiInit) for ADC_MultiInit
    init.o(i.InitAll) refers to init.o(.data) for .data
    motorpwm.o(i.InitMotorPWM) refers to motorpwm.o(i.SetMotorPWMDuty) for SetMotorPWMDuty
    ssi.o(i.GetCommandLsb) refers to ssi.o(.data) for .data
    ssi.o(i.GetCommandMsb) refers to ssi.o(.data) for .data
    ssi.o(i.ISR_EndOfTransmit) refers to ssi.o(.data) for .data
    drssm.o(i.GetKartOrientation) refers to drssm.o(.data) for .data
    drssm.o(i.GetKartPositionX) refers to drssm.o(.data) for .data
    drssm.o(i.GetKartPositionY) refers to drssm.o(.data) for .data
    drssm.o(i.GetRaceStatus) refers to drssm.o(.data) for .data
    drssm.o(i.GetRemainingLaps) refers to drssm.o(.data) for .data
    drssm.o(i.InitDrsSM) refers to es_timers.o(i.ES_Timer_InitTimer) for ES_Timer_InitTimer
    drssm.o(i.InitDrsSM) refers to drssm.o(.data) for .data
    drssm.o(i.IsObstacleDone) refers to drssm.o(.data) for .data
    drssm.o(i.IsTargetHit) refers to drssm.o(.data) for .data
    drssm.o(i.PostDrsSM) refers to es_framework.o(i.ES_PostToService) for ES_PostToService
    drssm.o(i.PostDrsSM) refers to drssm.o(.data) for .data
    drssm.o(i.QueryDrsSM) refers to drssm.o(.data) for .data
    drssm.o(i.RunDrsSM) refers to _printf_percent.o(.ARM.Collect$$_printf_percent$$00000000) for _printf_percent
    drssm.o(i.RunDrsSM) refers to _printf_u.o(.ARM.Collect$$_printf_percent$$0000000A) for _printf_u
    drssm.o(i.RunDrsSM) refers to _printf_dec.o(.text) for _printf_int_dec
    drssm.o(i.RunDrsSM) refers to _printf_d.o(.ARM.Collect$$_printf_percent$$00000009) for _printf_d
    drssm.o(i.RunDrsSM) refers to es_timers.o(i.ES_Timer_InitTimer) for ES_Timer_InitTimer
[...]
    ../clib/angel/boardlib.s                 0x00000000   Number         0  boardshut.o ABSOLUTE
    ../clib/angel/handlers.s                 0x00000000   Number         0  __scatter_zi.o ABSOLUTE
    ../clib/angel/handlers.s                 0x00000000   Number         0  __scatter_copy.o ABSOLUTE
    ../clib/angel/kernel.s                   0x00000000   Number         0  rtexit.o ABSOLUTE
    ../clib/angel/kernel.s                   0x00000000   Number         0  rtentry4.o ABSOLUTE
    ../clib/angel/kernel.s                   0x00000000   Number         0  rtentry2.o ABSOLUTE
    ../clib/angel/kernel.s                   0x00000000   Number         0  rtentry.o ABSOLUTE
    ../clib/angel/kernel.s                   0x00000000   Number         0  rtexit2.o ABSOLUTE
    ../clib/angel/rt.s                       0x00000000   Number         0  rt_locale.o ABSOLUTE
    ../clib/angel/rt.s                       0x00000000   Number         0  rt_locale_intlibspace.o ABSOLUTE
    ../clib/angel/rt.s                       0x00000000   Number         0  rt_raise.o ABSOLUTE
    ../clib/angel/rt.s                       0x00000000   Number         0  rt_ctype_table.o ABSOLUTE
    ../clib/angel/scatter.s                  0x00000000   Number         0  __scatter.o ABSOLUTE
    ../clib/angel/startup.s                  0x00000000   Number         0  __main.o ABSOLUTE
    ../clib/angel/sys.s                      0x00000000   Number         0  indicate_semi.o ABSOLUTE
    ../clib/angel/sys.s                      0x00000000   Number         0  sys_stackheap_outer.o ABSOLUTE
    ../clib/angel/sys.s                      0x00000000   Number         0  use_no_semi.o ABSOLUTE
    ../clib/angel/sys.s                      0x00000000   Number         0  libspace.o ABSOLUTE
    ../clib/angel/sysapp.c                   0x00000000   Number         0  sys_command.o ABSOLUTE
    ../clib/armsys.c                         0x00000000   Number         0  argv_veneer.o ABSOLUTE
    ../clib/armsys.c                         0x00000000   Number         0  argv_veneer.o ABSOLUTE
    ../clib/armsys.c                         0x00000000   Number         0  no_argv.o ABSOLUTE
    ../clib/armsys.c                         0x00000000   Number         0  _get_argv_nomalloc.o ABSOLUTE
    ../clib/ctype.c                          0x00000000   Number         0  toupper.o ABSOLUTE
    ../clib/heapalloc.c                      0x00000000   Number         0  hrguard.o ABSOLUTE
    ../clib/heapaux.c                        0x00000000   Number         0  heapauxi.o ABSOLUTE
    ../clib/libinit.s                        0x00000000   Number         0  libshutdown2.o ABSOLUTE
    ../clib/libinit.s                        0x00000000   Number         0  libinit2.o ABSOLUTE
    ../clib/libinit.s                        0x00000000   Number         0  libinit.o ABSOLUTE
    ../clib/libinit.s                        0x00000000   Number         0  libshutdown.o ABSOLUTE
    ../clib/locale.s                         0x00000000   Number         0  lc_ctype_c.o ABSOLUTE
    ../clib/memcpset.s                       0x00000000   Number         0  strcmpv7m.o ABSOLUTE
    ../clib/printf.c                         0x00000000   Number         0  __printf_flags_ss_wp.o ABSOLUTE
    ../clib/printf.c                         0x00000000   Number         0  __printf_nopercent.o ABSOLUTE
    ../clib/printf.c                         0x00000000   Number         0  __2printf.o ABSOLUTE
    ../clib/printf.c                         0x00000000   Number         0  _printf_char_file.o ABSOLUTE
    ../clib/printf.c                         0x00000000   Number         0  noretval__2printf.o ABSOLUTE
    ../clib/printf.c                         0x00000000   Number         0  __printf_wp.o ABSOLUTE
    ../clib/printf.c                         0x00000000   Number         0  __printf.o ABSOLUTE
    ../clib/printf.c                         0x00000000   Number         0  _printf_char_common.o ABSOLUTE
    ../clib/printf.c                         0x00000000   Number         0  _printf_str.o ABSOLUTE
    ../clib/printf.c                         0x00000000   Number         0  _printf_char.o ABSOLUTE
    ../clib/printf.c                         0x00000000   Number         0  _printf_dec.o ABSOLUTE
    ../clib/printf.c                         0x00000000   Number         0  _printf_intcommon.o ABSOLUTE
    ../clib/printf.c                         0x00000000   Number         0  __printf_ss.o ABSOLUTE
    ../clib/printf.c                         0x00000000   Number         0  __printf_flags_ss.o ABSOLUTE
    ../clib/printf.c                         0x00000000   Number         0  __printf_flags.o ABSOLUTE
    ../clib/printf.c                         0x00000000   Number         0  __printf_flags_wp.o ABSOLUTE
    ../clib/printf.c                         0x00000000   Number         0  __printf_ss_wp.o ABSOLUTE
    ../clib/printf_percent.s                 0x00000000   Number         0  _printf_percent_end.o ABSOLUTE
    ../clib/printf_percent.s                 0x00000000   Number         0  _printf_s.o ABSOLUTE
    ../clib/printf_percent.s                 0x00000000   Number         0  _printf_i.o ABSOLUTE
    ../clib/printf_percent.s                 0x00000000   Number         0  _printf_d.o ABSOLUTE
    ../clib/printf_percent.s                 0x00000000   Number         0  _printf_u.o ABSOLUTE
    ../clib/printf_percent.s                 0x00000000   Number         0  _printf_percent.o ABSOLUTE
    ../clib/signal.c                         0x00000000   Number         0  __raise.o ABSOLUTE
    ../clib/signal.c                         0x00000000   Number         0  defsig_other.o ABSOLUTE
    ../clib/signal.c                         0x00000000   Number         0  defsig_general.o ABSOLUTE
    ../clib/signal.c                         0x00000000   Number         0  defsig_exit.o ABSOLUTE
    ../clib/signal.c                         0x00000000   Number         0  defsig_rtmem_inner.o ABSOLUTE
    ../clib/signal.c                         0x00000000   Number         0  defsig_rtmem_outer.o ABSOLUTE
    ../clib/signal.c                         0x00000000   Number         0  defsig_abrt_inner.o ABSOLUTE
    ../clib/signal.c                         0x00000000   Number         0  defsig_rtmem_formal.o ABSOLUTE
    ../clib/signal.c                         0x00000000   Number         0  defsig_fpe_inner.o ABSOLUTE
    ../clib/signal.c                         0x00000000   Number         0  defsig_rtred_inner.o ABSOLUTE
    ../clib/signal.c                         0x00000000   Number         0  defsig_stak_inner.o ABSOLUTE
    ../clib/signal.c                         0x00000000   Number         0  defsig_pvfn_inner.o ABSOLUTE
    ../clib/signal.c                         0x00000000   Number         0  defsig_cppl_inner.o ABSOLUTE
    ../clib/signal.c                         0x00000000   Number         0  defsig_segv_inner.o ABSOLUTE
    ../clib/signal.s                         0x00000000   Number         0  defsig.o ABSOLUTE
    ../clib/stdio.c                          0x00000000   Number         0  puts.o ABSOLUTE
    ../clib/stdio.c                          0x00000000   Number         0  getc.o ABSOLUTE
    ../clib/stdlib.c                         0x00000000   Number         0  exit.o ABSOLUTE
    ../fplib/fpinit.s                        0x00000000   Number         0  fpinit.o ABSOLUTE
    Source\ADMulti.c                         0x00000000   Number         0  admulti.o ABSOLUTE
    Source\BeaconSensingService.c            0x00000000   Number         0  beaconsensingservice.o ABSOLUTE
    Source\DCMotorService.c                  0x00000000   Number         0  dcmotorservice.o ABSOLUTE
    Source\DrsSM.c                           0x00000000   Number         0  drssm.o ABSOLUTE
    Source\ES_CheckEvents.c                  0x00000000   Number         0  es_checkevents.o ABSOLUTE
    Source\ES_DeferRecall.c                  0x00000000   Number         0  es_deferrecall.o ABSOLUTE
    Source\ES_Framework.c                    0x00000000   Number         0  es_framework.o ABSOLUTE
    Source\ES_LookupTables.c                 0x00000000   Number         0  es_lookuptables.o ABSOLUTE
    Source\ES_Port.c                         0x00000000   Number         0  es_port.o ABSOLUTE
    Source\ES_PostList.c                     0x00000000   Number         0  es_postlist.o ABSOLUTE
    Source\ES_Queue.c                        0x00000000   Number         0  es_queue.o ABSOLUTE
    Source\ES_Timers.c                       0x00000000   Number         0  es_timers.o ABSOLUTE
    Source\EnablePA25_PB23_PD7_PF0.c         0x00000000   Number         0  enablepa25_pb23_pd7_pf0.o ABSOLUTE
    Source\EventCheckers.c                   0x00000000   Number         0  eventcheckers.o ABSOLUTE
    Source\Init.c                            0x00000000   Number         0  init.o ABSOLUTE
    Source\InputCapture.c                    0x00000000   Number         0  inputcapture.o ABSOLUTE
    Source\IntSample.c                       0x00000000   Number         0  intsample.o ABSOLUTE
    Source\KARTMain.c                        0x00000000   Number         0  kartmain.o ABSOLUTE
    Source\KartSM.c                          0x00000000   Number         0  kartsm.o ABSOLUTE
    Source\MapKeys.c                         0x00000000   Number         0  mapkeys.o ABSOLUTE
    Source\MotorPWM.c                        0x00000000   Number         0  motorpwm.o ABSOLUTE
    Source\NavigatingSM.c                    0x00000000   Number         0  navigatingsm.o ABSOLUTE
    Source\RacingSM.c                        0x00000000   Number         0  racingsm.o ABSOLUTE
    Source\SSI.c                             0x00000000   Number         0  ssi.o ABSOLUTE
    Source\ShootingSM.c                      0x00000000   Number         0  shootingsm.o ABSOLUTE
    Source\retarget.c                        0x00000000   Number         0  retarget.o ABSOLUTE
    Source\termio.c                          0x00000000   Number         0  termio.o ABSOLUTE
    Source\uartstdio.c                       0x00000000   Number         0  uartstdio.o ABSOLUTE
    StartUp\startup_rvmdk.S                  0x00000000   Number         0  startup_rvmdk.o ABSOLUTE
    cpu.c                                    0x00000000   Number         0  cpu.o ABSOLUTE
    cpu.c                                    0x00000000   Number         0  cpu.o ABSOLUTE
    dc.s                                     0x00000000   Number         0  dc.o ABSOLUTE
    gpio.c                                   0x00000000   Number         0  gpio.o ABSOLUTE
    interrupt.c                              0x00000000   Number         0  interrupt.o ABSOLUTE
    sysctl.c                                 0x00000000   Number         0  sysctl.o ABSOLUTE
    sysctl.c                                 0x00000000   Number         0  sysctl.o ABSOLUTE
    systick.c                                0x00000000   Number         0  systick.o ABSOLUTE
    uart.c                                   0x00000000   Number         0  uart.o ABSOLUTE
    $v0                                      0x0000026c   Number         0  startup_rvmdk.o(RESET)
    NmiSR                                    0x00000281   Thumb Code     0  startup_rvmdk.o(RESET)
    FaultISR                                 0x00000283   Thumb Code     0  startup_rvmdk.o(RESET)
    IntDefaultHandler                        0x00000285   Thumb Code     0  startup_rvmdk.o(RESET)
    !!!main                                  0x00000288   Section        8  __main.o(!!!main)
    !!!scatter                               0x00000290   Section       52  __scatter.o(!!!scatter)
    !!handler_copy                           0x000002c4   Section       26  __scatter_copy.o(!!handler_copy)
    !!handler_zi                             0x000002e0   Section       28  __scatter_zi.o(!!handler_zi)
    .ARM.Collect$$_printf_percent$$00000000  0x000002fc   Section        0  _printf_percent.o(.ARM.Collect$$_printf_percent$$00000000)
    .ARM.Collect$$_printf_percent$$00000008  0x000002fc   Section        6  _printf_i.o(.ARM.Collect$$_printf_percent$$00000008)
    .ARM.Collect$$_printf_percent$$00000009  0x00000302   Section        6  _printf_d.o(.ARM.Collect$$_printf_percent$$00000009)
    .ARM.Collect$$_printf_percent$$0000000A  0x00000308   Section        6  _printf_u.o(.ARM.Collect$$_printf_percent$$0000000A)
    .ARM.Collect$$_printf_percent$$00000014  0x0000030e   Section        6  _printf_s.o(.ARM.Collect$$_printf_percent$$00000014)
    .ARM.Collect$$_printf_percent$$00000017  0x00000314   Section        4  _printf_percent_end.o(.ARM.Collect$$_printf_percent$$00000017)
    .ARM.Collect$$libinit$$00000000          0x00000318   Section        2  libinit.o(.ARM.Collect$$libinit$$00000000)
    .ARM.Collect$$libinit$$00000001          0x0000031a   Section        4  libinit2.o(.ARM.Collect$$libinit$$00000001)
    .ARM.Collect$$libinit$$00000008          0x0000031e   Section        0  libinit2.o(.ARM.Collect$$libinit$$00000008)
    .ARM.Collect$$libinit$$0000000A          0x0000031e   Section        0  libinit2.o(.ARM.Collect$$libinit$$0000000A)
    .ARM.Collect$$libinit$$0000000C          0x0000031e   Section        0  libinit2.o(.ARM.Collect$$libinit$$0000000C)
    .ARM.Collect$$libinit$$0000000D          0x0000031e   Section        6  libinit2.o(.ARM.Collect$$libinit$$0000000D)
    .ARM.Collect$$libinit$$0000000F          0x00000324   Section        0  libinit2.o(.ARM.Collect$$libinit$$0000000F)
    .ARM.Collect$$libinit$$00000010          0x00000324   Section       12  libinit2.o(.ARM.Collect$$libinit$$00000010)
    .ARM.Collect$$libinit$$00000011          0x00000330   Section        0  libinit2.o(.ARM.Collect$$libinit$$00000011)
    .ARM.Collect$$libinit$$00000013          0x00000330   Section        0  libinit2.o(.ARM.Collect$$libinit$$00000013)
    .ARM.Collect$$libinit$$00000015          0x00000330   Section        0  libinit2.o(.ARM.Collect$$libinit$$00000015)
    .ARM.Collect$$libinit$$00000017          0x00000330   Section        0  libinit2.o(.ARM.Collect$$libinit$$00000017)
    .ARM.Collect$$libinit$$00000019          0x00000330   Section        0  libinit2.o(.ARM.Collect$$libinit$$00000019)
    .ARM.Collect$$libinit$$0000001B          0x00000330   Section        0  libinit2.o(.ARM.Collect$$libinit$$0000001B)
    .ARM.Collect$$libinit$$0000001D          0x00000330   Section        0  libinit2.o(.ARM.Collect$$libinit$$0000001D)
    .ARM.Collect$$libinit$$0000001F          0x00000330   Section        0  libinit2.o(.ARM.Collect$$libinit$$0000001F)
    .ARM.Collect$$libinit$$00000021          0x00000330   Section        0  libinit2.o(.ARM.Collect$$libinit$$00000021)
    .ARM.Collect$$libinit$$00000023          0x00000330   Section        0  libinit2.o(.ARM.Collect$$libinit$$00000023)
    .ARM.Collect$$libinit$$0000002A          0x00000330   Section        0  libinit2.o(.ARM.Collect$$libinit$$0000002A)
    .ARM.Collect$$libinit$$0000002C          0x00000330   Section        0  libinit2.o(.ARM.Collect$$libinit$$0000002C)
    .ARM.Collect$$libinit$$0000002E          0x00000330   Section        0  libinit2.o(.ARM.Collect$$libinit$$0000002E)
    .ARM.Collect$$libinit$$00000030          0x00000330   Section        0  libinit2.o(.ARM.Collect$$libinit$$00000030)
    .ARM.Collect$$libinit$$00000031          0x00000330   Section        2  libinit2.o(.ARM.Collect$$libinit$$00000031)
    .ARM.Collect$$libshutdown$$00000000      0x00000332   Section        2  libshutdown.o(.ARM.Collect$$libshutdown$$00000000)
    .ARM.Collect$$libshutdown$$00000003      0x00000334   Section        0  libshutdown2.o(.ARM.Collect$$libshutdown$$00000003)
    .ARM.Collect$$libshutdown$$00000006      0x00000334   Section        0  libshutdown2.o(.ARM.Collect$$libshutdown$$00000006)
    .ARM.Collect$$libshutdown$$00000009      0x00000334   Section        0  libshutdown2.o(.ARM.Collect$$libshutdown$$00000009)
    .ARM.Collect$$libshutdown$$0000000B      0x00000334   Section        0  libshutdown2.o(.ARM.Collect$$libshutdown$$0000000B)
    .ARM.Collect$$libshutdown$$0000000E      0x00000334   Section        0  libshutdown2.o(.ARM.Collect$$libshutdown$$0000000E)
    .ARM.Collect$$libshutdown$$0000000F      0x00000334   Section        2  libshutdown2.o(.ARM.Collect$$libshutdown$$0000000F)
    .ARM.Collect$$rtentry$$00000000          0x00000336   Section        0  rtentry.o(.ARM.Collect$$rtentry$$00000000)
    .ARM.Collect$$rtentry$$00000002          0x00000336   Section        0  rtentry2.o(.ARM.Collect$$rtentry$$00000002)
    .ARM.Collect$$rtentry$$00000004          0x00000336   Section        6  rtentry4.o(.ARM.Collect$$rtentry$$00000004)
    .ARM.Collect$$rtentry$$00000009          0x0000033c   Section        0  rtentry2.o(.ARM.Collect$$rtentry$$00000009)
    .ARM.Collect$$rtentry$$0000000A          0x0000033c   Section        4  rtentry2.o(.ARM.Collect$$rtentry$$0000000A)
    .ARM.Collect$$rtentry$$0000000C          0x00000340   Section        0  rtentry2.o(.ARM.Collect$$rtentry$$0000000C)
    .ARM.Collect$$rtentry$$0000000D          0x00000340   Section        8  rtentry2.o(.ARM.Collect$$rtentry$$0000000D)
    .ARM.Collect$$rtexit$$00000000           0x00000348   Section        2  rtexit.o(.ARM.Collect$$rtexit$$00000000)
    .ARM.Collect$$rtexit$$00000002           0x0000034a   Section        0  rtexit2.o(.ARM.Collect$$rtexit$$00000002)
    .ARM.Collect$$rtexit$$00000003           0x0000034a   Section        4  rtexit2.o(.ARM.Collect$$rtexit$$00000003)
    .ARM.Collect$$rtexit$$00000004           0x0000034e   Section        6  rtexit2.o(.ARM.Collect$$rtexit$$00000004)
    .emb_text                                0x00000354   Section        6  sysctl.o(.emb_text)
    $v0                                      0x00000354   Number         0  sysctl.o(.emb_text)
    .emb_text                                0x0000035c   Section       38  cpu.o(.emb_text)
    $v0                                      0x0000035c   Number         0  cpu.o(.emb_text)
    .text                                    0x00000384   Section       24  startup_rvmdk.o(.text)
    $v0                                      0x00000384   Number         0  startup_rvmdk.o(.text)
    .text                                    0x0000039c   Section        2  use_no_semi.o(.text)
    .text                                    0x0000039e   Section        0  toupper.o(.text)
    .text                                    0x000003bc   Section        0  noretval__2printf.o(.text)
    .text                                    0x000003d4   Section        0  __printf.o(.text)
    .text                                    0x0000043c   Section        0  _printf_str.o(.text)
    .text                                    0x00000490   Section        0  _printf_dec.o(.text)
    .text                                    0x00000504   Section        0  puts.o(.text)
    .text                                    0x00000530   Section        0  heapauxi.o(.text)
    .text                                    0x00000538   Section       16  rt_ctype_table.o(.text)
    .text                                    0x00000548   Section        0  _printf_intcommon.o(.text)
    .text                                    0x000005fa   Section        0  _printf_char.o(.text)
    .text                                    0x00000628   Section        0  _printf_char_file.o(.text)
    .text                                    0x0000064c   Section        8  rt_locale_intlibspace.o(.text)
    .text                                    0x00000654   Section        0  _printf_char_common.o(.text)
    _printf_input_char                       0x00000655   Thumb Code    10  _printf_char_common.o(.text)
    .text                                    0x00000684   Section        8  libspace.o(.text)
    .text                                    0x0000068c   Section       74  sys_stackheap_outer.o(.text)
    .text                                    0x000006d6   Section        0  exit.o(.text)
    .text                                    0x000006e4   Section      128  strcmpv7m.o(.text)
    i.ADC_MultiInit                          0x00000764   Section        0  admulti.o(i.ADC_MultiInit)
    i.ADC_MultiRead                          0x0000082c   Section        0  admulti.o(i.ADC_MultiRead)
    i.Brake                                  0x00000864   Section        0  dcmotorservice.o(i.Brake)
    i.CPUgetPRIMASK_cpsid                    0x000008a4   Section        0  es_port.o(i.CPUgetPRIMASK_cpsid)
    i.CPUsetPRIMASK                          0x000008ac   Section        0  es_port.o(i.CPUsetPRIMASK)
    i.Check4EncoderCount                     0x000008b4   Section        0  eventcheckers.o(i.Check4EncoderCount)
    i.Check4RaceStatusChange                 0x000008d8   Section        0  eventcheckers.o(i.Check4RaceStatusChange)
    i.ES_CheckUserEvents                     0x00000960   Section        0  es_checkevents.o(i.ES_CheckUserEvents)
    i.ES_DeQueue                             0x00000988   Section        0  es_queue.o(i.ES_DeQueue)
    i.ES_EnQueueFIFO                         0x000009dc   Section        0  es_queue.o(i.ES_EnQueueFIFO)
    i.ES_GetMSBitSet                         0x00000a24   Section        0  es_lookuptables.o(i.ES_GetMSBitSet)
    i.ES_InitQueue                           0x00000a58   Section        0  es_queue.o(i.ES_InitQueue)
    i.ES_Initialize                          0x00000a68   Section        0  es_framework.o(i.ES_Initialize)
    i.ES_PostToService                       0x00000ab4   Section        0  es_framework.o(i.ES_PostToService)
    i.ES_Run                                 0x00000aec   Section        0  es_framework.o(i.ES_Run)
    i.ES_Timer_Init                          0x00000b4c   Section        0  es_timers.o(i.ES_Timer_Init)
    i.ES_Timer_InitTimer                     0x00000b50   Section        0  es_timers.o(i.ES_Timer_InitTimer)
    i.ES_Timer_Tick_Resp                     0x00000b8c   Section        0  es_timers.o(i.ES_Timer_Tick_Resp)
    i.EnableIntSample                        0x00000bf8   Section        0  intsample.o(i.EnableIntSample)
    i.GPIODirModeSet                         0x00000c14   Section        0  gpio.o(i.GPIODirModeSet)
    i.GPIOPadConfigSet                       0x00000c3c   Section        0  gpio.o(i.GPIOPadConfigSet)
    i.GPIOPinConfigure                       0x00000d78   Section        0  gpio.o(i.GPIOPinConfigure)
    i.GPIOPinTypeGPIOInput                   0x00000dc0   Section        0  gpio.o(i.GPIOPinTypeGPIOInput)
    i.GPIOPinTypeUART                        0x00000ddc   Section        0  gpio.o(i.GPIOPinTypeUART)
    i.GetCommandLsb                          0x00000df8   Section        0  ssi.o(i.GetCommandLsb)
    i.GetCommandMsb                          0x00000e04   Section        0  ssi.o(i.GetCommandMsb)
    i.GetDesOrientation                      0x00000e10   Section        0  navigatingsm.o(i.GetDesOrientation)
    GetDesOrientation                        0x00000e11   Thumb Code    52  navigatingsm.o(i.GetDesOrientation)
    i.GetKartOrientation                     0x00000e48   Section        0  drssm.o(i.GetKartOrientation)
    i.GetKartPositionX                       0x00000e54   Section        0  drssm.o(i.GetKartPositionX)
    i.GetKartPositionY                       0x00000e60   Section        0  drssm.o(i.GetKartPositionY)
    i.GetLEncoderCount                       0x00000e6c   Section        0  inputcapture.o(i.GetLEncoderCount)
    i.GetLMotorPeriod                        0x00000e78   Section        0  inputcapture.o(i.GetLMotorPeriod)
    i.GetRMotorPeriod                        0x00000e84   Section        0  inputcapture.o(i.GetRMotorPeriod)
    i.GetRaceStatus                          0x00000e90   Section        0  drssm.o(i.GetRaceStatus)
    i.GetRemainingLaps                       0x00000ea0   Section        0  drssm.o(i.GetRemainingLaps)
    i.ISR_Beacon                             0x00000eb0   Section        0  inputcapture.o(i.ISR_Beacon)
    i.ISR_EndOfTransmit                      0x00000ecc   Section        0  ssi.o(i.ISR_EndOfTransmit)
    i.ISR_LeftEncoder                        0x00000f18   Section        0  inputcapture.o(i.ISR_LeftEncoder)
    i.ISR_PeriodicControl                    0x00000f3c   Section        0  intsample.o(i.ISR_PeriodicControl)
    i.ISR_RightEncoder                       0x00001070   Section        0  inputcapture.o(i.ISR_RightEncoder)
    i.InitAll                                0x00001094   Section        0  init.o(i.InitAll)
    i.InitBeaconSensingService               0x000011ac   Section        0  beaconsensingservice.o(i.InitBeaconSensingService)
    i.InitDrsSM                              0x000011c4   Section        0  drssm.o(i.InitDrsSM)
    i.InitInputCapture                       0x000011dc   Section        0  inputcapture.o(i.InitInputCapture)
    i.InitIntSample                          0x000012b4   Section        0  intsample.o(i.InitIntSample)
    i.InitKartSM                             0x00001358   Section        0  kartsm.o(i.InitKartSM)
    i.InitLocomotionPins                     0x00001374   Section        0  init.o(i.InitLocomotionPins)
    InitLocomotionPins                       0x00001375   Thumb Code   110  init.o(i.InitLocomotionPins)
    i.InitMapKeys                            0x000013f8   Section        0  mapkeys.o(i.InitMapKeys)
    i.InitMotorPWM                           0x00001404   Section        0  motorpwm.o(i.InitMotorPWM)
    i.InitSSI                                0x00001488   Section        0  ssi.o(i.InitSSI)
    i.IntMasterEnable                        0x0000154c   Section        0  interrupt.o(i.IntMasterEnable)
    i.IsObstacleDone                         0x0000155c   Section        0  drssm.o(i.IsObstacleDone)
    i.IsTargetHit                            0x0000156c   Section        0  drssm.o(i.IsTargetHit)
    i.Move                                   0x00001578   Section        0  dcmotorservice.o(i.Move)
    i.PortFunctionInit                       0x000015e4   Section        0  enablepa25_pb23_pd7_pf0.o(i.PortFunctionInit)
    i.PostBeaconSensingService               0x00001658   Section        0  beaconsensingservice.o(i.PostBeaconSensingService)
    i.PostDrsSM                              0x00001668   Section        0  drssm.o(i.PostDrsSM)
    i.PostKartSM                             0x00001678   Section        0  kartsm.o(i.PostKartSM)
    i.Rotate                                 0x00001688   Section        0  dcmotorservice.o(i.Rotate)
    i.RunBeaconSensingService                0x000016f4   Section        0  beaconsensingservice.o(i.RunBeaconSensingService)
    i.RunDrsSM                               0x00001784   Section        0  drssm.o(i.RunDrsSM)
    i.RunKartSM                              0x00001a54   Section        0  kartsm.o(i.RunKartSM)
    i.RunMapKeys                             0x00001a7c   Section        0  mapkeys.o(i.RunMapKeys)
    i.RunNavigatingSM                        0x00001aa4   Section        0  navigatingsm.o(i.RunNavigatingSM)
    i.RunRacingSM                            0x00001ce4   Section        0  racingsm.o(i.RunRacingSM)
    i.SendCommand                            0x00001de8   Section        0  ssi.o(i.SendCommand)
    i.SetEncoderGoal                         0x00001e0c   Section        0  eventcheckers.o(i.SetEncoderGoal)
    i.SetLEncoderCount                       0x00001e18   Section        0  inputcapture.o(i.SetLEncoderCount)
    i.SetLMotorDesRPM                        0x00001e24   Section        0  intsample.o(i.SetLMotorDesRPM)
    i.SetMotorPWMDuty                        0x00001e30   Section        0  motorpwm.o(i.SetMotorPWMDuty)
    i.SetRMotorDesRPM                        0x00001eb4   Section        0  intsample.o(i.SetRMotorDesRPM)
    i.StartKartSM                            0x00001ec0   Section        0  kartsm.o(i.StartKartSM)
    i.StartNavigatingSM                      0x00001ed4   Section        0  navigatingsm.o(i.StartNavigatingSM)
    i.StartRacingSM                          0x00001f18   Section        0  racingsm.o(i.StartRacingSM)
    i.SysCtlClockSet                         0x00001f2c   Section        0  sysctl.o(i.SysCtlClockSet)
    i.SysCtlPeripheralEnable                 0x0000204c   Section        0  sysctl.o(i.SysCtlPeripheralEnable)
    i.SysTickEnable                          0x00002074   Section        0  systick.o(i.SysTickEnable)
    i.SysTickIntEnable                       0x00002082   Section        0  systick.o(i.SysTickIntEnable)
    i.SysTickIntHandler                      0x00002090   Section        0  es_port.o(i.SysTickIntHandler)
    i.SysTickPeriodSet                       0x000020a4   Section        0  systick.o(i.SysTickPeriodSet)
    i.TERMIO_Init                            0x000020b0   Section        0  termio.o(i.TERMIO_Init)
    i.TERMIO_PutChar                         0x00002100   Section        0  termio.o(i.TERMIO_PutChar)
    i.UARTCharPut                            0x0000210c   Section        0  uart.o(i.UARTCharPut)
    i.UARTClockSourceSet                     0x00002118   Section        0  uart.o(i.UARTClockSourceSet)
    i.UARTStdioConfig                        0x00002120   Section        0  uartstdio.o(i.UARTStdioConfig)
    i._HW_Process_Pending_Ints               0x0000217c   Section        0  es_port.o(i._HW_Process_Pending_Ints)
    i._HW_Timer_Init                         0x0000219c   Section        0  es_port.o(i._HW_Timer_Init)
    i._sys_exit                              0x000021b2   Section        0  retarget.o(i._sys_exit)
    i.ferror                                 0x000021b4   Section        0  retarget.o(i.ferror)
    i.fputc                                  0x000021ba   Section        0  retarget.o(i.fputc)
    i.main                                   0x000021c8   Section        0  kartmain.o(i.main)
    locale$$code                             0x000022b8   Section       44  lc_ctype_c.o(locale$$code)
    x$fpl$fpinit                             0x000022e4   Section       10  fpinit.o(x$fpl$fpinit)
    $v0                                      0x000022e4   Number         0  fpinit.o(x$fpl$fpinit)
    .constdata                               0x000022f0   Section       48  admulti.o(.constdata)
    HowMany2Mask                             0x000022f0   Data          16  admulti.o(.constdata)
    HowMany2Mux                              0x00002300   Data          16  admulti.o(.constdata)
    HowMany2CTL                              0x00002310   Data          16  admulti.o(.constdata)
    .constdata                               0x00002320   Section        4  racingsm.o(.constdata)
    .constdata                               0x00002324   Section        4  navigatingsm.o(.constdata)
    .constdata                               0x00002328   Section        8  es_checkevents.o(.constdata)
    ES_EventList                             0x00002328   Data           8  es_checkevents.o(.constdata)
    .constdata                               0x00002330   Section       64  es_framework.o(.constdata)
    ServDescList                             0x00002330   Data          32  es_framework.o(.constdata)
    EventQueues                              0x00002350   Data          32  es_framework.o(.constdata)
    .constdata                               0x00002370   Section       32  es_lookuptables.o(.constdata)
    .constdata                               0x00002390   Section       15  es_lookuptables.o(.constdata)
    .constdata                               0x000023a0   Section       64  es_timers.o(.constdata)
    Timer2PostFunc                           0x000023a0   Data          64  es_timers.o(.constdata)
    .constdata                               0x000023e0   Section       28  uartstdio.o(.constdata)
    g_pcHex                                  0x000023e0   Data           4  uartstdio.o(.constdata)
    g_ui32UARTBase                           0x000023e4   Data          12  uartstdio.o(.constdata)
    g_ui32UARTPeriph                         0x000023f0   Data          12  uartstdio.o(.constdata)
    .constdata                               0x000023fc   Section      528  gpio.o(.constdata)
    g_ppui32GPIOIntMapBlizzard               0x000023fc   Data         192  gpio.o(.constdata)
    g_ppui32GPIOIntMapSnowflake              0x000024bc   Data         192  gpio.o(.constdata)
    g_pui32GPIOBaseAddrs                     0x0000257c   Data         144  gpio.o(.constdata)
    .conststring                             0x0000260c   Section       67  drssm.o(.conststring)
    .conststring                             0x00002650   Section       73  beaconsensingservice.o(.conststring)
    .conststring                             0x0000269c   Section       17  uartstdio.o(.conststring)
    locale$$data                             0x000026d0   Section      272  lc_ctype_c.o(locale$$data)
    __lcctype_c_name                         0x000026d4   Data           2  lc_ctype_c.o(locale$$data)
    __lcctype_c_start                        0x000026dc   Data           0  lc_ctype_c.o(locale$$data)
    __lcctype_c_end                          0x000027e0   Data           0  lc_ctype_c.o(locale$$data)
    .data                                    0x20000000   Section        8  eventcheckers.o(.data)
    LastState                                0x20000000   Data           1  eventcheckers.o(.data)
    EncoderGoal                              0x20000004   Data           4  eventcheckers.o(.data)
    .data                                    0x20000008   Section        1  mapkeys.o(.data)
    MyPriority                               0x20000008   Data           1  mapkeys.o(.data)
    .data                                    0x20000009   Section        1  admulti.o(.data)
    NumChannelsConverting                    0x20000009   Data           1  admulti.o(.data)
    .data                                    0x2000000a   Section        1  init.o(.data)
    .data                                    0x2000000c   Section        8  ssi.o(.data)
    receiveDataMsb                           0x2000000c   Data           4  ssi.o(.data)
    receiveDataLsb                           0x20000010   Data           4  ssi.o(.data)
    .data                                    0x20000014   Section       32  drssm.o(.data)
    CurrentState                             0x20000014   Data           1  drssm.o(.data)
    MyPriority                               0x20000015   Data           1  drssm.o(.data)
    KartStatus                               0x20000016   Data           3  drssm.o(.data)
    KartPosMsbX                              0x20000019   Data           3  drssm.o(.data)
    KartPosMsbY                              0x2000001c   Data           3  drssm.o(.data)
    KartOriMsb                               0x2000001f   Data           3  drssm.o(.data)
    KartPositionX                            0x20000022   Data           6  drssm.o(.data)
    KartPositionY                            0x20000028   Data           6  drssm.o(.data)
    KartOrientation                          0x2000002e   Data           6  drssm.o(.data)
    .data                                    0x20000034   Section        2  kartsm.o(.data)
    MyPriority                               0x20000034   Data           1  kartsm.o(.data)
    CurrentState                             0x20000035   Data           1  kartsm.o(.data)
    .data                                    0x20000038   Section       32  inputcapture.o(.data)
    LMotorPeriod                             0x20000038   Data           4  inputcapture.o(.data)
    RMotorPeriod                             0x2000003c   Data           4  inputcapture.o(.data)
    BeaconPeriod                             0x20000040   Data           4  inputcapture.o(.data)
    LMotorLastCapture                        0x20000044   Data           4  inputcapture.o(.data)
    RMotorLastCapture                        0x20000048   Data           4  inputcapture.o(.data)
    BeaconLastCapture                        0x2000004c   Data           4  inputcapture.o(.data)
    LEncoderCount                            0x20000050   Data           4  inputcapture.o(.data)
    REncoderCount                            0x20000054   Data           4  inputcapture.o(.data)
    .data                                    0x20000058   Section       48  intsample.o(.data)
    LMotorCurRPM                             0x20000058   Data           4  intsample.o(.data)
    LMotorDesRPM                             0x2000005c   Data           4  intsample.o(.data)
    LMotorRPMError                           0x20000060   Data           4  intsample.o(.data)
    LMotorSumError                           0x20000064   Data           4  intsample.o(.data)
    RMotorCurRPM                             0x20000068   Data           4  intsample.o(.data)
    RMotorDesRPM                             0x2000006c   Data           4  intsample.o(.data)
    RMotorRPMError                           0x20000070   Data           4  intsample.o(.data)
    RMotorSumError                           0x20000074   Data           4  intsample.o(.data)
    LKp                                      0x20000078   Data           4  intsample.o(.data)
    LKi                                      0x2000007c   Data           4  intsample.o(.data)
    RKp                                      0x20000080   Data           4  intsample.o(.data)
    RKi                                      0x20000084   Data           4  intsample.o(.data)
    .data                                    0x20000088   Section        1  racingsm.o(.data)
    CurrentState                             0x20000088   Data           1  racingsm.o(.data)
    .data                                    0x2000008a   Section        8  navigatingsm.o(.data)
    CurrentState                             0x2000008a   Data           1  navigatingsm.o(.data)
    CurrentOri                               0x2000008c   Data           2  navigatingsm.o(.data)
    CurrentPos                               0x2000008e   Data           4  navigatingsm.o(.data)
    .data                                    0x20000094   Section        8  beaconsensingservice.o(.data)
    CurrentState                             0x20000094   Data           1  beaconsensingservice.o(.data)
    MyPriority                               0x20000095   Data           1  beaconsensingservice.o(.data)
    BeaconValue                              0x20000098   Data           4  beaconsensingservice.o(.data)
    .data                                    0x2000009c   Section        6  es_framework.o(.data)
    ThisEvent                                0x2000009e   Data           4  es_framework.o(.data)
    .data                                    0x200000a2   Section        4  es_port.o(.data)
    TickCount                                0x200000a2   Data           1  es_port.o(.data)
    SysTickCounter                           0x200000a4   Data           2  es_port.o(.data)
    .data                                    0x200000a8   Section        4  es_queue.o(.data)
    .data                                    0x200000ac   Section       10  es_timers.o(.data)
    NextTimer2Process                        0x200000ac   Data           1  es_timers.o(.data)
    NeedsProcessing                          0x200000ae   Data           2  es_timers.o(.data)
    TMR_ActiveFlags                          0x200000b0   Data           2  es_timers.o(.data)
    NewEvent                                 0x200000b2   Data           4  es_timers.o(.data)
    .data                                    0x200000b8   Section        4  retarget.o(.data)
    .data                                    0x200000bc   Section        8  uartstdio.o(.data)
    bLastWasCR                               0x200000bc   Data           1  uartstdio.o(.data)
    g_ui32Base                               0x200000c0   Data           4  uartstdio.o(.data)
    .bss                                     0x200000c4   Section       12  es_framework.o(.bss)
    Queue0                                   0x200000c4   Data          12  es_framework.o(.bss)
    .bss                                     0x200000d0   Section       16  es_framework.o(.bss)
    Queue1                                   0x200000d0   Data          16  es_framework.o(.bss)
    .bss                                     0x200000e0   Section       16  es_framework.o(.bss)
    Queue2                                   0x200000e0   Data          16  es_framework.o(.bss)
    .bss                                     0x200000f0   Section       16  es_framework.o(.bss)
    Queue3                                   0x200000f0   Data          16  es_framework.o(.bss)
    .bss                                     0x20000100   Section       32  es_timers.o(.bss)
    TMR_TimerArray                           0x20000100   Data          32  es_timers.o(.bss)
    .bss                                     0x20000120   Section       96  libspace.o(.bss)
    HEAP                                     0x20000180   Section        0  startup_rvmdk.o(HEAP)
    STACK                                    0x20000180   Section     2048  startup_rvmdk.o(STACK)
    HeapMem                                  0x20000180   Data           0  startup_rvmdk.o(HEAP)
    StackMem                                 0x20000180   Data           0  startup_rvmdk.o(STACK)

    Global Symbols

    Symbol Name                              Value     Ov Type        Size  Object(Section)

    BuildAttributes$$THM_ISAv4$E$P$D$K$B$S$7EM$VFPi3$EXTD16$VFPS$VFMA$PE$A:L22UL41UL21$X:L11$S22US41US21$IEEE1$IW$USESV6$~STKCKD$USESV7$~SHL$OTIME$ROPI$EBA8$UX$STANDARDLIB$REQ8$PRES8$EABIv2 0x00000000   Number         0  anon$$obj.o ABSOLUTE
    __ARM_use_no_argv                        0x00000000   Number         0  kartmain.o ABSOLUTE
    __Vectors                                0x00000000   Data           0  startup_rvmdk.o(RESET)
    __ARM_exceptions_init                     - Undefined Weak Reference
    __alloca_initialize                       - Undefined Weak Reference
    __cpp_initialize__aeabi_                  - Undefined Weak Reference
    __cxa_finalize                            - Undefined Weak Reference
    __sigvec_lookup                           - Undefined Weak Reference
    _atexit_init                              - Undefined Weak Reference
    _call_atexit_fns                          - Undefined Weak Reference
    _clock_init                               - Undefined Weak Reference
    _fp_trap_init                             - Undefined Weak Reference
    _fp_trap_shutdown                         - Undefined Weak Reference
    _get_lc_collate                           - Undefined Weak Reference
    _get_lc_monetary                          - Undefined Weak Reference
    _get_lc_numeric                           - Undefined Weak Reference
    _get_lc_time                              - Undefined Weak Reference
    _getenv_init                              - Undefined Weak Reference
    _handle_redirection                       - Undefined Weak Reference
    _init_alloc                               - Undefined Weak Reference
    _init_user_alloc                          - Undefined Weak Reference
    _initio                                   - Undefined Weak Reference
    _printf_mbtowc                            - Undefined Weak Reference
    _printf_post_padding                      - Undefined Weak Reference
    _printf_pre_padding                       - Undefined Weak Reference
    _printf_truncate_signed                   - Undefined Weak Reference
    _printf_truncate_unsigned                 - Undefined Weak Reference
    _rand_init                                - Undefined Weak Reference
    _signal_finish                            - Undefined Weak Reference
    _signal_init                              - Undefined Weak Reference
    _terminate_alloc                          - Undefined Weak Reference
    _terminate_user_alloc                     - Undefined Weak Reference
    _terminateio                              - Undefined Weak Reference
    Reset_Handler                            0x0000026d   Thumb Code     0  startup_rvmdk.o(RESET)
    __main                                   0x00000289   Thumb Code     8  __main.o(!!!main)
    __scatterload                            0x00000291   Thumb Code     0  __scatter.o(!!!scatter)
    __scatterload_rt2                        0x00000291   Thumb Code    44  __scatter.o(!!!scatter)
    __scatterload_rt2_thumb_only             0x00000291   Thumb Code     0  __scatter.o(!!!scatter)
    __scatterload_null                       0x0000029f   Thumb Code     0  __scatter.o(!!!scatter)
    __scatterload_copy                       0x000002c5   Thumb Code    26  __scatter_copy.o(!!handler_copy)
    __scatterload_zeroinit                   0x000002e1   Thumb Code    28  __scatter_zi.o(!!handler_zi)
    _printf_i                                0x000002fd   Thumb Code     0  _printf_i.o(.ARM.Collect$$_printf_percent$$00000008)
    _printf_percent                          0x000002fd   Thumb Code     0  _printf_percent.o(.ARM.Collect$$_printf_percent$$00000000)
    _printf_d                                0x00000303   Thumb Code     0  _printf_d.o(.ARM.Collect$$_printf_percent$$00000009)
    _printf_u                                0x00000309   Thumb Code     0  _printf_u.o(.ARM.Collect$$_printf_percent$$0000000A)
    _printf_s                                0x0000030f   Thumb Code     0  _printf_s.o(.ARM.Collect$$_printf_percent$$00000014)
    _printf_percent_end                      0x00000315   Thumb Code     0  _printf_percent_end.o(.ARM.Collect$$_printf_percent$$00000017)
    __rt_lib_init                            0x00000319   Thumb Code     0  libinit.o(.ARM.Collect$$libinit$$00000000)
    __rt_lib_init_fp_1                       0x0000031b   Thumb Code     0  libinit2.o(.ARM.Collect$$libinit$$00000001)
    __rt_lib_init_heap_1                     0x0000031f   Thumb Code     0  libinit2.o(.ARM.Collect$$libinit$$00000008)
    __rt_lib_init_lc_common                  0x0000031f   Thumb Code     0  libinit2.o(.ARM.Collect$$libinit$$0000000D)
    __rt_lib_init_rand_1                     0x0000031f   Thumb Code     0  libinit2.o(.ARM.Collect$$libinit$$0000000C)
    __rt_lib_init_user_alloc_1               0x0000031f   Thumb Code     0  libinit2.o(.ARM.Collect$$libinit$$0000000A)
    __rt_lib_init_lc_collate_1               0x00000325   Thumb Code     0  libinit2.o(.ARM.Collect$$libinit$$0000000F)
    __rt_lib_init_lc_ctype_2                 0x00000325   Thumb Code     0  libinit2.o(.ARM.Collect$$libinit$$00000010)
    __rt_lib_init_alloca_1                   0x00000331   Thumb Code     0  libinit2.o(.ARM.Collect$$libinit$$0000002C)
    __rt_lib_init_argv_1                     0x00000331   Thumb Code     0  libinit2.o(.ARM.Collect$$libinit$$0000002A)
    __rt_lib_init_atexit_1                   0x00000331   Thumb Code     0  libinit2.o(.ARM.Collect$$libinit$$00000019)
    __rt_lib_init_clock_1                    0x00000331   Thumb Code     0  libinit2.o(.ARM.Collect$$libinit$$0000001F)
    __rt_lib_init_cpp_1                      0x00000331   Thumb Code     0  libinit2.o(.ARM.Collect$$libinit$$00000030)
    __rt_lib_init_exceptions_1               0x00000331   Thumb Code     0  libinit2.o(.ARM.Collect$$libinit$$0000002E)
    __rt_lib_init_fp_trap_1                  0x00000331   Thumb Code     0  libinit2.o(.ARM.Collect$$libinit$$0000001D)
    __rt_lib_init_getenv_1                   0x00000331   Thumb Code     0  libinit2.o(.ARM.Collect$$libinit$$00000021)
    __rt_lib_init_lc_ctype_1                 0x00000331   Thumb Code     0  libinit2.o(.ARM.Collect$$libinit$$00000011)
    __rt_lib_init_lc_monetary_1              0x00000331   Thumb Code     0  libinit2.o(.ARM.Collect$$libinit$$00000013)
    __rt_lib_init_lc_numeric_1               0x00000331   Thumb Code     0  libinit2.o(.ARM.Collect$$libinit$$00000015)
    __rt_lib_init_lc_time_1                  0x00000331   Thumb Code     0  libinit2.o(.ARM.Collect$$libinit$$00000017)
    __rt_lib_init_return                     0x00000331   Thumb Code     0  libinit2.o(.ARM.Collect$$libinit$$00000031)
    __rt_lib_init_signal_1                   0x00000331   Thumb Code     0  libinit2.o(.ARM.Collect$$libinit$$0000001B)
    __rt_lib_init_stdio_1                    0x00000331   Thumb Code     0  libinit2.o(.ARM.Collect$$libinit$$00000023)
    __rt_lib_shutdown                        0x00000333   Thumb Code     0  libshutdown.o(.ARM.Collect$$libshutdown$$00000000)
    __rt_lib_shutdown_fp_trap_1              0x00000335   Thumb Code     0  libshutdown2.o(.ARM.Collect$$libshutdown$$00000006)
    __rt_lib_shutdown_heap_1                 0x00000335   Thumb Code     0  libshutdown2.o(.ARM.Collect$$libshutdown$$0000000E)
    __rt_lib_shutdown_return                 0x00000335   Thumb Code     0  libshutdown2.o(.ARM.Collect$$libshutdown$$0000000F)
    __rt_lib_shutdown_signal_1               0x00000335   Thumb Code     0  libshutdown2.o(.ARM.Collect$$libshutdown$$00000009)
    __rt_lib_shutdown_stdio_1                0x00000335   Thumb Code     0  libshutdown2.o(.ARM.Collect$$libshutdown$$00000003)
    __rt_lib_shutdown_user_alloc_1           0x00000335   Thumb Code     0  libshutdown2.o(.ARM.Collect$$libshutdown$$0000000B)
    __rt_entry                               0x00000337   Thumb Code     0  rtentry.o(.ARM.Collect$$rtentry$$00000000)
    __rt_entry_presh_1                       0x00000337   Thumb Code     0  rtentry2.o(.ARM.Collect$$rtentry$$00000002)
    __rt_entry_sh                            0x00000337   Thumb Code     0  rtentry4.o(.ARM.Collect$$rtentry$$00000004)
    __rt_entry_li                            0x0000033d   Thumb Code     0  rtentry2.o(.ARM.Collect$$rtentry$$0000000A)
    __rt_entry_postsh_1                      0x0000033d   Thumb Code     0  rtentry2.o(.ARM.Collect$$rtentry$$00000009)
    __rt_entry_main                          0x00000341   Thumb Code     0  rtentry2.o(.ARM.Collect$$rtentry$$0000000D)
    __rt_entry_postli_1                      0x00000341   Thumb Code     0  rtentry2.o(.ARM.Collect$$rtentry$$0000000C)
    __rt_exit                                0x00000349   Thumb Code     0  rtexit.o(.ARM.Collect$$rtexit$$00000000)
    __rt_exit_ls                             0x0000034b   Thumb Code     0  rtexit2.o(.ARM.Collect$$rtexit$$00000003)
    __rt_exit_prels_1                        0x0000034b   Thumb Code     0  rtexit2.o(.ARM.Collect$$rtexit$$00000002)
    __rt_exit_exit                           0x0000034f   Thumb Code     0  rtexit2.o(.ARM.Collect$$rtexit$$00000004)
    SysCtlDelay                              0x00000355   Thumb Code     6  sysctl.o(.emb_text)
    CPUcpsid                                 0x0000035d   Thumb Code     8  cpu.o(.emb_text)
    CPUprimask                               0x00000365   Thumb Code     6  cpu.o(.emb_text)
    CPUcpsie                                 0x0000036b   Thumb Code     8  cpu.o(.emb_text)
    CPUwfi                                   0x00000373   Thumb Code     4  cpu.o(.emb_text)
    CPUbasepriSet                            0x00000377   Thumb Code     6  cpu.o(.emb_text)
    CPUbasepriGet                            0x0000037d   Thumb Code     6  cpu.o(.emb_text)
    __user_initial_stackheap                 0x00000385   Thumb Code     0  startup_rvmdk.o(.text)
    __I$use$semihosting                      0x0000039d   Thumb Code     0  use_no_semi.o(.text)
    __use_no_semihosting_swi                 0x0000039d   Thumb Code     2  use_no_semi.o(.text)
    toupper                                  0x0000039f   Thumb Code    30  toupper.o(.text)
    __2printf                                0x000003bd   Thumb Code    20  noretval__2printf.o(.text)
    __printf                                 0x000003d5   Thumb Code   104  __printf.o(.text)
    _printf_str                              0x0000043d   Thumb Code    82  _printf_str.o(.text)
    _printf_int_dec                          0x00000491   Thumb Code   100  _printf_dec.o(.text)
    puts                                     0x00000505   Thumb Code    40  puts.o(.text)
    __use_two_region_memory                  0x00000531   Thumb Code     2  heapauxi.o(.text)
    __rt_heap_escrow$2region                 0x00000533   Thumb Code     2  heapauxi.o(.text)
    __rt_heap_expand$2region                 0x00000535   Thumb Code     2  heapauxi.o(.text)
    __rt_ctype_table                         0x00000539   Thumb Code    16  rt_ctype_table.o(.text)
    _printf_int_common                       0x00000549   Thumb Code   178  _printf_intcommon.o(.text)
    _printf_cs_common                        0x000005fb   Thumb Code    20  _printf_char.o(.text)
    _printf_char                             0x0000060f   Thumb Code    16  _printf_char.o(.text)
    _printf_string                           0x0000061f   Thumb Code     8  _printf_char.o(.text)
    _printf_char_file                        0x00000629   Thumb Code    32  _printf_char_file.o(.text)
    __rt_locale                              0x0000064d   Thumb Code     8  rt_locale_intlibspace.o(.text)
    _printf_char_common                      0x0000065f   Thumb Code    32  _printf_char_common.o(.text)
    __user_libspace                          0x00000685   Thumb Code     8  libspace.o(.text)
    __user_perproc_libspace                  0x00000685   Thumb Code     0  libspace.o(.text)
    __user_perthread_libspace                0x00000685   Thumb Code     0  libspace.o(.text)
    __user_setup_stackheap                   0x0000068d   Thumb Code    74  sys_stackheap_outer.o(.text)
    exit                                     0x000006d7   Thumb Code    12  exit.o(.text)
    strcmp                                   0x000006e5   Thumb Code   128  strcmpv7m.o(.text)
    ADC_MultiInit                            0x00000765   Thumb Code   170  admulti.o(i.ADC_MultiInit)
    ADC_MultiRead                            0x0000082d   Thumb Code    46  admulti.o(i.ADC_MultiRead)
    Brake                                    0x00000865   Thumb Code    48  dcmotorservice.o(i.Brake)
    CPUgetPRIMASK_cpsid                      0x000008a5   Thumb Code     8  es_port.o(i.CPUgetPRIMASK_cpsid)
    CPUsetPRIMASK                            0x000008ad   Thumb Code     6  es_port.o(i.CPUsetPRIMASK)
    Check4EncoderCount                       0x000008b5   Thumb Code    32  eventcheckers.o(i.Check4EncoderCount)
    Check4RaceStatusChange                   0x000008d9   Thumb Code    88  eventcheckers.o(i.Check4RaceStatusChange)
    ES_CheckUserEvents                       0x00000961   Thumb Code    34  es_checkevents.o(i.ES_CheckUserEvents)
    ES_DeQueue                               0x00000989   Thumb Code    80  es_queue.o(i.ES_DeQueue)
    ES_EnQueueFIFO                           0x000009dd   Thumb Code    66  es_queue.o(i.ES_EnQueueFIFO)
    ES_GetMSBitSet                           0x00000a25   Thumb Code    48  es_lookuptables.o(i.ES_GetMSBitSet)
    ES_InitQueue                             0x00000a59   Thumb Code    16  es_queue.o(i.ES_InitQueue)
    ES_Initialize                            0x00000a69   Thumb Code    72  es_framework.o(i.ES_Initialize)
    ES_PostToService                         0x00000ab5   Thumb Code    42  es_framework.o(i.ES_PostToService)
    ES_Run                                   0x00000aed   Thumb Code    84  es_framework.o(i.ES_Run)
    ES_Timer_Init                            0x00000b4d   Thumb Code     4  es_timers.o(i.ES_Timer_Init)
    ES_Timer_InitTimer                       0x00000b51   Thumb Code    44  es_timers.o(i.ES_Timer_InitTimer)
    ES_Timer_Tick_Resp                       0x00000b8d   Thumb Code    90  es_timers.o(i.ES_Timer_Tick_Resp)
    EnableIntSample                          0x00000bf9   Thumb Code    22  intsample.o(i.EnableIntSample)
    GPIODirModeSet                           0x00000c15   Thumb Code    40  gpio.o(i.GPIODirModeSet)
    GPIOPadConfigSet                         0x00000c3d   Thumb Code   314  gpio.o(i.GPIOPadConfigSet)
    GPIOPinConfigure                         0x00000d79   Thumb Code    64  gpio.o(i.GPIOPinConfigure)
    GPIOPinTypeGPIOInput                     0x00000dc1   Thumb Code    28  gpio.o(i.GPIOPinTypeGPIOInput)
    GPIOPinTypeUART                          0x00000ddd   Thumb Code    28  gpio.o(i.GPIOPinTypeUART)
    GetCommandLsb                            0x00000df9   Thumb Code     6  ssi.o(i.GetCommandLsb)
    GetCommandMsb                            0x00000e05   Thumb Code     6  ssi.o(i.GetCommandMsb)
    GetKartOrientation                       0x00000e49   Thumb Code     8  drssm.o(i.GetKartOrientation)
    GetKartPositionX                         0x00000e55   Thumb Code     8  drssm.o(i.GetKartPositionX)
    GetKartPositionY                         0x00000e61   Thumb Code     8  drssm.o(i.GetKartPositionY)
    GetLEncoderCount                         0x00000e6d   Thumb Code     6  inputcapture.o(i.GetLEncoderCount)
    GetLMotorPeriod                          0x00000e79   Thumb Code     6  inputcapture.o(i.GetLMotorPeriod)
    GetRMotorPeriod                          0x00000e85   Thumb Code     6  inputcapture.o(i.GetRMotorPeriod)
    GetRaceStatus                            0x00000e91   Thumb Code    12  drssm.o(i.GetRaceStatus)
    GetRemainingLaps                         0x00000ea1   Thumb Code    10  drssm.o(i.GetRemainingLaps)
    ISR_Beacon                               0x00000eb1   Thumb Code    20  inputcapture.o(i.ISR_Beacon)
    ISR_EndOfTransmit                        0x00000ecd   Thumb Code    68  ssi.o(i.ISR_EndOfTransmit)
    ISR_LeftEncoder                          0x00000f19   Thumb Code    26  inputcapture.o(i.ISR_LeftEncoder)
    ISR_PeriodicControl                      0x00000f3d   Thumb Code   284  intsample.o(i.ISR_PeriodicControl)
    ISR_RightEncoder                         0x00001071   Thumb Code    28  inputcapture.o(i.ISR_RightEncoder)
    InitAll                                  0x00001095   Thumb Code   244  init.o(i.InitAll)
    InitBeaconSensingService                 0x000011ad   Thumb Code    18  beaconsensingservice.o(i.InitBeaconSensingService)
    InitDrsSM                                0x000011c5   Thumb Code    18  drssm.o(i.InitDrsSM)
    InitInputCapture                         0x000011dd   Thumb Code   198  inputcapture.o(i.InitInputCapture)
    InitIntSample                            0x000012b5   Thumb Code   132  intsample.o(i.InitIntSample)
    InitKartSM                               0x00001359   Thumb Code    22  kartsm.o(i.InitKartSM)
    InitMapKeys                              0x000013f9   Thumb Code     8  mapkeys.o(i.InitMapKeys)
    InitMotorPWM                             0x00001405   Thumb Code   116  motorpwm.o(i.InitMotorPWM)
    InitSSI                                  0x00001489   Thumb Code   174  ssi.o(i.InitSSI)
    IntMasterEnable                          0x0000154d   Thumb Code    14  interrupt.o(i.IntMasterEnable)
    IsObstacleDone                           0x0000155d   Thumb Code    10  drssm.o(i.IsObstacleDone)
    IsTargetHit                              0x0000156d   Thumb Code     8  drssm.o(i.IsTargetHit)
    Move                                     0x00001579   Thumb Code    90  dcmotorservice.o(i.Move)
    PortFunctionInit                         0x000015e5   Thumb Code    88  enablepa25_pb23_pd7_pf0.o(i.PortFunctionInit)
    PostBeaconSensingService                 0x00001659   Thumb Code    10  beaconsensingservice.o(i.PostBeaconSensingService)
    PostDrsSM                                0x00001669   Thumb Code    10  drssm.o(i.PostDrsSM)
    PostKartSM                               0x00001679   Thumb Code    10  kartsm.o(i.PostKartSM)
    Rotate                                   0x00001689   Thumb Code    90  dcmotorservice.o(i.Rotate)
    RunBeaconSensingService                  0x000016f5   Thumb Code   112  beaconsensingservice.o(i.RunBeaconSensingService)
    RunDrsSM                                 0x00001785   Thumb Code   648  drssm.o(i.RunDrsSM)
    RunKartSM                                0x00001a55   Thumb Code    34  kartsm.o(i.RunKartSM)
    RunMapKeys                               0x00001a7d   Thumb Code    40  mapkeys.o(i.RunMapKeys)
    RunNavigatingSM                          0x00001aa5   Thumb Code   438  navigatingsm.o(i.RunNavigatingSM)
    RunRacingSM                              0x00001ce5   Thumb Code   246  racingsm.o(i.RunRacingSM)
    SendCommand                              0x00001de9   Thumb Code    30  ssi.o(i.SendCommand)
    SetEncoderGoal                           0x00001e0d   Thumb Code     6  eventcheckers.o(i.SetEncoderGoal)
    SetLEncoderCount                         0x00001e19   Thumb Code     6  inputcapture.o(i.SetLEncoderCount)
    SetLMotorDesRPM                          0x00001e25   Thumb Code     6  intsample.o(i.SetLMotorDesRPM)
    SetMotorPWMDuty                          0x00001e31   Thumb Code   126  motorpwm.o(i.SetMotorPWMDuty)
    SetRMotorDesRPM                          0x00001eb5   Thumb Code     6  intsample.o(i.SetRMotorDesRPM)
    StartKartSM                              0x00001ec1   Thumb Code    16  kartsm.o(i.StartKartSM)
    StartNavigatingSM                        0x00001ed5   Thumb Code    58  navigatingsm.o(i.StartNavigatingSM)
    StartRacingSM                            0x00001f19   Thumb Code    16  racingsm.o(i.StartRacingSM)
    SysCtlClockSet                           0x00001f2d   Thumb Code   270  sysctl.o(i.SysCtlClockSet)
    SysCtlPeripheralEnable                   0x0000204d   Thumb Code    36  sysctl.o(i.SysCtlPeripheralEnable)
    SysTickEnable                            0x00002075   Thumb Code    14  systick.o(i.SysTickEnable)
    SysTickIntEnable                         0x00002083   Thumb Code    14  systick.o(i.SysTickIntEnable)
    SysTickIntHandler                        0x00002091   Thumb Code    16  es_port.o(i.SysTickIntHandler)
    SysTickPeriodSet                         0x000020a5   Thumb Code    10  systick.o(i.SysTickPeriodSet)
    TERMIO_Init                              0x000020b1   Thumb Code    62  termio.o(i.TERMIO_Init)
    TERMIO_PutChar                           0x00002101   Thumb Code     8  termio.o(i.TERMIO_PutChar)
    UARTCharPut                              0x0000210d   Thumb Code    12  uart.o(i.UARTCharPut)
    UARTClockSourceSet                       0x00002119   Thumb Code     6  uart.o(i.UARTClockSourceSet)
    UARTStdioConfig                          0x00002121   Thumb Code    82  uartstdio.o(i.UARTStdioConfig)
    _HW_Process_Pending_Ints                 0x0000217d   Thumb Code    26  es_port.o(i._HW_Process_Pending_Ints)
    _HW_Timer_Init                           0x0000219d   Thumb Code    22  es_port.o(i._HW_Timer_Init)
    _sys_exit                                0x000021b3   Thumb Code     2  retarget.o(i._sys_exit)
    ferror                                   0x000021b5   Thumb Code     6  retarget.o(i.ferror)
    fputc                                    0x000021bb   Thumb Code    14  retarget.o(i.fputc)
    main                                     0x000021c9   Thumb Code    78  kartmain.o(i.main)
    _get_lc_ctype                            0x000022b9   Thumb Code    44  lc_ctype_c.o(locale$$code)
    _fp_init                                 0x000022e5   Thumb Code    10  fpinit.o(x$fpl$fpinit)
    __fplib_config_fpu_vfp                   0x000022ed   Thumb Code     0  fpinit.o(x$fpl$fpinit)
    __fplib_config_pureend_doubles           0x000022ed   Thumb Code     0  fpinit.o(x$fpl$fpinit)
    BitNum2SetMask                           0x00002370   Data          32  es_lookuptables.o(.constdata)
    Nybble2MSBitNum                          0x00002390   Data          15  es_lookuptables.o(.constdata)
    Region$$Table$$Base                      0x000026b0   Number         0  anon$$obj.o(Region$$Table)
    Region$$Table$$Limit                     0x000026d0   Number         0  anon$$obj.o(Region$$Table)
    __ctype                                  0x000026dd   Data           0  lc_ctype_c.o(locale$$data)
    MyKartNum                                0x2000000a   Data           1  init.o(.data)
    Ready                                    0x2000009c   Data           2  es_framework.o(.data)
    _PRIMASK_temp                            0x200000a8   Data           4  es_queue.o(.data)
    __stdout                                 0x200000b8   Data           4  retarget.o(.data)
    __libspace_start                         0x20000120   Data          96  libspace.o(.bss)
    __temporary_stack_top$libspace           0x20000180   Data           0  libspace.o(.bss)



==============================================================================

Memory Map of the image

  Image Entry point : 0x0000026d

  Load Region LR_IROM1 (Base: 0x00000000, Size: 0x000028a4, Max: 0x00040000, ABSOLUTE)

    Execution Region ER_IROM1 (Base: 0x00000000, Size: 0x000027e0, Max: 0x00040000, ABSOLUTE)

    Base Addr    Size         Type   Attr      Idx    E Section Name        Object

    0x00000000   0x00000288   Code   RO          716  * RESET               startup_rvmdk.o
    0x00000288   0x00000008   Code   RO         2328  * !!!main             c_w.l(__main.o)
    0x00000290   0x00000034   Code   RO         2499    !!!scatter          c_w.l(__scatter.o)
    0x000002c4   0x0000001a   Code   RO         2501    !!handler_copy      c_w.l(__scatter_copy.o)
    0x000002de   0x00000002   PAD
    0x000002e0   0x0000001c   Code   RO         2503    !!handler_zi        c_w.l(__scatter_zi.o)
    0x000002fc   0x00000000   Code   RO         2321    .ARM.Collect$$_printf_percent$$00000000  c_w.l(_printf_percent.o)
    0x000002fc   0x00000006   Code   RO         2318    .ARM.Collect$$_printf_percent$$00000008  c_w.l(_printf_i.o)
    0x00000302   0x00000006   Code   RO         2319    .ARM.Collect$$_printf_percent$$00000009  c_w.l(_printf_d.o)
    0x00000308   0x00000006   Code   RO         2320    .ARM.Collect$$_printf_percent$$0000000A  c_w.l(_printf_u.o)
    0x0000030e   0x00000006   Code   RO         2317    .ARM.Collect$$_printf_percent$$00000014  c_w.l(_printf_s.o)
    0x00000314   0x00000004   Code   RO         2339    .ARM.Collect$$_printf_percent$$00000017  c_w.l(_printf_percent_end.o)
    0x00000318   0x00000002   Code   RO         2381    .ARM.Collect$$libinit$$00000000  c_w.l(libinit.o)
    0x0000031a   0x00000004   Code   RO         2382    .ARM.Collect$$libinit$$00000001  c_w.l(libinit2.o)
    0x0000031e   0x00000000   Code   RO         2386    .ARM.Collect$$libinit$$00000008  c_w.l(libinit2.o)
    0x0000031e   0x00000000   Code   RO         2388    .ARM.Collect$$libinit$$0000000A  c_w.l(libinit2.o)
    0x0000031e   0x00000000   Code   RO         2390    .ARM.Collect$$libinit$$0000000C  c_w.l(libinit2.o)
    0x0000031e   0x00000006   Code   RO         2391    .ARM.Collect$$libinit$$0000000D  c_w.l(libinit2.o)
    0x00000324   0x00000000   Code   RO         2393    .ARM.Collect$$libinit$$0000000F  c_w.l(libinit2.o)
    0x00000324   0x0000000c   Code   RO         2394    .ARM.Collect$$libinit$$00000010  c_w.l(libinit2.o)
    0x00000330   0x00000000   Code   RO         2395    .ARM.Collect$$libinit$$00000011  c_w.l(libinit2.o)
    0x00000330   0x00000000   Code   RO         2397    .ARM.Collect$$libinit$$00000013  c_w.l(libinit2.o)
    0x00000330   0x00000000   Code   RO         2399    .ARM.Collect$$libinit$$00000015  c_w.l(libinit2.o)
    0x00000330   0x00000000   Code   RO         2401    .ARM.Collect$$libinit$$00000017  c_w.l(libinit2.o)
    0x00000330   0x00000000   Code   RO         2403    .ARM.Collect$$libinit$$00000019  c_w.l(libinit2.o)
    0x00000330   0x00000000   Code   RO         2405    .ARM.Collect$$libinit$$0000001B  c_w.l(libinit2.o)
    0x00000330   0x00000000   Code   RO         2407    .ARM.Collect$$libinit$$0000001D  c_w.l(libinit2.o)
    0x00000330   0x00000000   Code   RO         2409    .ARM.Collect$$libinit$$0000001F  c_w.l(libinit2.o)
    0x00000330   0x00000000   Code   RO         2411    .ARM.Collect$$libinit$$00000021  c_w.l(libinit2.o)
    0x00000330   0x00000000   Code   RO         2413    .ARM.Collect$$libinit$$00000023  c_w.l(libinit2.o)
    0x00000330   0x00000000   Code   RO         2417    .ARM.Collect$$libinit$$0000002A  c_w.l(libinit2.o)
    0x00000330   0x00000000   Code   RO         2419    .ARM.Collect$$libinit$$0000002C  c_w.l(libinit2.o)
    0x00000330   0x00000000   Code   RO         2421    .ARM.Collect$$libinit$$0000002E  c_w.l(libinit2.o)
    0x00000330   0x00000000   Code   RO         2423    .ARM.Collect$$libinit$$00000030  c_w.l(libinit2.o)
    0x00000330   0x00000002   Code   RO         2424    .ARM.Collect$$libinit$$00000031  c_w.l(libinit2.o)
    0x00000332   0x00000002   Code   RO         2452    .ARM.Collect$$libshutdown$$00000000  c_w.l(libshutdown.o)
    0x00000334   0x00000000   Code   RO         2462    .ARM.Collect$$libshutdown$$00000003  c_w.l(libshutdown2.o)
    0x00000334   0x00000000   Code   RO         2465    .ARM.Collect$$libshutdown$$00000006  c_w.l(libshutdown2.o)
    0x00000334   0x00000000   Code   RO         2468    .ARM.Collect$$libshutdown$$00000009  c_w.l(libshutdown2.o)
    0x00000334   0x00000000   Code   RO         2470    .ARM.Collect$$libshutdown$$0000000B  c_w.l(libshutdown2.o)
    0x00000334   0x00000000   Code   RO         2473    .ARM.Collect$$libshutdown$$0000000E  c_w.l(libshutdown2.o)
    0x00000334   0x00000002   Code   RO         2474    .ARM.Collect$$libshutdown$$0000000F  c_w.l(libshutdown2.o)
    0x00000336   0x00000000   Code   RO         2330    .ARM.Collect$$rtentry$$00000000  c_w.l(rtentry.o)
    0x00000336   0x00000000   Code   RO         2341    .ARM.Collect$$rtentry$$00000002  c_w.l(rtentry2.o)
    0x00000336   0x00000006   Code   RO         2353    .ARM.Collect$$rtentry$$00000004  c_w.l(rtentry4.o)
    0x0000033c   0x00000000   Code   RO         2343    .ARM.Collect$$rtentry$$00000009  c_w.l(rtentry2.o)
    0x0000033c   0x00000004   Code   RO         2344    .ARM.Collect$$rtentry$$0000000A  c_w.l(rtentry2.o)
    0x00000340   0x00000000   Code   RO         2346    .ARM.Collect$$rtentry$$0000000C  c_w.l(rtentry2.o)
    0x00000340   0x00000008   Code   RO         2347    .ARM.Collect$$rtentry$$0000000D  c_w.l(rtentry2.o)
    0x00000348   0x00000002   Code   RO         2425    .ARM.Collect$$rtexit$$00000000  c_w.l(rtexit.o)
    0x0000034a   0x00000000   Code   RO         2432    .ARM.Collect$$rtexit$$00000002  c_w.l(rtexit2.o)
    0x0000034a   0x00000004   Code   RO         2433    .ARM.Collect$$rtexit$$00000003  c_w.l(rtexit2.o)
    0x0000034e   0x00000006   Code   RO         2434    .ARM.Collect$$rtexit$$00000004  c_w.l(rtexit2.o)
    0x00000354   0x00000006   Code   RO         1577    .emb_text           driverlib.lib(sysctl.o)
    0x0000035a   0x00000002   PAD
    0x0000035c   0x00000026   Code   RO         2271    .emb_text           driverlib.lib(cpu.o)
    0x00000382   0x00000002   PAD
    0x00000384   0x00000018   Code   RO          717    .text               startup_rvmdk.o
    0x0000039c   0x00000002   Code   RO         2283    .text               c_w.l(use_no_semi.o)
    0x0000039e   0x0000001e   Code   RO         2285    .text               c_w.l(toupper.o)
    0x000003bc   0x00000018   Code   RO         2289    .text               c_w.l(noretval__2printf.o)
    0x000003d4   0x00000068   Code   RO         2291    .text               c_w.l(__printf.o)
    0x0000043c   0x00000052   Code   RO         2293    .text               c_w.l(_printf_str.o)
    0x0000048e   0x00000002   PAD
    0x00000490   0x00000074   Code   RO         2295    .text               c_w.l(_printf_dec.o)
    0x00000504   0x0000002c   Code   RO         2324    .text               c_w.l(puts.o)
    0x00000530   0x00000006   Code   RO         2326    .text               c_w.l(heapauxi.o)
    0x00000536   0x00000002   PAD
    0x00000538   0x00000010   Code   RO         2331    .text               c_w.l(rt_ctype_table.o)
    0x00000548   0x000000b2   Code   RO         2333    .text               c_w.l(_printf_intcommon.o)
    0x000005fa   0x0000002c   Code   RO         2335    .text               c_w.l(_printf_char.o)
    0x00000626   0x00000002   PAD
    0x00000628   0x00000024   Code   RO         2337    .text               c_w.l(_printf_char_file.o)
    0x0000064c   0x00000008   Code   RO         2358    .text               c_w.l(rt_locale_intlibspace.o)
    0x00000654   0x00000030   Code   RO         2360    .text               c_w.l(_printf_char_common.o)
    0x00000684   0x00000008   Code   RO         2365    .text               c_w.l(libspace.o)
    0x0000068c   0x0000004a   Code   RO         2368    .text               c_w.l(sys_stackheap_outer.o)
    0x000006d6   0x0000000c   Code   RO         2372    .text               c_w.l(exit.o)
    0x000006e2   0x00000002   PAD
    0x000006e4   0x00000080   Code   RO         2374    .text               c_w.l(strcmpv7m.o)
    0x00000764   0x000000c8   Code   RO          175    i.ADC_MultiInit     admulti.o
    0x0000082c   0x00000038   Code   RO          176    i.ADC_MultiRead     admulti.o
    0x00000864   0x00000040   Code   RO          571    i.Brake             dcmotorservice.o
    0x000008a4   0x00000008   Code   RO          854    i.CPUgetPRIMASK_cpsid  es_port.o
    0x000008ac   0x00000006   Code   RO          860    i.CPUsetPRIMASK     es_port.o
    0x000008b2   0x00000002   PAD
    0x000008b4   0x00000024   Code   RO           93    i.Check4EncoderCount  eventcheckers.o
    0x000008d8   0x00000088   Code   RO           95    i.Check4RaceStatusChange  eventcheckers.o
    0x00000960   0x00000028   Code   RO          723    i.ES_CheckUserEvents  es_checkevents.o
    0x00000988   0x00000054   Code   RO          893    i.ES_DeQueue        es_queue.o
    0x000009dc   0x00000048   Code   RO          894    i.ES_EnQueueFIFO    es_queue.o
    0x00000a24   0x00000034   Code   RO          803    i.ES_GetMSBitSet    es_lookuptables.o
    0x00000a58   0x00000010   Code   RO          896    i.ES_InitQueue      es_queue.o
    0x00000a68   0x0000004c   Code   RO          755    i.ES_Initialize     es_framework.o
    0x00000ab4   0x00000038   Code   RO          757    i.ES_PostToService  es_framework.o
    0x00000aec   0x00000060   Code   RO          759    i.ES_Run            es_framework.o
    0x00000b4c   0x00000004   Code   RO          936    i.ES_Timer_Init     es_timers.o
    0x00000b50   0x0000003c   Code   RO          937    i.ES_Timer_InitTimer  es_timers.o
    0x00000b8c   0x0000006c   Code   RO          941    i.ES_Timer_Tick_Resp  es_timers.o
    0x00000bf8   0x0000001c   Code   RO          500    i.EnableIntSample   intsample.o
    0x00000c14   0x00000028   Code   RO         1140    i.GPIODirModeSet    driverlib.lib(gpio.o)
    0x00000c3c   0x0000013a   Code   RO         1150    i.GPIOPadConfigSet  driverlib.lib(gpio.o)
    0x00000d76   0x00000002   PAD
    0x00000d78   0x00000048   Code   RO         1151    i.GPIOPinConfigure  driverlib.lib(gpio.o)
    0x00000dc0   0x0000001c   Code   RO         1160    i.GPIOPinTypeGPIOInput  driverlib.lib(gpio.o)
    0x00000ddc   0x0000001c   Code   RO         1176    i.GPIOPinTypeUART   driverlib.lib(gpio.o)
    0x00000df8   0x0000000c   Code   RO          258    i.GetCommandLsb     ssi.o
    0x00000e04   0x0000000c   Code   RO          259    i.GetCommandMsb     ssi.o
    0x00000e10   0x00000038   Code   RO          598    i.GetDesOrientation  navigatingsm.o
    0x00000e48   0x0000000c   Code   RO          302    i.GetKartOrientation  drssm.o
    0x00000e54   0x0000000c   Code   RO          303    i.GetKartPositionX  drssm.o
    0x00000e60   0x0000000c   Code   RO          304    i.GetKartPositionY  drssm.o
    0x00000e6c   0x0000000c   Code   RO          420    i.GetLEncoderCount  inputcapture.o
    0x00000e78   0x0000000c   Code   RO          421    i.GetLMotorPeriod   inputcapture.o
    0x00000e84   0x0000000c   Code   RO          423    i.GetRMotorPeriod   inputcapture.o
    0x00000e90   0x00000010   Code   RO          305    i.GetRaceStatus     drssm.o
    0x00000ea0   0x00000010   Code   RO          306    i.GetRemainingLaps  drssm.o
    0x00000eb0   0x0000001c   Code   RO          424    i.ISR_Beacon        inputcapture.o
    0x00000ecc   0x0000004c   Code   RO          260    i.ISR_EndOfTransmit  ssi.o
    0x00000f18   0x00000024   Code   RO          425    i.ISR_LeftEncoder   inputcapture.o
    0x00000f3c   0x00000134   Code   RO          501    i.ISR_PeriodicControl  intsample.o
    0x00001070   0x00000024   Code   RO          426    i.ISR_RightEncoder  inputcapture.o
    0x00001094   0x00000118   Code   RO          202    i.InitAll           init.o
    0x000011ac   0x00000018   Code   RO          646    i.InitBeaconSensingService  beaconsensingservice.o
    0x000011c4   0x00000018   Code   RO          307    i.InitDrsSM         drssm.o
    0x000011dc   0x000000d8   Code   RO          427    i.InitInputCapture  inputcapture.o
    0x000012b4   0x000000a4   Code   RO          502    i.InitIntSample     intsample.o
    0x00001358   0x0000001c   Code   RO          377    i.InitKartSM        kartsm.o
    0x00001374   0x00000084   Code   RO          203    i.InitLocomotionPins  init.o
    0x000013f8   0x0000000c   Code   RO          146    i.InitMapKeys       mapkeys.o
    0x00001404   0x00000084   Code   RO          237    i.InitMotorPWM      motorpwm.o
    0x00001488   0x000000c4   Code   RO          261    i.InitSSI           ssi.o
    0x0000154c   0x0000000e   Code   RO         1465    i.IntMasterEnable   driverlib.lib(interrupt.o)
    0x0000155a   0x00000002   PAD
    0x0000155c   0x00000010   Code   RO          308    i.IsObstacleDone    drssm.o
    0x0000156c   0x0000000c   Code   RO          309    i.IsTargetHit       drssm.o
    0x00001578   0x0000006c   Code   RO          572    i.Move              dcmotorservice.o
    0x000015e4   0x00000074   Code   RO          630    i.PortFunctionInit  enablepa25_pb23_pd7_pf0.o
    0x00001658   0x00000010   Code   RO          647    i.PostBeaconSensingService  beaconsensingservice.o
    0x00001668   0x00000010   Code   RO          310    i.PostDrsSM         drssm.o
    0x00001678   0x00000010   Code   RO          378    i.PostKartSM        kartsm.o
    0x00001688   0x0000006c   Code   RO          573    i.Rotate            dcmotorservice.o
    0x000016f4   0x00000090   Code   RO          649    i.RunBeaconSensingService  beaconsensingservice.o
    0x00001784   0x000002d0   Code   RO          312    i.RunDrsSM          drssm.o
    0x00001a54   0x00000028   Code   RO          380    i.RunKartSM         kartsm.o
    0x00001a7c   0x00000028   Code   RO          148    i.RunMapKeys        mapkeys.o
    0x00001aa4   0x00000240   Code   RO          600    i.RunNavigatingSM   navigatingsm.o
    0x00001ce4   0x00000104   Code   RO          539    i.RunRacingSM       racingsm.o
    0x00001de8   0x00000024   Code   RO          262    i.SendCommand       ssi.o
    0x00001e0c   0x0000000c   Code   RO           96    i.SetEncoderGoal    eventcheckers.o
    0x00001e18   0x0000000c   Code   RO          428    i.SetLEncoderCount  inputcapture.o
    0x00001e24   0x0000000c   Code   RO          503    i.SetLMotorDesRPM   intsample.o
    0x00001e30   0x00000084   Code   RO          238    i.SetMotorPWMDuty   motorpwm.o
    0x00001eb4   0x0000000c   Code   RO          504    i.SetRMotorDesRPM   intsample.o
    0x00001ec0   0x00000014   Code   RO          381    i.StartKartSM       kartsm.o
    0x00001ed4   0x00000044   Code   RO          601    i.StartNavigatingSM  navigatingsm.o
    0x00001f18   0x00000014   Code   RO          540    i.StartRacingSM     racingsm.o
    0x00001f2c   0x00000120   Code   RO         1582    i.SysCtlClockSet    driverlib.lib(sysctl.o)
    0x0000204c   0x00000028   Code   RO         1611    i.SysCtlPeripheralEnable  driverlib.lib(sysctl.o)
    0x00002074   0x0000000e   Code   RO         1920    i.SysTickEnable     driverlib.lib(systick.o)
    0x00002082   0x0000000e   Code   RO         1922    i.SysTickIntEnable  driverlib.lib(systick.o)
    0x00002090   0x00000014   Code   RO          820    i.SysTickIntHandler  es_port.o
    0x000020a4   0x0000000a   Code   RO         1926    i.SysTickPeriodSet  driverlib.lib(systick.o)
    0x000020ae   0x00000002   PAD
    0x000020b0   0x00000050   Code   RO         1038    i.TERMIO_Init       termio.o
    0x00002100   0x0000000c   Code   RO         1039    i.TERMIO_PutChar    termio.o
    0x0000210c   0x0000000c   Code   RO         1990    i.UARTCharPut       driverlib.lib(uart.o)
    0x00002118   0x00000006   Code   RO         1994    i.UARTClockSourceSet  driverlib.lib(uart.o)
    0x0000211e   0x00000002   PAD
    0x00002120   0x0000005c   Code   RO         1080    i.UARTStdioConfig   uartstdio.o
    0x0000217c   0x00000020   Code   RO          822    i._HW_Process_Pending_Ints  es_port.o
    0x0000219c   0x00000016   Code   RO          823    i._HW_Timer_Init    es_port.o
    0x000021b2   0x00000002   Code   RO          987    i._sys_exit         retarget.o
    0x000021b4   0x00000006   Code   RO          989    i.ferror            retarget.o
    0x000021ba   0x0000000e   Code   RO          991    i.fputc             retarget.o
    0x000021c8   0x000000f0   Code   RO            1    i.main              kartmain.o
    0x000022b8   0x0000002c   Code   RO         2363    locale$$code        c_w.l(lc_ctype_c.o)
    0x000022e4   0x0000000a   Code   RO         2429    x$fpl$fpinit        fz_wm.l(fpinit.o)
    0x000022ee   0x00000002   PAD
    0x000022f0   0x00000030   Data   RO          177    .constdata          admulti.o
    0x00002320   0x00000004   Data   RO          541    .constdata          racingsm.o
    0x00002324   0x00000004   Data   RO          602    .constdata          navigatingsm.o
    0x00002328   0x00000008   Data   RO          724    .constdata          es_checkevents.o
    0x00002330   0x00000040   Data   RO          764    .constdata          es_framework.o
    0x00002370   0x00000020   Data   RO          804    .constdata          es_lookuptables.o
    0x00002390   0x0000000f   Data   RO          805    .constdata          es_lookuptables.o
    0x0000239f   0x00000001   PAD
    0x000023a0   0x00000040   Data   RO          943    .constdata          es_timers.o
    0x000023e0   0x0000001c   Data   RO         1086    .constdata          uartstdio.o
    0x000023fc   0x00000210   Data   RO         1183    .constdata          driverlib.lib(gpio.o)
    0x0000260c   0x00000043   Data   RO          313    .conststring        drssm.o
    0x0000264f   0x00000001   PAD
    0x00002650   0x00000049   Data   RO          650    .conststring        beaconsensingservice.o
    0x00002699   0x00000003   PAD
    0x0000269c   0x00000011   Data   RO         1087    .conststring        uartstdio.o
    0x000026ad   0x00000003   PAD
    0x000026b0   0x00000020   Data   RO         2497    Region$$Table       anon$$obj.o
    0x000026d0   0x00000110   Data   RO         2362    locale$$data        c_w.l(lc_ctype_c.o)


    Execution Region RW_IRAM1 (Base: 0x20000000, Size: 0x00000980, Max: 0x00008000, ABSOLUTE)

    Base Addr    Size         Type   Attr      Idx    E Section Name        Object

    0x20000000   0x00000008   Data   RW           97    .data               eventcheckers.o
    0x20000008   0x00000001   Data   RW          149    .data               mapkeys.o
    0x20000009   0x00000001   Data   RW          178    .data               admulti.o
    0x2000000a   0x00000001   Data   RW          204    .data               init.o
    0x2000000b   0x00000001   PAD
    0x2000000c   0x00000008   Data   RW          263    .data               ssi.o
    0x20000014   0x00000020   Data   RW          314    .data               drssm.o
    0x20000034   0x00000002   Data   RW          383    .data               kartsm.o
    0x20000036   0x00000002   PAD
    0x20000038   0x00000020   Data   RW          430    .data               inputcapture.o
    0x20000058   0x00000030   Data   RW          505    .data               intsample.o
    0x20000088   0x00000001   Data   RW          542    .data               racingsm.o
    0x20000089   0x00000001   PAD
    0x2000008a   0x00000008   Data   RW          603    .data               navigatingsm.o
    0x20000092   0x00000002   PAD
    0x20000094   0x00000008   Data   RW          651    .data               beaconsensingservice.o
    0x2000009c   0x00000006   Data   RW          765    .data               es_framework.o
    0x200000a2   0x00000004   Data   RW          824    .data               es_port.o
    0x200000a6   0x00000002   PAD
    0x200000a8   0x00000004   Data   RW          898    .data               es_queue.o
    0x200000ac   0x0000000a   Data   RW          944    .data               es_timers.o
    0x200000b6   0x00000002   PAD
    0x200000b8   0x00000004   Data   RW          992    .data               retarget.o
    0x200000bc   0x00000008   Data   RW         1088    .data               uartstdio.o
    0x200000c4   0x0000000c   Zero   RW          760    .bss                es_framework.o
    0x200000d0   0x00000010   Zero   RW          761    .bss                es_framework.o
    0x200000e0   0x00000010   Zero   RW          762    .bss                es_framework.o
    0x200000f0   0x00000010   Zero   RW          763    .bss                es_framework.o
    0x20000100   0x00000020   Zero   RW          942    .bss                es_timers.o
    0x20000120   0x00000060   Zero   RW         2366    .bss                c_w.l(libspace.o)
    0x20000180   0x00000000   Zero   RW          715    HEAP                startup_rvmdk.o
    0x20000180   0x00000800   Zero   RW          714    STACK               startup_rvmdk.o


==============================================================================

Image component sizes


      Code (inc. data)   RO Data    RW Data    ZI Data      Debug   Object Name

       256         40         48          1          0       1852   admulti.o
       184         44         73          8          0       2100   beaconsensingservice.o
       280         52          0          0          0       1580   dcmotorservice.o
       856        122         67         32          0       6972   drssm.o
       116         28          0          0          0        563   enablepa25_pb23_pd7_pf0.o
        40          6          8          0          0       1153   es_checkevents.o
       228         30         64          6         60       2912   es_framework.o
        52          4         47          0          0       1258   es_lookuptables.o
        88         10          0          4          0       3510   es_port.o
       172         10          0          4          0       2393   es_queue.o
       172         34         64         10         32       2354   es_timers.o
       184         58          0          8          0       3043   eventcheckers.o
       412         58          0          1          0       1882   init.o
       364         68          0         32          0       4831   inputcapture.o
       524         74          0         48          0       4004   intsample.o
       240        162          0          0          0       9587   kartmain.o
       104         22          0          2          0       3288   kartsm.o
        52          4          0          1          0       1203   mapkeys.o
       264         22          0          0          0       1145   motorpwm.o
       700        152          4          8          0       3222   navigatingsm.o
       280         18          4          1          0       2550   racingsm.o
        22          0          0          4          0       3143   retarget.o
       332         48          0          8          0       2692   ssi.o
       672        636          0          0       2048        532   startup_rvmdk.o
        92         22          0          0          0        955   termio.o
        92         10         45          8          0       2181   uartstdio.o

    ----------------------------------------------------------------------
      6780       1734        464        196       2140      70905   Object Totals
         0          0         32          0          0          0   (incl. Generated)
         2          0          8         10          0          0   (incl. Padding)

    ----------------------------------------------------------------------

      Code (inc. data)   RO Data    RW Data    ZI Data      Debug   Library Member Name

         8          0          0          0          0         68   __main.o
       104          0          0          0          0         84   __printf.o
        52          8          0          0          0          0   __scatter.o
        26          0          0          0          0          0   __scatter_copy.o
        28          0          0          0          0          0   __scatter_zi.o
        44          0          0          0          0        108   _printf_char.o
        48          6          0          0          0         96   _printf_char_common.o
        36          4          0          0          0         80   _printf_char_file.o
         6          0          0          0          0          0   _printf_d.o
       116         16          0          0          0         92   _printf_dec.o
         6          0          0          0          0          0   _printf_i.o
       178          0          0          0          0         88   _printf_intcommon.o
         0          0          0          0          0          0   _printf_percent.o
         4          0          0          0          0          0   _printf_percent_end.o
         6          0          0          0          0          0   _printf_s.o
        82          0          0          0          0         80   _printf_str.o
         6          0          0          0          0          0   _printf_u.o
        12          0          0          0          0         72   exit.o
         6          0          0          0          0        152   heapauxi.o
        44         10        272          0          0         76   lc_ctype_c.o
         2          0          0          0          0          0   libinit.o
        24          0          0          0          0          0   libinit2.o
         2          0          0          0          0          0   libshutdown.o
         2          0          0          0          0          0   libshutdown2.o
         8          4          0          0         96         68   libspace.o
        24          4          0          0          0         84   noretval__2printf.o
        44          4          0          0          0         84   puts.o
        16          4          0          0          0         76   rt_ctype_table.o
         8          4          0          0          0         68   rt_locale_intlibspace.o
         0          0          0          0          0          0   rtentry.o
        12          0          0          0          0          0   rtentry2.o
         6          0          0          0          0          0   rtentry4.o
         2          0          0          0          0          0   rtexit.o
        10          0          0          0          0          0   rtexit2.o
       128          0          0          0          0         68   strcmpv7m.o
        74          0          0          0          0         80   sys_stackheap_outer.o
        30          0          0          0          0         76   toupper.o
         2          0          0          0          0         68   use_no_semi.o
        38          0          0          0          0        504   cpu.o
       482          8        528          0          0       6412   gpio.o
        14          0          0          0          0        450   interrupt.o
       334         22          0          0          0       1550   sysctl.o
        38          0          0          0          0       1218   systick.o
        18          0          0          0          0        867   uart.o
        10          0          0          0          0        116   fpinit.o

    ----------------------------------------------------------------------
      2164         94        800          0         96      12785   Library Totals
        24          0          0          0          0          0   (incl. Padding)

    ----------------------------------------------------------------------

      Code (inc. data)   RO Data    RW Data    ZI Data      Debug   Library Name

      1206         64        272          0         96       1668   c_w.l
       924         30        528          0          0      11001   driverlib.lib
        10          0          0          0          0        116   fz_wm.l

    ----------------------------------------------------------------------
      2164         94        800          0         96      12785   Library Totals

    ----------------------------------------------------------------------

==============================================================================


      Code (inc. data)   RO Data    RW Data    ZI Data      Debug   

      8944       1828       1264        196       2236      74258   Grand Totals
      8944       1828       1264        196       2236      74258   ELF Image Totals
      8944       1828       1264        196          0          0   ROM Totals

==============================================================================

    Total RO  Size (Code + RO Data)                10208 (   9.97kB)
    Total RW  Size (RW Data + ZI Data)              2432 (   2.38kB)
    Total ROM Size (Code + RO Data + RW Data)      10404 (  10.16kB)

==============================================================================

