<html>
<body>
<pre>
<h1>µVision Build Log</h1>
<h2>Project:</h2>
U:\_218bTeams\Team10\Lab8\Software\Droid.uvprojx
Project File Date:  02/06/2015

<h2>Output:</h2>
Build target 'BaseFrameworkTarget'
compiling DCMotorSM.c...
.\Headers\DCMotorSM.h(21): warning:  #1-D: last line of file ends without a newline
  #endif
.\Headers\PWM.h(14): warning:  #1-D: last line of file ends without a newline
  #endif
.\Headers\SSI.h(15): warning:  #1-D: last line of file ends without a newline
  #endif
.\Headers\InputCapture.h(12): warning:  #1-D: last line of file ends without a newline
  #endif
Source\DCMotorSM.c(371): warning:  #1-D: last line of file ends without a newline
  }
Source\DCMotorSM.c: 5 warnings, 0 errors
linking...
Program Size: Code=5860 RO-data=744 RW-data=64 ZI-data=2200  
After Build - User command #1: fromelf --bin --output .\Outputs\BaseTarget.bin .\Outputs\BaseTarget.axf
".\Outputs\BaseTarget.axf" - 0 Error(s), 5 Warning(s).
Load "U:\\_218bTeams\\Team10\\Lab8\\Software\\Outputs\\BaseTarget.axf" 
Connecting: Mode=JTAG, Speed=1000000Hz
Erase Done.
Programming Done.
Verify OK.

Connecting: Mode=JTAG, Speed=1000000Hz
Erase Done.
Programming Done.
Verify OK.
14): warning:  #1-D: last line of file ends without a newline
  #endif
Source\InputCapture.c: 2 warnings, 0 errors
compiling SSI.c...
.\Headers\SSI.h(15): warning:  #1-D: last line of file ends without a newline
  #endif
Source\SSI.c(100): warning:  #1-D: last line of file ends without a newline
  }
Source\SSI.c: 2 warnings, 0 errors
compiling DCMotorSM.c...
.\Headers\DCMotorSM.h(21): warning:  #1-D: last line of file ends without a newline
  #endif
.\Headers\PWM.h(14): warning:  #1-D: last line of file ends without a newline
  #endif
.\Headers\SSI.h(15): warning:  #1-D: last line of file ends without a newline
  #endif
.\Headers\InputCapture.h(12): warning:  #1-D: last line of file ends without a newline
  #endif
Source\DCMotorSM.c(369): warning:  #1-D: last line of file ends without a newline
  }
Source\DCMotorSM.c: 5 warnings, 0 errors
assembling startup_rvmdk.S...
compiling ES_CheckEvents.c...
compiling ES_DeferRecall.c...
compiling ES_Framework.c...
.\Headers\DCMotorSM.h(21): warning:  #1-D: last line of file ends without a newline
  #endif
Source\ES_Framework.c: 1 warning, 0 errors
compiling ES_LookupTables.c...
compiling ES_Port.c...
compiling ES_PostList.c...
.\Headers\DCMotorSM.h(21): warning:  #1-D: last line of file ends without a newline
  #endif
Source\ES_PostList.c(27): warning:  #177-D: function "PostToList" was declared but never referenced
  static bool PostToList(  PostFunc_t *const*FuncList, uint8_t ListSize, ES_Event NewEvent);
Source\ES_PostList.c: 2 warnings, 0 errors
compiling ES_Queue.c...
compiling ES_Timers.c...
.\Headers\DCMotorSM.h(21): warning:  #1-D: last line of file ends without a newline
  #endif
Source\ES_Timers.c: 1 warning, 0 errors
compiling retarget.c...
compiling termio.c...
compiling uartstdio.c...
linking...
Program Size: Code=5860 RO-data=744 RW-data=64 ZI-data=2200  
After Build - User command #1: fromelf --bin --output .\Outputs\BaseTarget.bin .\Outputs\BaseTarget.axf
".\Outputs\BaseTarget.axf" - 0 Error(s), 20 Warning(s).
Load "U:\\_218bTeams\\Team10\\Lab8\\Software\\Outputs\\BaseTarget.axf" 
Connecting: Mode=JTAG, Speed=1000000Hz
Erase Done.
Programming Done.
Verify OK.
